Archive member included to satisfy reference by file (symbol)

libbb/lib.a(appletlib.o)      /workspaces/labsisop-buildroot/output/host/i686-buildroot-linux-gnu/sysroot/usr/lib/Scrt1.o (main)
libbb/lib.a(compare_string_array.o)
                              libbb/lib.a(appletlib.o) (is_prefixed_with)
libbb/lib.a(concat_path_file.o)
                              libbb/lib.a(appletlib.o) (concat_path_file)
libbb/lib.a(default_error_retval.o)
                              libbb/lib.a(appletlib.o) (xfunc_error_retval)
libbb/lib.a(get_last_path_component.o)
                              libbb/lib.a(appletlib.o) (bb_basename)
libbb/lib.a(last_char_is.o)   libbb/lib.a(concat_path_file.o) (last_char_is)
libbb/lib.a(messages.o)       libbb/lib.a(appletlib.o) (bb_busybox_exec_path)
libbb/lib.a(perror_msg.o)     libbb/lib.a(appletlib.o) (bb_simple_perror_msg)
libbb/lib.a(ptr_to_globals.o)
                              libbb/lib.a(appletlib.o) (bb_errno)
libbb/lib.a(verror_msg.o)     libbb/lib.a(perror_msg.o) (bb_verror_msg)
libbb/lib.a(xfunc_die.o)      libbb/lib.a(appletlib.o) (xfunc_die)
libbb/lib.a(xfuncs.o)         libbb/lib.a(appletlib.o) (full_write1_str)
libbb/lib.a(xfuncs_printf.o)  libbb/lib.a(verror_msg.o) (fflush_all)
libbb/lib.a(xreadlink.o)      libbb/lib.a(appletlib.o) (xmalloc_readlink)
libbb/lib.a(copyfd.o)         libbb/lib.a(xfuncs_printf.o) (bb_copyfd_eof)
libbb/lib.a(full_write.o)     libbb/lib.a(verror_msg.o) (full_write)
libbb/lib.a(read.o)           libbb/lib.a(copyfd.o) (safe_read)
libbb/lib.a(safe_write.o)     libbb/lib.a(full_write.o) (safe_write)
libbb/lib.a(signals.o)        libbb/lib.a(xfuncs_printf.o) (kill_myself_with_sig)
libbb/lib.a(time.o)           libbb/lib.a(xfuncs_printf.o) (monotonic_us)
libbb/lib.a(xgetcwd.o)        libbb/lib.a(xreadlink.o) (xrealloc_getcwd_or_warn)
libbb/lib.a(bb_strtonum.o)    libbb/lib.a(time.o) (bb_strtol)
loginutils/lib.a(addgroup.o)  libbb/lib.a(appletlib.o) (addgroup_main)
loginutils/lib.a(adduser.o)   libbb/lib.a(appletlib.o) (adduser_main)
loginutils/lib.a(cryptpw.o)   libbb/lib.a(appletlib.o) (cryptpw_main)
loginutils/lib.a(deluser.o)   libbb/lib.a(appletlib.o) (deluser_main)
loginutils/lib.a(getty.o)     libbb/lib.a(appletlib.o) (getty_main)
loginutils/lib.a(login.o)     libbb/lib.a(appletlib.o) (login_main)
loginutils/lib.a(passwd.o)    libbb/lib.a(appletlib.o) (passwd_main)
loginutils/lib.a(su.o)        libbb/lib.a(appletlib.o) (su_main)
loginutils/lib.a(sulogin.o)   libbb/lib.a(appletlib.o) (sulogin_main)
loginutils/lib.a(vlock.o)     libbb/lib.a(appletlib.o) (vlock_main)
miscutils/lib.a(ascii.o)      libbb/lib.a(appletlib.o) (ascii_main)
miscutils/lib.a(bc.o)         libbb/lib.a(appletlib.o) (bc_main)
miscutils/lib.a(crond.o)      libbb/lib.a(appletlib.o) (crond_main)
miscutils/lib.a(crontab.o)    libbb/lib.a(appletlib.o) (crontab_main)
miscutils/lib.a(devmem.o)     libbb/lib.a(appletlib.o) (devmem_main)
miscutils/lib.a(hdparm.o)     libbb/lib.a(appletlib.o) (hdparm_main)
miscutils/lib.a(hexedit.o)    libbb/lib.a(appletlib.o) (hexedit_main)
miscutils/lib.a(i2c_tools.o)  libbb/lib.a(appletlib.o) (i2cget_main)
miscutils/lib.a(less.o)       libbb/lib.a(appletlib.o) (less_main)
miscutils/lib.a(lsscsi.o)     libbb/lib.a(appletlib.o) (lsscsi_main)
miscutils/lib.a(makedevs.o)   libbb/lib.a(appletlib.o) (makedevs_main)
miscutils/lib.a(microcom.o)   libbb/lib.a(appletlib.o) (microcom_main)
miscutils/lib.a(mt.o)         libbb/lib.a(appletlib.o) (mt_main)
miscutils/lib.a(partprobe.o)  libbb/lib.a(appletlib.o) (partprobe_main)
miscutils/lib.a(runlevel.o)   libbb/lib.a(appletlib.o) (runlevel_main)
miscutils/lib.a(seedrng.o)    libbb/lib.a(appletlib.o) (seedrng_main)
miscutils/lib.a(setfattr.o)   libbb/lib.a(appletlib.o) (setfattr_main)
miscutils/lib.a(setserial.o)  libbb/lib.a(appletlib.o) (setserial_main)
miscutils/lib.a(strings.o)    libbb/lib.a(appletlib.o) (strings_main)
miscutils/lib.a(time.o)       libbb/lib.a(appletlib.o) (time_main)
miscutils/lib.a(tree.o)       libbb/lib.a(appletlib.o) (tree_main)
miscutils/lib.a(ts.o)         libbb/lib.a(appletlib.o) (ts_main)
miscutils/lib.a(ubirename.o)  libbb/lib.a(appletlib.o) (ubirename_main)
miscutils/lib.a(watchdog.o)   libbb/lib.a(appletlib.o) (watchdog_main)
modutils/lib.a(insmod.o)      libbb/lib.a(appletlib.o) (insmod_main)
modutils/lib.a(lsmod.o)       libbb/lib.a(appletlib.o) (lsmod_main)
modutils/lib.a(modprobe.o)    libbb/lib.a(appletlib.o) (modprobe_main)
modutils/lib.a(modutils.o)    modutils/lib.a(modprobe.o) (replace)
modutils/lib.a(rmmod.o)       libbb/lib.a(appletlib.o) (rmmod_main)
networking/lib.a(arp.o)       libbb/lib.a(appletlib.o) (arp_main)
networking/lib.a(arping.o)    libbb/lib.a(appletlib.o) (arping_main)
networking/lib.a(dnsd.o)      libbb/lib.a(appletlib.o) (dnsd_main)
networking/lib.a(ether-wake.o)
                              libbb/lib.a(appletlib.o) (ether_wake_main)
networking/lib.a(hostname.o)  libbb/lib.a(appletlib.o) (hostname_main)
[...]
Memory Configuration

Name             Origin             Length             Attributes
*default*        0x0000000000000000 0xffffffffffffffff

Linker script and memory map

LOAD /workspaces/labsisop-buildroot/output/host/i686-buildroot-linux-gnu/sysroot/usr/lib/Scrt1.o
LOAD /workspaces/labsisop-buildroot/output/host/i686-buildroot-linux-gnu/sysroot/usr/lib/crti.o
LOAD /workspaces/labsisop-buildroot/output/host/lib/gcc/i686-buildroot-linux-gnu/11.3.0/crtbeginS.o
START GROUP
LOAD applets/built-in.o
LOAD archival/lib.a
LOAD archival/libarchive/lib.a
LOAD console-tools/lib.a
LOAD coreutils/lib.a
LOAD coreutils/libcoreutils/lib.a
LOAD debianutils/lib.a
LOAD klibc-utils/lib.a
LOAD e2fsprogs/lib.a
LOAD editors/lib.a
LOAD findutils/lib.a
LOAD init/lib.a
LOAD libbb/lib.a
LOAD libpwdgrp/lib.a
LOAD loginutils/lib.a
LOAD mailutils/lib.a
LOAD miscutils/lib.a
LOAD modutils/lib.a
LOAD networking/lib.a
LOAD networking/libiproute/lib.a
LOAD networking/udhcp/lib.a
LOAD printutils/lib.a
LOAD procps/lib.a
LOAD runit/lib.a
LOAD selinux/lib.a
LOAD shell/lib.a
LOAD sysklogd/lib.a
LOAD util-linux/lib.a
LOAD util-linux/volume_id/lib.a
LOAD archival/built-in.o
LOAD archival/libarchive/built-in.o
LOAD console-tools/built-in.o
LOAD coreutils/built-in.o
LOAD coreutils/libcoreutils/built-in.o
LOAD debianutils/built-in.o
LOAD klibc-utils/built-in.o
LOAD e2fsprogs/built-in.o
LOAD editors/built-in.o
LOAD findutils/built-in.o
LOAD init/built-in.o
LOAD libbb/built-in.o
LOAD libpwdgrp/built-in.o
LOAD loginutils/built-in.o
LOAD mailutils/built-in.o
LOAD miscutils/built-in.o
LOAD modutils/built-in.o
LOAD networking/built-in.o
LOAD networking/libiproute/built-in.o
LOAD networking/udhcp/built-in.o
LOAD printutils/built-in.o
LOAD procps/built-in.o
LOAD runit/built-in.o
LOAD selinux/built-in.o
LOAD shell/built-in.o
LOAD sysklogd/built-in.o
LOAD util-linux/built-in.o
LOAD util-linux/volume_id/built-in.o
END GROUP
START GROUP
LOAD /workspaces/labsisop-buildroot/output/host/i686-buildroot-linux-gnu/sysroot/usr/lib/libresolv.so
END GROUP
LOAD /workspaces/labsisop-buildroot/output/host/lib/gcc/i686-buildroot-linux-gnu/11.3.0/libgcc.a
LOAD /workspaces/labsisop-buildroot/output/host/lib/gcc/i686-buildroot-linux-gnu/11.3.0/libgcc_eh.a
LOAD /workspaces/labsisop-buildroot/output/host/i686-buildroot-linux-gnu/sysroot/usr/lib/libc.so
START GROUP
LOAD /workspaces/labsisop-buildroot/output/host/i686-buildroot-linux-gnu/sysroot/lib/libc.so.6
LOAD /workspaces/labsisop-buildroot/output/host/i686-buildroot-linux-gnu/sysroot/usr/lib/libc_nonshared.a
LOAD /workspaces/labsisop-buildroot/output/host/i686-buildroot-linux-gnu/sysroot/lib/ld-linux.so.2
END GROUP
LOAD /workspaces/labsisop-buildroot/output/host/lib/gcc/i686-buildroot-linux-gnu/11.3.0/libgcc.a
LOAD /workspaces/labsisop-buildroot/output/host/lib/gcc/i686-buildroot-linux-gnu/11.3.0/libgcc_eh.a
LOAD /workspaces/labsisop-buildroot/output/host/lib/gcc/i686-buildroot-linux-gnu/11.3.0/crtendS.o
LOAD /workspaces/labsisop-buildroot/output/host/i686-buildroot-linux-gnu/sysroot/usr/lib/crtn.o
                [!provide]                        PROVIDE (__executable_start = SEGMENT_START ("text-segment", 0x0))
                0x00000000000001b4                . = (SEGMENT_START ("text-segment", 0x0) + SIZEOF_HEADERS)

.interp         0x00000000000001b4       0x13
 *(SORT_BY_ALIGNMENT(.interp))
 .interp        0x00000000000001b4       0x13 /workspaces/labsisop-buildroot/output/host/i686-buildroot-linux-gnu/sysroot/usr/lib/Scrt1.o

.note.gnu.property
                0x00000000000001c8       0x28
 .note.gnu.property
                0x00000000000001c8       0x28 /workspaces/labsisop-buildroot/output/host/i686-buildroot-linux-gnu/sysroot/usr/lib/Scrt1.o

.note.ABI-tag   0x00000000000001f0       0x20
 .note.ABI-tag  0x00000000000001f0       0x20 /workspaces/labsisop-buildroot/output/host/i686-buildroot-linux-gnu/sysroot/usr/lib/Scrt1.o

.note.gnu.build-id
 *(SORT_BY_ALIGNMENT(.note.gnu.build-id))

.hash           0x0000000000000210      0xa00
 *(SORT_BY_ALIGNMENT(.hash))
 .hash          0x0000000000000210      0xa00 /workspaces/labsisop-buildroot/output/host/i686-buildroot-linux-gnu/sysroot/usr/lib/Scrt1.o

.gnu.hash       0x0000000000000c10       0x20
 *(SORT_BY_ALIGNMENT(.gnu.hash))
 .gnu.hash      0x0000000000000c10       0x20 /workspaces/labsisop-buildroot/output/host/i686-buildroot-linux-gnu/sysroot/usr/lib/Scrt1.o

.dynsym         0x0000000000000c30     0x1770
 *(SORT_BY_ALIGNMENT(.dynsym))
 .dynsym        0x0000000000000c30     0x1770 /workspaces/labsisop-buildroot/output/host/i686-buildroot-linux-gnu/sysroot/usr/lib/Scrt1.o

.dynstr         0x00000000000023a0      0xe1c
 *(SORT_BY_ALIGNMENT(.dynstr))
 .dynstr        0x00000000000023a0      0xe1c /workspaces/labsisop-buildroot/output/host/i686-buildroot-linux-gnu/sysroot/usr/lib/Scrt1.o

.gnu.version    0x00000000000031bc      0x2ee
 *(SORT_BY_ALIGNMENT(.gnu.version))
 .gnu.version   0x00000000000031bc      0x2ee /workspaces/labsisop-buildroot/output/host/i686-buildroot-linux-gnu/sysroot/usr/lib/Scrt1.o

.gnu.version_d  0x00000000000034ac        0x0
 *(SORT_BY_ALIGNMENT(.gnu.version_d))
 .gnu.version_d
                0x00000000000034ac        0x0 /workspaces/labsisop-buildroot/output/host/i686-buildroot-linux-gnu/sysroot/usr/lib/Scrt1.o

.gnu.version_r  0x00000000000034ac      0x190
 *(SORT_BY_ALIGNMENT(.gnu.version_r))
 .gnu.version_r
                0x00000000000034ac      0x190 /workspaces/labsisop-buildroot/output/host/i686-buildroot-linux-gnu/sysroot/usr/lib/Scrt1.o

.rel.dyn        0x000000000000363c     0x1b40
 *(SORT_BY_ALIGNMENT(.rel.init))
 *(SORT_BY_ALIGNMENT(.rel.text) SORT_BY_ALIGNMENT(.rel.text.*) SORT_BY_ALIGNMENT(.rel.gnu.linkonce.t.*))
 .rel.text.sha256_process_block64_shaNI
                0x000000000000363c       0x10 /workspaces/labsisop-buildroot/output/host/i686-buildroot-linux-gnu/sysroot/usr/lib/Scrt1.o
 .rel.text.sha1_process_block64_shaNI
                0x000000000000364c        0x8 /workspaces/labsisop-buildroot/output/host/i686-buildroot-linux-gnu/sysroot/usr/lib/Scrt1.o
 *(SORT_BY_ALIGNMENT(.rel.fini))
 *(SORT_BY_ALIGNMENT(.rel.rodata) SORT_BY_ALIGNMENT(.rel.rodata.*) SORT_BY_ALIGNMENT(.rel.gnu.linkonce.r.*))
 *(SORT_BY_ALIGNMENT(.rel.data.rel.ro) SORT_BY_ALIGNMENT(.rel.data.rel.ro.*) SORT_BY_ALIGNMENT(.rel.gnu.linkonce.d.rel.ro.*))
 .rel.data.rel.ro
                0x0000000000003654        0x0 /workspaces/labsisop-buildroot/output/host/i686-buildroot-linux-gnu/sysroot/usr/lib/Scrt1.o
 .rel.data.rel.ro.local.install_dir
                0x0000000000003654       0x28 /workspaces/labsisop-buildroot/output/host/i686-buildroot-linux-gnu/sysroot/usr/lib/Scrt1.o
 .rel.data.rel.ro.applet_main
                0x000000000000367c      0x8b8 /workspaces/labsisop-buildroot/output/host/i686-buildroot-linux-gnu/sysroot/usr/lib/Scrt1.o
 .rel.data.rel.ro.local.msg.2
                0x0000000000003f34       0x18 /workspaces/labsisop-buildroot/output/host/i686-buildroot-linux-gnu/sysroot/usr/lib/Scrt1.o
 .rel.data.rel.ro.local.zxc_program_ops
                0x0000000000003f4c       0x30 /workspaces/labsisop-buildroot/output/host/i686-buildroot-linux-gnu/sysroot/usr/lib/Scrt1.o
 .rel.data.rel.ro.local.SpecAry.0
                0x0000000000003f7c       0x40 /workspaces/labsisop-buildroot/output/host/i686-buildroot-linux-gnu/sysroot/usr/lib/Scrt1.o
 .rel.data.rel.ro.local.ultra_modes2.0
                0x0000000000003fbc        0x8 /workspaces/labsisop-buildroot/output/host/i686-buildroot-linux-gnu/sysroot/usr/lib/Scrt1.o
 .rel.data.rel.ro.local.ultra_modes1.1
                0x0000000000003fc4        0x8 /workspaces/labsisop-buildroot/output/host/i686-buildroot-linux-gnu/sysroot/usr/lib/Scrt1.o
 .rel.data.rel.ro.local.pio_modes.3
                0x0000000000003fcc        0x8 /workspaces/labsisop-buildroot/output/host/i686-buildroot-linux-gnu/sysroot/usr/lib/Scrt1.o
 .rel.data.rel.ro.local.i2c_funcs_tab
                0x0000000000003fd4       0x78 /workspaces/labsisop-buildroot/output/host/i686-buildroot-linux-gnu/sysroot/usr/lib/Scrt1.o
 .rel.data.rel.ro.local.adap_descs
                0x000000000000404c       0x40 /workspaces/labsisop-buildroot/output/host/i686-buildroot-linux-gnu/sysroot/usr/lib/Scrt1.o
 .rel.data.rel.ro.local.OptArray
                0x000000000000408c       0xb8 /workspaces/labsisop-buildroot/output/host/i686-buildroot-linux-gnu/sysroot/usr/lib/Scrt1.o
 .rel.data.rel.ro.local.Arg1Opt
                0x0000000000004144       0x80 /workspaces/labsisop-buildroot/output/host/i686-buildroot-linux-gnu/sysroot/usr/lib/Scrt1.o
 .rel.data.rel.ro.local.addr_fams.0
                0x00000000000041c4       0x18 /workspaces/labsisop-buildroot/output/host/i686-buildroot-linux-gnu/sysroot/usr/lib/Scrt1.o
 .rel.data.rel.ro.local.addr_link
                0x00000000000041dc       0x10 /workspaces/labsisop-buildroot/output/host/i686-buildroot-linux-gnu/sysroot/usr/lib/Scrt1.o
 .rel.data.rel.ro.local.link_methods
                0x00000000000041ec       0x18 /workspaces/labsisop-buildroot/output/host/i686-buildroot-linux-gnu/sysroot/usr/lib/Scrt1.o
 .rel.data.rel.ro.local.addr_inet
                0x0000000000004204       0x10 /workspaces/labsisop-buildroot/output/host/i686-buildroot-linux-gnu/sysroot/usr/lib/Scrt1.o
 .rel.data.rel.ro.local.methods
                0x0000000000004214       0xa8 /workspaces/labsisop-buildroot/output/host/i686-buildroot-linux-gnu/sysroot/usr/lib/Scrt1.o
 .rel.data.rel.ro.local.addr_inet6
                0x00000000000042bc       0x10 /workspaces/labsisop-buildroot/output/host/i686-buildroot-linux-gnu/sysroot/usr/lib/Scrt1.o
 .rel.data.rel.ro.local.methods6
                0x00000000000042cc       0x60 /workspaces/labsisop-buildroot/output/host/i686-buildroot-linux-gnu/sysroot/usr/lib/Scrt1.o
 .rel.data.rel.ro.local.builtins
                0x000000000000432c       0x50 /workspaces/labsisop-buildroot/output/host/i686-buildroot-linux-gnu/sysroot/usr/lib/Scrt1.o
 .rel.data.rel.ro.local.if_port_text
                0x000000000000437c       0x38 /workspaces/labsisop-buildroot/output/host/i686-buildroot-linux-gnu/sysroot/usr/lib/Scrt1.o
 .rel.data.rel.ro.local.hwtypes
                0x00000000000043b4       0x30 /workspaces/labsisop-buildroot/output/host/i686-buildroot-linux-gnu/sysroot/usr/lib/Scrt1.o
 .rel.data.rel.ro.local.ib_hwtype
                0x00000000000043e4       0x20 /workspaces/labsisop-buildroot/output/host/i686-buildroot-linux-gnu/sysroot/usr/lib/Scrt1.o
 .rel.data.rel.ro.local.sit_hwtype
                0x0000000000004404       0x18 /workspaces/labsisop-buildroot/output/host/i686-buildroot-linux-gnu/sysroot/usr/lib/Scrt1.o
 .rel.data.rel.ro.local.ppp_hwtype
                0x000000000000441c       0x10 /workspaces/labsisop-buildroot/output/host/i686-buildroot-linux-gnu/sysroot/usr/lib/Scrt1.o
 .rel.data.rel.ro.local.ether_hwtype
                0x000000000000442c       0x20 /workspaces/labsisop-buildroot/output/host/i686-buildroot-linux-gnu/sysroot/usr/lib/Scrt1.o
 .rel.data.rel.ro.local.loop_hwtype
                0x000000000000444c       0x10 /workspaces/labsisop-buildroot/output/host/i686-buildroot-linux-gnu/sysroot/usr/lib/Scrt1.o
 .rel.data.rel.ro.local.unspec_hwtype
                0x000000000000445c       0x18 /workspaces/labsisop-buildroot/output/host/i686-buildroot-linux-gnu/sysroot/usr/lib/Scrt1.o
 .rel.data.rel.ro.local.ss_fmt
                0x0000000000004474       0x18 /workspaces/labsisop-buildroot/output/host/i686-buildroot-linux-gnu/sysroot/usr/lib/Scrt1.o
 .rel.data.rel.ro.local.aftypes
                0x000000000000448c       0x18 /workspaces/labsisop-buildroot/output/host/i686-buildroot-linux-gnu/sysroot/usr/lib/Scrt1.o
 .rel.data.rel.ro.local.unspec_aftype
                0x00000000000044a4       0x20 /workspaces/labsisop-buildroot/output/host/i686-buildroot-linux-gnu/sysroot/usr/lib/Scrt1.o
 .rel.data.rel.ro.local.inet6_aftype
                0x00000000000044c4       0x20 /workspaces/labsisop-buildroot/output/host/i686-buildroot-linux-gnu/sysroot/usr/lib/Scrt1.o
 .rel.data.rel.ro.local.inet_aftype
                0x00000000000044e4       0x20 /workspaces/labsisop-buildroot/output/host/i686-buildroot-linux-gnu/sysroot/usr/lib/Scrt1.o
 .rel.data.rel.ro.local.ip_func_ptrs.0
                0x0000000000004504       0x48 /workspaces/labsisop-buildroot/output/host/i686-buildroot-linux-gnu/sysroot/usr/lib/Scrt1.o
 .rel.data.rel.ro.local.tcp_state
                0x000000000000454c       0x60 /workspaces/labsisop-buildroot/output/host/i686-buildroot-linux-gnu/sysroot/usr/lib/Scrt1.o
 .rel.data.rel.ro.local.rcodes
                0x00000000000045ac       0x80 /workspaces/labsisop-buildroot/output/host/i686-buildroot-linux-gnu/sysroot/usr/lib/Scrt1.o
 .rel.data.rel.ro.local.init_tab.0
                0x000000000000462c       0x50 /workspaces/labsisop-buildroot/output/host/i686-buildroot-linux-gnu/sysroot/usr/lib/Scrt1.o
 .rel.data.rel.ro.local.out_spec
                0x000000000000467c       0xc0 /workspaces/labsisop-buildroot/output/host/i686-buildroot-linux-gnu/sysroot/usr/lib/Scrt1.o
 .rel.data.rel.ro.local.null_bltin.2
                0x000000000000473c       0x10 /workspaces/labsisop-buildroot/output/host/i686-buildroot-linux-gnu/sysroot/usr/lib/Scrt1.o
 .rel.data.rel.ro.local.builtintab
                0x000000000000474c      0x2c8 /workspaces/labsisop-buildroot/output/host/i686-buildroot-linux-gnu/sysroot/usr/lib/Scrt1.o
 .rel.data.rel.ro.local.tokname_array
                0x0000000000004a14       0xf0 /workspaces/labsisop-buildroot/output/host/i686-buildroot-linux-gnu/sysroot/usr/lib/Scrt1.o
 .rel.data.rel.ro.local.varinit_data
                0x0000000000004b04       0x78 /workspaces/labsisop-buildroot/output/host/i686-buildroot-linux-gnu/sysroot/usr/lib/Scrt1.o
 .rel.data.rel.ro.local.optletters_optnames
                0x0000000000004b7c       0x88 /workspaces/labsisop-buildroot/output/host/i686-buildroot-linux-gnu/sysroot/usr/lib/Scrt1.o
 .rel.data.rel.ro.local.init_data
                0x0000000000004c04        0x8 /workspaces/labsisop-buildroot/output/host/i686-buildroot-linux-gnu/sysroot/usr/lib/Scrt1.o
 .rel.data.rel.ro.local.i386_sys_types
                0x0000000000004c0c      0x190 /workspaces/labsisop-buildroot/output/host/i686-buildroot-linux-gnu/sysroot/usr/lib/Scrt1.o
 .rel.data.rel.ro.local.add_strings
                0x0000000000004d9c       0x28 /workspaces/labsisop-buildroot/output/host/i686-buildroot-linux-gnu/sysroot/usr/lib/Scrt1.o
 .rel.data.rel.ro.local.fs2
                0x0000000000004dc4       0x20 /workspaces/labsisop-buildroot/output/host/i686-buildroot-linux-gnu/sysroot/usr/lib/Scrt1.o
 .rel.data.rel.ro.local.fs1
                0x0000000000004de4       0x18 /workspaces/labsisop-buildroot/output/host/i686-buildroot-linux-gnu/sysroot/usr/lib/Scrt1.o
 .rel.data.rel.ro.local.args.0
                0x0000000000004dfc       0x10 /workspaces/labsisop-buildroot/output/host/i686-buildroot-linux-gnu/sysroot/usr/lib/Scrt1.o
 .rel.data.rel.ro.local.doux_bytes_to_XXX.5
                0x0000000000004e0c       0x20 /workspaces/labsisop-buildroot/output/host/i686-buildroot-linux-gnu/sysroot/usr/lib/Scrt1.o
 .rel.data.rel.ro.local.capabilities
                0x0000000000004e2c      0x130 /workspaces/labsisop-buildroot/output/host/i686-buildroot-linux-gnu/sysroot/usr/lib/Scrt1.o
 .rel.data.rel.ro.local.console_names.0
                0x0000000000004f5c       0x18 /workspaces/labsisop-buildroot/output/host/i686-buildroot-linux-gnu/sysroot/usr/lib/Scrt1.o
 .rel.data.rel.ro.local.bb_argv_dash
                0x0000000000004f74        0x8 /workspaces/labsisop-buildroot/output/host/i686-buildroot-linux-gnu/sysroot/usr/lib/Scrt1.o
 *(SORT_BY_ALIGNMENT(.rel.data) SORT_BY_ALIGNMENT(.rel.data.*) SORT_BY_ALIGNMENT(.rel.gnu.linkonce.d.*))
 .rel.data.rel.local
                0x0000000000004f7c        0x8 /workspaces/labsisop-buildroot/output/host/i686-buildroot-linux-gnu/sysroot/usr/lib/Scrt1.o
 .rel.data.rel.local.msg_eol
                0x0000000000004f84        0x8 /workspaces/labsisop-buildroot/output/host/i686-buildroot-linux-gnu/sysroot/usr/lib/Scrt1.o
 .rel.data.rel.local.g_parsefile
                0x0000000000004f8c        0x8 /workspaces/labsisop-buildroot/output/host/i686-buildroot-linux-gnu/sysroot/usr/lib/Scrt1.o
 .rel.data.rel.local.facilitynames
                0x0000000000004f94       0xb0 /workspaces/labsisop-buildroot/output/host/i686-buildroot-linux-gnu/sysroot/usr/lib/Scrt1.o
 .rel.data.rel.local.prioritynames
                0x0000000000005044       0x60 /workspaces/labsisop-buildroot/output/host/i686-buildroot-linux-gnu/sysroot/usr/lib/Scrt1.o
 *(SORT_BY_ALIGNMENT(.rel.tdata) SORT_BY_ALIGNMENT(.rel.tdata.*) SORT_BY_ALIGNMENT(.rel.gnu.linkonce.td.*))
 *(SORT_BY_ALIGNMENT(.rel.tbss) SORT_BY_ALIGNMENT(.rel.tbss.*) SORT_BY_ALIGNMENT(.rel.gnu.linkonce.tb.*))
 *(SORT_BY_ALIGNMENT(.rel.ctors))
 *(SORT_BY_ALIGNMENT(.rel.dtors))
 *(SORT_BY_ALIGNMENT(.rel.got))
 .rel.got       0x00000000000050a4       0xd8 /workspaces/labsisop-buildroot/output/host/i686-buildroot-linux-gnu/sysroot/usr/lib/Scrt1.o
 *(SORT_BY_ALIGNMENT(.rel.bss) SORT_BY_ALIGNMENT(.rel.bss.*) SORT_BY_ALIGNMENT(.rel.gnu.linkonce.b.*))
 .rel.bss       0x000000000000517c        0x0 /workspaces/labsisop-buildroot/output/host/i686-buildroot-linux-gnu/sysroot/usr/lib/Scrt1.o
 *(SORT_BY_ALIGNMENT(.rel.ifunc))
 .rel.ifunc     0x000000000000517c        0x0 /workspaces/labsisop-buildroot/output/host/i686-buildroot-linux-gnu/sysroot/usr/lib/Scrt1.o

.rel.plt        0x000000000000517c      0xad8
 *(SORT_BY_ALIGNMENT(.rel.plt))
 .rel.plt       0x000000000000517c      0xad8 /workspaces/labsisop-buildroot/output/host/i686-buildroot-linux-gnu/sysroot/usr/lib/Scrt1.o
 *(SORT_BY_ALIGNMENT(.rel.iplt))

.relr.dyn
 *(SORT_BY_ALIGNMENT(.relr.dyn))
                0x0000000000006000                . = ALIGN (CONSTANT (MAXPAGESIZE))

.init           0x0000000000006000       0x2a
 *(SORT_NONE(.init))
 .init          0x0000000000006000       0x1b /workspaces/labsisop-buildroot/output/host/i686-buildroot-linux-gnu/sysroot/usr/lib/crti.o
                0x0000000000006000                _init
 .init          0x000000000000601b        0x5 /workspaces/labsisop-buildroot/output/host/lib/gcc/i686-buildroot-linux-gnu/11.3.0/crtbeginS.o
 .init          0x0000000000006020        0x5 /workspaces/labsisop-buildroot/output/host/lib/gcc/i686-buildroot-linux-gnu/11.3.0/crtendS.o
 .init          0x0000000000006025        0x5 /workspaces/labsisop-buildroot/output/host/i686-buildroot-linux-gnu/sysroot/usr/lib/crtn.o

.plt            0x0000000000006030     0x15c0
 *(SORT_BY_ALIGNMENT(.plt))
 .plt           0x0000000000006030     0x15c0 /workspaces/labsisop-buildroot/output/host/i686-buildroot-linux-gnu/sysroot/usr/lib/Scrt1.o
 *(SORT_BY_ALIGNMENT(.iplt))

.plt.got        0x00000000000075f0       0x50
 *(SORT_BY_ALIGNMENT(.plt.got))
 .plt.got       0x00000000000075f0       0x50 /workspaces/labsisop-buildroot/output/host/i686-buildroot-linux-gnu/sysroot/usr/lib/Scrt1.o

.plt.sec
 *(SORT_BY_ALIGNMENT(.plt.sec))

.text           0x0000000000007640    0x836e6
 *(SORT_BY_ALIGNMENT(.text.unlikely) SORT_BY_ALIGNMENT(.text.*_unlikely) SORT_BY_ALIGNMENT(.text.unlikely.*))
 *(SORT_BY_ALIGNMENT(.text.exit) SORT_BY_ALIGNMENT(.text.exit.*))
 *(SORT_BY_ALIGNMENT(.text.startup) SORT_BY_ALIGNMENT(.text.startup.*))
 *(SORT_BY_ALIGNMENT(.text.hot) SORT_BY_ALIGNMENT(.text.hot.*))
 *(SORT_BY_NAME(SORT_BY_ALIGNMENT(.text.sorted.*)))
 *(SORT_BY_ALIGNMENT(.text) SORT_BY_ALIGNMENT(.stub) SORT_BY_ALIGNMENT(.text.*) SORT_BY_ALIGNMENT(.gnu.linkonce.t.*))
 .text          0x0000000000007640       0x2c /workspaces/labsisop-buildroot/output/host/i686-buildroot-linux-gnu/sysroot/usr/lib/Scrt1.o
                0x0000000000007640                _start
 *fill*         0x000000000000766c        0x4 
 .text.__x86.get_pc_thunk.bx
                0x0000000000007670        0x4 /workspaces/labsisop-buildroot/output/host/i686-buildroot-linux-gnu/sysroot/usr/lib/crti.o
                0x0000000000007670                __x86.get_pc_thunk.bx
 *fill*         0x0000000000007674        0x4 
 .text.sha256_process_block64_shaNI
                0x0000000000007678      0x2a1 libbb/lib.a(hash_md5_sha256_x86-32_shaNI.o)
                0x0000000000007678                sha256_process_block64_shaNI
 *fill*         0x0000000000007919        0x7 
 .text.sha1_process_block64_shaNI
                0x0000000000007920      0x1fb libbb/lib.a(hash_md5_sha_x86-32_shaNI.o)
                0x0000000000007920                sha1_process_block64_shaNI
 .text          0x0000000000007b1b       0xf2 /workspaces/labsisop-buildroot/output/host/lib/gcc/i686-buildroot-linux-gnu/11.3.0/crtbeginS.o
 .text.__x86.get_pc_thunk.ax
                0x0000000000007c0d        0x4 /workspaces/labsisop-buildroot/output/host/lib/gcc/i686-buildroot-linux-gnu/11.3.0/crtbeginS.o
                0x0000000000007c0d                __x86.get_pc_thunk.ax
 .text.__x86.get_pc_thunk.cx
                0x0000000000007c11        0x4 /workspaces/labsisop-buildroot/output/host/lib/gcc/i686-buildroot-linux-gnu/11.3.0/crtbeginS.o
                0x0000000000007c11                __x86.get_pc_thunk.cx
 .text.string_array_len
                0x0000000000007c15       0x14 libbb/lib.a(appletlib.o)
                0x0000000000007c15                string_array_len
 .text.find_applet_by_name
                0x0000000000007c29       0x84 libbb/lib.a(appletlib.o)
                0x0000000000007c29                find_applet_by_name
 .text.bb_show_usage
                0x0000000000007cad       0x95 libbb/lib.a(appletlib.o)
                0x0000000000007cad                bb_show_usage
 .text.find_script_by_name
                0x0000000000007d42       0x29 libbb/lib.a(appletlib.o)
 .text.scripted_main
                0x0000000000007d6b       0x32 libbb/lib.a(appletlib.o)
                0x0000000000007d6b                scripted_main
 .text.lbb_prepare
                0x0000000000007d9d       0x23 libbb/lib.a(appletlib.o)
                0x0000000000007d9d                lbb_prepare
 .text.get_script_content
                0x0000000000007dc0       0x39 libbb/lib.a(appletlib.o)
                0x0000000000007dc0                get_script_content
 .text.show_usage_if_dash_dash_help
                0x0000000000007df9       0x4e libbb/lib.a(appletlib.o)
                0x0000000000007df9                show_usage_if_dash_dash_help
 .text.run_applet_no_and_exit
                0x0000000000007e47       0x98 libbb/lib.a(appletlib.o)
                0x0000000000007e47                run_applet_no_and_exit
 .text.run_applet_and_exit
                0x0000000000007edf      0x346 libbb/lib.a(appletlib.o)
 .text.main     0x0000000000008225       0x76 libbb/lib.a(appletlib.o)
                0x0000000000008225                main
 .text.__x86.get_pc_thunk.si
                0x000000000000829b        0x4 libbb/lib.a(appletlib.o)
                0x000000000000829b                __x86.get_pc_thunk.si
 .text.is_prefixed_with
                0x000000000000829f       0x1c libbb/lib.a(compare_string_array.o)
                0x000000000000829f                is_prefixed_with
 .text.is_suffixed_with
                0x00000000000082bb       0x40 libbb/lib.a(compare_string_array.o)
                0x00000000000082bb                is_suffixed_with
 .text.index_in_strings
                0x00000000000082fb       0x2d libbb/lib.a(compare_string_array.o)
                0x00000000000082fb                index_in_strings
 .text.index_in_substrings
                0x0000000000008328       0x74 libbb/lib.a(compare_string_array.o)
                0x0000000000008328                index_in_substrings
 .text.nth_string
                0x000000000000839c       0x14 libbb/lib.a(compare_string_array.o)
                0x000000000000839c                nth_string
 .text.concat_path_file
                0x00000000000083b0       0x56 libbb/lib.a(concat_path_file.o)
                0x00000000000083b0                concat_path_file
 .text.__x86.get_pc_thunk.di
                0x0000000000008406        0x4 libbb/lib.a(concat_path_file.o)
                0x0000000000008406                __x86.get_pc_thunk.di
 .text.bb_basename
                0x000000000000840a       0x25 libbb/lib.a(get_last_path_component.o)
                0x000000000000840a                bb_basename
 .text.bb_get_last_path_component_nostrip
                0x000000000000842f       0x2f libbb/lib.a(get_last_path_component.o)
                0x000000000000842f                bb_get_last_path_component_nostrip
 .text.bb_get_last_path_component_strip
                0x000000000000845e       0x29 libbb/lib.a(get_last_path_component.o)
                0x000000000000845e                bb_get_last_path_component_strip
 .text.last_char_is
                0x0000000000008487       0x16 libbb/lib.a(last_char_is.o)
                0x0000000000008487                last_char_is
 .text.bb_perror_msg
                0x000000000000849d       0x3a libbb/lib.a(perror_msg.o)
                0x000000000000849d                bb_perror_msg
 .text.bb_perror_msg_and_die
                0x00000000000084d7       0x3c libbb/lib.a(perror_msg.o)
                0x00000000000084d7                bb_perror_msg_and_die
 .text.bb_simple_perror_msg
                0x0000000000008513       0x1b libbb/lib.a(perror_msg.o)
                0x0000000000008513                bb_simple_perror_msg
 .text.bb_simple_perror_msg_and_die
                0x000000000000852e       0x18 libbb/lib.a(perror_msg.o)
                0x000000000000852e                bb_simple_perror_msg_and_die
 .text.__x86.get_pc_thunk.dx
                0x0000000000008546        0x4 libbb/lib.a(perror_msg.o)
                0x0000000000008546                __x86.get_pc_thunk.dx
 .text.bb_verror_msg
                0x000000000000854a      0x21b libbb/lib.a(verror_msg.o)
                0x000000000000854a                bb_verror_msg
 .text.bb_error_msg_and_die
                0x0000000000008765       0x14 libbb/lib.a(verror_msg.o)
                0x0000000000008765                bb_error_msg_and_die
 .text.bb_error_msg
                0x0000000000008779       0x10 libbb/lib.a(verror_msg.o)
                0x0000000000008779                bb_error_msg
 .text.bb_vinfo_msg
                0x0000000000008789       0x23 libbb/lib.a(verror_msg.o)
                0x0000000000008789                bb_vinfo_msg
 .text.bb_info_msg
                0x00000000000087ac        0xe libbb/lib.a(verror_msg.o)
                0x00000000000087ac                bb_info_msg
 .text.bb_simple_info_msg
                0x00000000000087ba       0x1b libbb/lib.a(verror_msg.o)
                0x00000000000087ba                bb_simple_info_msg
 .text.bb_simple_error_msg
                0x00000000000087d5       0x1b libbb/lib.a(verror_msg.o)
                0x00000000000087d5                bb_simple_error_msg
 .text.bb_simple_error_msg_and_die
                0x00000000000087f0       0x18 libbb/lib.a(verror_msg.o)
                0x00000000000087f0                bb_simple_error_msg_and_die
 .text.xfunc_die
                0x0000000000008808       0x25 libbb/lib.a(xfunc_die.o)
                0x0000000000008808                xfunc_die
 .text.ndelay_on
                0x000000000000882d       0x37 libbb/lib.a(xfuncs.o)
                0x000000000000882d                ndelay_on
 .text.ndelay_off
                0x0000000000008864       0x37 libbb/lib.a(xfuncs.o)
                0x0000000000008864                ndelay_off
 .text.close_on_exec_on
                0x000000000000889b       0x1b libbb/lib.a(xfuncs.o)
                0x000000000000889b                close_on_exec_on
 .text.strncpy_IFNAMSIZ
                0x00000000000088b6       0x1a libbb/lib.a(xfuncs.o)
                0x00000000000088b6                strncpy_IFNAMSIZ
 .text.utoa_to_buf
                0x00000000000088d0       0x6e libbb/lib.a(xfuncs.o)
                0x00000000000088d0                utoa_to_buf
 .text.itoa_to_buf
                0x000000000000893e       0x1a libbb/lib.a(xfuncs.o)
                0x000000000000893e                itoa_to_buf
 .text.utoa     0x0000000000008958       0x25 libbb/lib.a(xfuncs.o)
                0x0000000000008958                utoa
 .text.itoa     0x000000000000897d       0x25 libbb/lib.a(xfuncs.o)
                0x000000000000897d                itoa
 .text.bin2hex  0x00000000000089a2       0x59 libbb/lib.a(xfuncs.o)
                0x00000000000089a2                bin2hex
 .text.hex2bin  0x00000000000089fb       0xb9 libbb/lib.a(xfuncs.o)
                0x00000000000089fb                hex2bin
 .text.bb_putchar_stderr
                0x0000000000008ab4       0x23 libbb/lib.a(xfuncs.o)
                0x0000000000008ab4                bb_putchar_stderr
 .text.full_write1_str
                0x0000000000008ad7       0x2b libbb/lib.a(xfuncs.o)
                0x0000000000008ad7                full_write1_str
 .text.full_write2_str
                0x0000000000008b02       0x2b libbb/lib.a(xfuncs.o)
                0x0000000000008b02                full_write2_str
 .text.get_terminal_width_height
                0x0000000000008b2d      0x15b libbb/lib.a(xfuncs.o)
                0x0000000000008b2d                get_terminal_width_height
 .text.get_terminal_width
                0x0000000000008c88       0x30 libbb/lib.a(xfuncs.o)
                0x0000000000008c88                get_terminal_width
 .text.is_TERM_dumb
                0x0000000000008cb8       0x39 libbb/lib.a(xfuncs.o)
                0x0000000000008cb8                is_TERM_dumb
 .text.tcsetattr_stdin_TCSANOW
                0x0000000000008cf1       0x1b libbb/lib.a(xfuncs.o)
                0x0000000000008cf1                tcsetattr_stdin_TCSANOW
 .text.get_termios_and_make_raw
                0x0000000000008d0c       0x81 libbb/lib.a(xfuncs.o)
                0x0000000000008d0c                get_termios_and_make_raw
 .text.set_termios_to_raw
                0x0000000000008d8d       0x53 libbb/lib.a(xfuncs.o)
                0x0000000000008d8d                set_termios_to_raw
 .text.safe_waitpid
                0x0000000000008de0       0x3d libbb/lib.a(xfuncs.o)
                0x0000000000008de0                safe_waitpid
 .text.wait_any_nohang
                0x0000000000008e1d        0xf libbb/lib.a(xfuncs.o)
                0x0000000000008e1d                wait_any_nohang
 .text.wait4pid
                0x0000000000008e2c       0x57 libbb/lib.a(xfuncs.o)
                0x0000000000008e2c                wait4pid
 .text.exit_SUCCESS
                0x0000000000008e83       0x13 libbb/lib.a(xfuncs.o)
                0x0000000000008e83                exit_SUCCESS
 .text._exit_SUCCESS
                0x0000000000008e96       0x13 libbb/lib.a(xfuncs.o)
                0x0000000000008e96                _exit_SUCCESS
 .text.bb_die_memory_exhausted
                0x0000000000008ea9       0x15 libbb/lib.a(xfuncs_printf.o)
                0x0000000000008ea9                bb_die_memory_exhausted
 .text.malloc_or_warn
                0x0000000000008ebe       0x34 libbb/lib.a(xfuncs_printf.o)
                0x0000000000008ebe                malloc_or_warn
 .text.xmalloc  0x0000000000008ef2       0x26 libbb/lib.a(xfuncs_printf.o)
                0x0000000000008ef2                xmalloc
 .text.xrealloc
                0x0000000000008f18       0x28 libbb/lib.a(xfuncs_printf.o)
                0x0000000000008f18                xrealloc
 .text.xzalloc  0x0000000000008f40       0x1a libbb/lib.a(xfuncs_printf.o)
                0x0000000000008f40                xzalloc
 .text.xstrdup  0x0000000000008f5a       0x22 libbb/lib.a(xfuncs_printf.o)
                0x0000000000008f5a                xstrdup
 .text.xstrndup
                0x0000000000008f7c       0x20 libbb/lib.a(xfuncs_printf.o)
                0x0000000000008f7c                xstrndup
 .text.xmemdup  0x0000000000008f9c       0x1a libbb/lib.a(xfuncs_printf.o)
                0x0000000000008f9c                xmemdup
 .text.mmap_anon
                0x0000000000008fb6       0x23 libbb/lib.a(xfuncs_printf.o)
                0x0000000000008fb6                mmap_anon
 .text.xmmap_anon
                0x0000000000008fd9       0x10 libbb/lib.a(xfuncs_printf.o)
                0x0000000000008fd9                xmmap_anon
 .text.xfopen   0x0000000000008fe9       0x2c libbb/lib.a(xfuncs_printf.o)
                0x0000000000008fe9                xfopen
 .text.xopen3   0x0000000000009015       0x2e libbb/lib.a(xfuncs_printf.o)
                0x0000000000009015                xopen3
 .text.xopen    0x0000000000009043        0xa libbb/lib.a(xfuncs_printf.o)
                0x0000000000009043                xopen
 .text.open3_or_warn
                0x000000000000904d       0x38 libbb/lib.a(xfuncs_printf.o)
                0x000000000000904d                open3_or_warn
 .text.open_or_warn
                0x0000000000009085        0xa libbb/lib.a(xfuncs_printf.o)
                0x0000000000009085                open_or_warn
 .text.xopen_nonblocking
                0x000000000000908f        0xa libbb/lib.a(xfuncs_printf.o)
                0x000000000000908f                xopen_nonblocking
 .text.xunlink  0x0000000000009099       0x2a libbb/lib.a(xfuncs_printf.o)
                0x0000000000009099                xunlink
 .text.xrename  0x00000000000090c3       0x31 libbb/lib.a(xfuncs_printf.o)
                0x00000000000090c3                xrename
 .text.xpipe    0x00000000000090f4       0x24 libbb/lib.a(xfuncs_printf.o)
                0x00000000000090f4                xpipe
 .text.xdup2    0x0000000000009118       0x2a libbb/lib.a(xfuncs_printf.o)
                0x0000000000009118                xdup2
 .text.xmove_fd
                0x0000000000009142       0x24 libbb/lib.a(xfuncs_printf.o)
                0x0000000000009142                xmove_fd
 .text.xwrite   0x0000000000009166       0x36 libbb/lib.a(xfuncs_printf.o)
                0x0000000000009166                xwrite
 .text.xwrite_str
                0x000000000000919c       0x2c libbb/lib.a(xfuncs_printf.o)
                0x000000000000919c                xwrite_str
 .text.xclose   0x00000000000091c8       0x24 libbb/lib.a(xfuncs_printf.o)
                0x00000000000091c8                xclose
 .text.xlseek   0x00000000000091ec       0x56 libbb/lib.a(xfuncs_printf.o)
                0x00000000000091ec                xlseek
 .text.xmkstemp
                0x0000000000009242       0x2a libbb/lib.a(xfuncs_printf.o)
                0x0000000000009242                xmkstemp
 .text.die_if_ferror
                0x000000000000926c       0x2a libbb/lib.a(xfuncs_printf.o)
                0x000000000000926c                die_if_ferror
 .text.die_if_ferror_stdout
                0x0000000000009296       0x1d libbb/lib.a(xfuncs_printf.o)
                0x0000000000009296                die_if_ferror_stdout
 .text.fflush_all
                0x00000000000092b3       0x16 libbb/lib.a(xfuncs_printf.o)
                0x00000000000092b3                fflush_all
 .text.bb_putchar
                0x00000000000092c9       0x15 libbb/lib.a(xfuncs_printf.o)
                0x00000000000092c9                bb_putchar
 .text.fputs_stdout
                0x00000000000092de       0x1e libbb/lib.a(xfuncs_printf.o)
                0x00000000000092de                fputs_stdout
 .text.xasprintf
                0x00000000000092fc       0x54 libbb/lib.a(xfuncs_printf.o)
                0x00000000000092fc                xasprintf
 .text.xsetenv  0x0000000000009350       0x23 libbb/lib.a(xfuncs_printf.o)
                0x0000000000009350                xsetenv
 .text.bb_unsetenv
                0x0000000000009373       0x81 libbb/lib.a(xfuncs_printf.o)
                0x0000000000009373                bb_unsetenv
 .text.bb_unsetenv_and_free
                0x00000000000093f4       0x20 libbb/lib.a(xfuncs_printf.o)
                0x00000000000093f4                bb_unsetenv_and_free
 .text.xsetgid  0x0000000000009414       0x24 libbb/lib.a(xfuncs_printf.o)
                0x0000000000009414                xsetgid
 .text.xsetuid  0x0000000000009438       0x24 libbb/lib.a(xfuncs_printf.o)
                0x0000000000009438                xsetuid
 .text.xsetegid
                0x000000000000945c       0x24 libbb/lib.a(xfuncs_printf.o)
                0x000000000000945c                xsetegid
 .text.xseteuid
                0x0000000000009480       0x24 libbb/lib.a(xfuncs_printf.o)
                0x0000000000009480                xseteuid
 .text.xopen_as_uid_gid
                0x00000000000094a4       0x59 libbb/lib.a(xfuncs_printf.o)
                0x00000000000094a4                xopen_as_uid_gid
 .text.chdir_or_warn
                0x00000000000094fd       0x34 libbb/lib.a(xfuncs_printf.o)
                0x00000000000094fd                chdir_or_warn
 .text.xchdir   0x0000000000009531        0xf libbb/lib.a(xfuncs_printf.o)
                0x0000000000009531                xchdir
 .text.xfchdir  0x0000000000009540       0x24 libbb/lib.a(xfuncs_printf.o)
                0x0000000000009540                xfchdir
 .text.xchroot  0x0000000000009564       0x34 libbb/lib.a(xfuncs_printf.o)
                0x0000000000009564                xchroot
 .text.warn_opendir
                0x0000000000009598       0x34 libbb/lib.a(xfuncs_printf.o)
                0x0000000000009598                warn_opendir
 .text.xopendir
                0x00000000000095cc       0x2a libbb/lib.a(xfuncs_printf.o)
                0x00000000000095cc                xopendir
 .text.xsocket  0x00000000000095f6       0x28 libbb/lib.a(xfuncs_printf.o)
                0x00000000000095f6                xsocket
 .text.xbind    0x000000000000961e       0x28 libbb/lib.a(xfuncs_printf.o)
                0x000000000000961e                xbind
 .text.xsendto  0x0000000000009646       0x34 libbb/lib.a(xfuncs_printf.o)
                0x0000000000009646                xsendto
 .text.xstat    0x000000000000967a       0x2c libbb/lib.a(xfuncs_printf.o)
                0x000000000000967a                xstat
 .text.xfstat   0x00000000000096a6       0x26 libbb/lib.a(xfuncs_printf.o)
                0x00000000000096a6                xfstat
 .text.ioctl_or_perror_and_die
                0x00000000000096cc       0x50 libbb/lib.a(xfuncs_printf.o)
                0x00000000000096cc                ioctl_or_perror_and_die
 .text.ioctl_or_perror
                0x000000000000971c       0x52 libbb/lib.a(xfuncs_printf.o)
                0x000000000000971c                ioctl_or_perror
 .text.bb_ioctl_or_warn
                0x000000000000976e       0x2c libbb/lib.a(xfuncs_printf.o)
                0x000000000000976e                bb_ioctl_or_warn
 .text.bb_xioctl
                0x000000000000979a       0x28 libbb/lib.a(xfuncs_printf.o)
                0x000000000000979a                bb_xioctl
 .text.xmalloc_ttyname
                0x00000000000097c2       0x5f libbb/lib.a(xfuncs_printf.o)
                0x00000000000097c2                xmalloc_ttyname
 .text.generate_uuid
                0x0000000000009821       0x75 libbb/lib.a(xfuncs_printf.o)
                0x0000000000009821                generate_uuid
 .text.xfork    0x0000000000009896       0x22 libbb/lib.a(xfuncs_printf.o)
                0x0000000000009896                xfork
 .text.wait_for_exitstatus
                0x00000000000098b8       0x4c libbb/lib.a(xfuncs_printf.o)
                0x00000000000098b8                wait_for_exitstatus
 .text.xsettimeofday
                0x0000000000009904       0x27 libbb/lib.a(xfuncs_printf.o)
                0x0000000000009904                xsettimeofday
 .text.xgettimeofday
                0x000000000000992b       0x18 libbb/lib.a(xfuncs_printf.o)
                0x000000000000992b                xgettimeofday
 .text.xmalloc_readlink
                0x0000000000009943       0x4d libbb/lib.a(xreadlink.o)
                0x0000000000009943                xmalloc_readlink
 .text.xmalloc_follow_symlinks
                0x0000000000009990       0xa3 libbb/lib.a(xreadlink.o)
                0x0000000000009990                xmalloc_follow_symlinks
 .text.xmalloc_readlink_or_warn
                0x0000000000009a33       0x4c libbb/lib.a(xreadlink.o)
                0x0000000000009a33                xmalloc_readlink_or_warn
 .text.xmalloc_realpath
                0x0000000000009a7f       0x18 libbb/lib.a(xreadlink.o)
                0x0000000000009a7f                xmalloc_realpath
 .text.xmalloc_realpath_coreutils
                0x0000000000009a97      0x136 libbb/lib.a(xreadlink.o)
                0x0000000000009a97                xmalloc_realpath_coreutils
 .text.bb_full_fd_action
                0x0000000000009bcd      0x236 libbb/lib.a(copyfd.o)
 .text.bb_copyfd_size
                0x0000000000009e03       0x2d libbb/lib.a(copyfd.o)
                0x0000000000009e03                bb_copyfd_size
 .text.bb_copyfd_exact_size
                0x0000000000009e30       0x6f libbb/lib.a(copyfd.o)
                0x0000000000009e30                bb_copyfd_exact_size
 .text.bb_copyfd_eof
                0x0000000000009e9f       0x14 libbb/lib.a(copyfd.o)
                0x0000000000009e9f                bb_copyfd_eof
 .text.full_write
                0x0000000000009eb3       0x36 libbb/lib.a(full_write.o)
                0x0000000000009eb3                full_write
 .text.safe_read
                0x0000000000009ee9       0x44 libbb/lib.a(read.o)
                0x0000000000009ee9                safe_read
 .text.full_read
                0x0000000000009f2d       0x38 libbb/lib.a(read.o)
                0x0000000000009f2d                full_read
 .text.read_close
                0x0000000000009f65       0x26 libbb/lib.a(read.o)
                0x0000000000009f65                read_close
 .text.open_read_close
                0x0000000000009f8b       0x39 libbb/lib.a(read.o)
                0x0000000000009f8b                open_read_close
 .text.safe_write
                0x0000000000009fc4       0x44 libbb/lib.a(safe_write.o)
                0x0000000000009fc4                safe_write
 .text.record_signo
                0x000000000000a008       0x15 libbb/lib.a(signals.o)
                0x000000000000a008                record_signo
 .text.sigaction_set
                0x000000000000a01d       0x1a libbb/lib.a(signals.o)
                0x000000000000a01d                sigaction_set
 .text.sigprocmask_allsigs
                0x000000000000a037       0x57 libbb/lib.a(signals.o)
                0x000000000000a037                sigprocmask_allsigs
 .text.sigprocmask2
                0x000000000000a08e       0x19 libbb/lib.a(signals.o)
                0x000000000000a08e                sigprocmask2
 .text.bb_signals
                0x000000000000a0a7       0x3e libbb/lib.a(signals.o)
                0x000000000000a0a7                bb_signals
 .text.bb_signals_norestart
                0x000000000000a0e5       0x68 libbb/lib.a(signals.o)
                0x000000000000a0e5                bb_signals_norestart
 .text.sig_unblock
                0x000000000000a14d       0x5f libbb/lib.a(signals.o)
                0x000000000000a14d                sig_unblock
 .text.kill_myself_with_sig
                0x000000000000a1ac       0x30 libbb/lib.a(signals.o)
                0x000000000000a1ac                kill_myself_with_sig
 .text.signal_SA_RESTART_empty_mask
                0x000000000000a1dc       0x61 libbb/lib.a(signals.o)
                0x000000000000a1dc                signal_SA_RESTART_empty_mask
 .text.signal_no_SA_RESTART_empty_mask
                0x000000000000a23d       0x56 libbb/lib.a(signals.o)
                0x000000000000a23d                signal_no_SA_RESTART_empty_mask
 .text.get_mono
                0x000000000000a293       0x27 libbb/lib.a(time.o)
 .text.parse_datestr
                0x000000000000a2ba      0x2f6 libbb/lib.a(time.o)
                0x000000000000a2ba                parse_datestr
 .text.validate_tm_time
                0x000000000000a5b0       0x2b libbb/lib.a(time.o)
                0x000000000000a5b0                validate_tm_time
 .text.strftime_HHMMSS
                0x000000000000a5db       0x66 libbb/lib.a(time.o)
                0x000000000000a5db                strftime_HHMMSS
 .text.strftime_YYYYMMDDHHMMSS
                0x000000000000a641       0x66 libbb/lib.a(time.o)
                0x000000000000a641                strftime_YYYYMMDDHHMMSS
 .text.monotonic_us
                0x000000000000a6a7       0x4f libbb/lib.a(time.o)
                0x000000000000a6a7                monotonic_us
 .text.monotonic_ms
                0x000000000000a6f6       0x4f libbb/lib.a(time.o)
                0x000000000000a6f6                monotonic_ms
 .text.monotonic_sec
                0x000000000000a745       0x2d libbb/lib.a(time.o)
                0x000000000000a745                monotonic_sec
 .text.xrealloc_getcwd_or_warn
                0x000000000000a772       0x6d libbb/lib.a(xgetcwd.o)
                0x000000000000a772                xrealloc_getcwd_or_warn
 .text.handle_errors
                0x000000000000a7df       0x6f libbb/lib.a(bb_strtonum.o)
 .text.bb_strtoull
                0x000000000000a84e       0x8d libbb/lib.a(bb_strtonum.o)
                0x000000000000a84e                bb_strtoull
 .text.bb_strtoll
                0x000000000000a8db       0x94 libbb/lib.a(bb_strtonum.o)
                0x000000000000a8db                bb_strtoll
 .text.bb_strtoul
                0x000000000000a96f       0x8c libbb/lib.a(bb_strtonum.o)
                0x000000000000a96f                bb_strtoul
 .text.bb_strtol
                0x000000000000a9fb       0x92 libbb/lib.a(bb_strtonum.o)
                0x000000000000a9fb                bb_strtol
 .text.addgroup_main
                0x000000000000aa8d      0x158 loginutils/lib.a(addgroup.o)
                0x000000000000aa8d                addgroup_main
 .text.addgroup_wrapper
                0x000000000000abe5       0x90 loginutils/lib.a(adduser.o)
 .text.adduser_main
                0x000000000000ac75      0x3b8 loginutils/lib.a(adduser.o)
                0x000000000000ac75                adduser_main
 .text.cryptpw_main
                0x000000000000b02d      0x111 loginutils/lib.a(cryptpw.o)
                0x000000000000b02d                cryptpw_main
 .text.deluser_main
                0x000000000000b13e      0x185 loginutils/lib.a(deluser.o)
                0x000000000000b13e                deluser_main
 .text.sleep10  0x000000000000b2c3       0x16 loginutils/lib.a(getty.o)
 .text.bcode    0x000000000000b2d9       0x16 loginutils/lib.a(getty.o)
 .text.set_tty_attrs
                0x000000000000b2ef       0x2b loginutils/lib.a(getty.o)
 .text.finalize_tty_attrs
                0x000000000000b31a       0x55 loginutils/lib.a(getty.o)
 .text.alarm_handler
                0x000000000000b36f        0xa loginutils/lib.a(getty.o)
 .text.getty_main
                0x000000000000b379      0x65a loginutils/lib.a(getty.o)
                0x000000000000b379                getty_main
 .text.alarm_handler
                0x000000000000b9d3       0x47 loginutils/lib.a(login.o)
 .text.login_main
                0x000000000000ba1a      0x409 loginutils/lib.a(login.o)
                0x000000000000ba1a                login_main
 .text.passwd_main
                0x000000000000be23      0x411 loginutils/lib.a(passwd.o)
                0x000000000000be23                passwd_main
 .text.su_main  0x000000000000c234      0x21a loginutils/lib.a(su.o)
                0x000000000000c234                su_main
 .text.sulogin_main
                0x000000000000c44e      0x195 loginutils/lib.a(sulogin.o)
                0x000000000000c44e                sulogin_main
 .text.acquire_vt
                0x000000000000c5e3       0x1f loginutils/lib.a(vlock.o)
 .text.release_vt
                0x000000000000c602       0x2a loginutils/lib.a(vlock.o)
 .text.vlock_main
                0x000000000000c62c      0x198 loginutils/lib.a(vlock.o)
                0x000000000000c62c                vlock_main
 .text.ascii_main
                0x000000000000c7c4       0xfd miscutils/lib.a(ascii.o)
                0x000000000000c7c4                ascii_main
 .text.bc_vec_pop
                0x000000000000c8c1       0x1b miscutils/lib.a(bc.o)
 .text.bc_vec_npop
                0x000000000000c8dc       0x2b miscutils/lib.a(bc.o)
 .text.bc_vec_pop_all
                0x000000000000c907        0x8 miscutils/lib.a(bc.o)
 .text.bc_vec_item_rev
                0x000000000000c90f       0x10 miscutils/lib.a(bc.o)
 .text.bc_vec_top
                0x000000000000c91f        0xd miscutils/lib.a(bc.o)
 .text.xc_program_func
                0x000000000000c92c       0x1f miscutils/lib.a(bc.o)
 .text.bc_program_current_func
                0x000000000000c94b       0x21 miscutils/lib.a(bc.o)
 .text.xc_program_str
                0x000000000000c96c       0x3f miscutils/lib.a(bc.o)
 .text.bc_num_one
                0x000000000000c9ab       0x18 miscutils/lib.a(bc.o)
 .text.bc_num_subArrays
                0x000000000000c9c3       0x31 miscutils/lib.a(bc.o)
 .text.BC_NUM_MREQ
                0x000000000000c9f4       0x26 miscutils/lib.a(bc.o)
 .text.bc_num_cmp
                0x000000000000ca1a      0x104 miscutils/lib.a(bc.o)
 .text.bc_num_clean
                0x000000000000cb1e       0x35 miscutils/lib.a(bc.o)
 .text.xc_lex_lineComment
                0x000000000000cb53       0x28 miscutils/lib.a(bc.o)
 .text.xc_lex_whitespace
                0x000000000000cb7b       0x3e miscutils/lib.a(bc.o)
 .text.parse_lex_by_checking_eq_sign
                0x000000000000cbb9       0x23 miscutils/lib.a(bc.o)
 .text.xc_program_reset
                0x000000000000cbdc       0x49 miscutils/lib.a(bc.o)
 .text.bc_parse_inst_isLeaf
                0x000000000000cc25       0x18 miscutils/lib.a(bc.o)
 .text.rewrite_label_to_current
                0x000000000000cc3d       0x22 miscutils/lib.a(bc.o)
 .text.xc_program_index
                0x000000000000cc5f       0x45 miscutils/lib.a(bc.o)
 .text.bc_vec_init
                0x000000000000cca4       0x25 miscutils/lib.a(bc.o)
 .text.bc_char_vec_init
                0x000000000000ccc9        0xc miscutils/lib.a(bc.o)
 .text.bc_func_init
                0x000000000000ccd5       0x68 miscutils/lib.a(bc.o)
 .text.bc_num_init
                0x000000000000cd3d       0x31 miscutils/lib.a(bc.o)
 .text.bc_num_init_DEF_SIZE
                0x000000000000cd6e        0xa miscutils/lib.a(bc.o)
 .text.bc_num_free
                0x000000000000cd78       0x16 miscutils/lib.a(bc.o)
 .text.bc_result_free
                0x000000000000cd8e       0x33 miscutils/lib.a(bc.o)
 .text.bc_string_free
                0x000000000000cdc1       0x16 miscutils/lib.a(bc.o)
 .text.bc_vec_free
                0x000000000000cdd7       0x21 miscutils/lib.a(bc.o)
 .text.bc_func_free
                0x000000000000cdf8       0x29 miscutils/lib.a(bc.o)
 .text.xc_parse_free
                0x000000000000ce21       0x32 miscutils/lib.a(bc.o)
 .text.bc_id_free
                0x000000000000ce53       0x16 miscutils/lib.a(bc.o)
 .text.xc_parse_create
                0x000000000000ce69       0x67 miscutils/lib.a(bc.o)
 .text.bc_map_find_ge
                0x000000000000ced0       0x60 miscutils/lib.a(bc.o)
 .text.bc_vec_grow
                0x000000000000cf30       0x29 miscutils/lib.a(bc.o)
 .text.bc_vec_expand
                0x000000000000cf59       0x21 miscutils/lib.a(bc.o)
 .text.bc_num_expand
                0x000000000000cf7a       0x26 miscutils/lib.a(bc.o)
 .text.bc_num_ulong2num
                0x000000000000cfa0       0x49 miscutils/lib.a(bc.o)
 .text.bc_num_truncate
                0x000000000000cfe9       0x30 miscutils/lib.a(bc.o)
 .text.bc_vec_npush
                0x000000000000d019       0x52 miscutils/lib.a(bc.o)
 .text.bc_vec_push
                0x000000000000d06b        0xc miscutils/lib.a(bc.o)
 .text.xc_program_add_fn
                0x000000000000d077       0x53 miscutils/lib.a(bc.o)
 .text.bc_array_expand
                0x000000000000d0ca       0x82 miscutils/lib.a(bc.o)
 .text.bc_array_init
                0x000000000000d14c       0x39 miscutils/lib.a(bc.o)
 .text.bc_num_extend
                0x000000000000d185       0x4a miscutils/lib.a(bc.o)
 .text.zbc_num_shift
                0x000000000000d1cf       0x34 miscutils/lib.a(bc.o)
 .text.bc_num_retireMul
                0x000000000000d203       0x42 miscutils/lib.a(bc.o)
 .text.bc_args  0x000000000000d245       0xa1 miscutils/lib.a(bc.o)
 .text.bc_verror_msg
                0x000000000000d2e6       0x6c miscutils/lib.a(bc.o)
 .text.zbc_posix_error_fmt
                0x000000000000d352       0x4c miscutils/lib.a(bc.o)
 .text.bc_error_fmt
                0x000000000000d39e       0x36 miscutils/lib.a(bc.o)
 .text.bc_error
                0x000000000000d3d4       0x1b miscutils/lib.a(bc.o)
 .text.zbc_func_insert
                0x000000000000d3ef       0xab miscutils/lib.a(bc.o)
 .text.bc_error_variable_is_wrong_type
                0x000000000000d49a       0x15 miscutils/lib.a(bc.o)
 .text.zbc_num_ulong_abs
                0x000000000000d4af       0x55 miscutils/lib.a(bc.o)
 .text.zbc_num_ulong
                0x000000000000d504       0x21 miscutils/lib.a(bc.o)
 .text.bc_error_stack_has_too_few_elements
                0x000000000000d525       0x15 miscutils/lib.a(bc.o)
 .text.bad_input_byte
                0x000000000000d53a       0x3f miscutils/lib.a(bc.o)
 .text.bc_error_bad_character
                0x000000000000d579       0x2d miscutils/lib.a(bc.o)
 .text.xc_program_name
                0x000000000000d5a6       0x2e miscutils/lib.a(bc.o)
 .text.xc_parse_pushName
                0x000000000000d5d4       0x4b miscutils/lib.a(bc.o)
 .text.bc_num_copy
                0x000000000000d61f       0x32 miscutils/lib.a(bc.o)
 .text.zbc_num_a
                0x000000000000d651      0x1a5 miscutils/lib.a(bc.o)
 .text.bc_num_init_and_copy
                0x000000000000d7f6       0x1b miscutils/lib.a(bc.o)
 .text.zbc_num_s
                0x000000000000d811       0xec miscutils/lib.a(bc.o)
 .text.bc_num_split
                0x000000000000d8fd       0x6e miscutils/lib.a(bc.o)
 .text.fflush_and_check
                0x000000000000d96b       0x42 miscutils/lib.a(bc.o)
 .text.quit     0x000000000000d9ad       0x35 miscutils/lib.a(bc.o)
 .text.bc_error_at
                0x000000000000d9e2       0x50 miscutils/lib.a(bc.o)
 .text.bc_error_bad_expression
                0x000000000000da32       0x15 miscutils/lib.a(bc.o)
 .text.bc_error_bad_token
                0x000000000000da47       0x15 miscutils/lib.a(bc.o)
 .text.bc_num_printNewline
                0x000000000000da5c       0x40 miscutils/lib.a(bc.o)
 .text.bc_num_printHex
                0x000000000000da9c       0x4f miscutils/lib.a(bc.o)
 .text.bc_num_printDigits
                0x000000000000daeb       0x8e miscutils/lib.a(bc.o)
 .text.dc_num_printChar
                0x000000000000db79       0x26 miscutils/lib.a(bc.o)
 .text.zbc_num_binary
                0x000000000000db9f       0xb2 miscutils/lib.a(bc.o)
 .text.zbc_num_mul
                0x000000000000dc51       0x42 miscutils/lib.a(bc.o)
 .text.zbc_num_sub
                0x000000000000dc93       0x5e miscutils/lib.a(bc.o)
 .text.zbc_num_div
                0x000000000000dcf1       0x42 miscutils/lib.a(bc.o)
 .text.zbc_num_mod
                0x000000000000dd33       0x42 miscutils/lib.a(bc.o)
 .text.zbc_num_pow
                0x000000000000dd75       0x32 miscutils/lib.a(bc.o)
 .text.xc_program_dereference.isra.0
                0x000000000000dda7       0x75 miscutils/lib.a(bc.o)
 .text.bc_vec_pushZeroByte.isra.0
                0x000000000000de1c       0x16 miscutils/lib.a(bc.o)
 .text.bc_vec_string
                0x000000000000de32       0x30 miscutils/lib.a(bc.o)
 .text.xc_lex_name
                0x000000000000de62       0x53 miscutils/lib.a(bc.o)
 .text.bc_result_pop_and_push.isra.0
                0x000000000000deb5       0x52 miscutils/lib.a(bc.o)
 .text.zdc_program_assignStr
                0x000000000000df07       0xa1 miscutils/lib.a(bc.o)
 .text.xc_program_binOpRetire
                0x000000000000dfa8       0x2c miscutils/lib.a(bc.o)
 .text.bc_vec_pushIndex
                0x000000000000dfd4       0x82 miscutils/lib.a(bc.o)
 .text.xc_parse_push
                0x000000000000e056       0x46 miscutils/lib.a(bc.o)
 .text.xc_parse_pushInst_and_Index
                0x000000000000e09c       0x28 miscutils/lib.a(bc.o)
 .text.xc_parse_pushNUM
                0x000000000000e0c4       0x6f miscutils/lib.a(bc.o)
 .text.bc_parse_operator
                0x000000000000e133       0xb1 miscutils/lib.a(bc.o)
 .text.xc_read_line
                0x000000000000e1e4      0x1ba miscutils/lib.a(bc.o)
 .text.peek_inbuf
                0x000000000000e39e       0x45 miscutils/lib.a(bc.o)
 .text.eat_inbuf
                0x000000000000e3e3       0x20 miscutils/lib.a(bc.o)
 .text.zxc_lex_number
                0x000000000000e403      0x105 miscutils/lib.a(bc.o)
 .text.zbc_num_p
                0x000000000000e508      0x23d miscutils/lib.a(bc.o)
 .text.zbc_num_add
                0x000000000000e745       0x5e miscutils/lib.a(bc.o)
 .text.zbc_num_k
                0x000000000000e7a3      0x3f5 miscutils/lib.a(bc.o)
 .text.zbc_num_m
                0x000000000000eb98      0x12b miscutils/lib.a(bc.o)
 .text.zbc_num_sqrt
                0x000000000000ecc3      0x2d8 miscutils/lib.a(bc.o)
 .text.zbc_num_d
                0x000000000000ef9b      0x274 miscutils/lib.a(bc.o)
 .text.zbc_num_r
                0x000000000000f20f      0x12a miscutils/lib.a(bc.o)
 .text.zbc_num_rem
                0x000000000000f339       0x7b miscutils/lib.a(bc.o)
 .text.zbc_num_divmod
                0x000000000000f3b4       0xb5 miscutils/lib.a(bc.o)
 .text.zxc_num_printNum
                0x000000000000f469      0x234 miscutils/lib.a(bc.o)
 .text.bc_map_insert
                0x000000000000f69d       0xa9 miscutils/lib.a(bc.o)
 .text.bc_program_addFunc
                0x000000000000f746       0xad miscutils/lib.a(bc.o)
 .text.xc_vm_init
                0x000000000000f7f3      0x2e7 miscutils/lib.a(bc.o)
 .text.xc_program_search
                0x000000000000fada       0xb9 miscutils/lib.a(bc.o)
 .text.xc_program_pushVar
                0x000000000000fb93       0xf1 miscutils/lib.a(bc.o)
 .text.zxc_program_num
                0x000000000000fc84      0x431 miscutils/lib.a(bc.o)
 .text.zxc_program_binOpPrep
                0x00000000000100b5      0x108 miscutils/lib.a(bc.o)
 .text.zxc_program_prep
                0x00000000000101bd       0x61 miscutils/lib.a(bc.o)
 .text.xc_program_print
                0x000000000001021e      0x344 miscutils/lib.a(bc.o)
 .text.zxc_program_assign
                0x0000000000010562      0x1f1 miscutils/lib.a(bc.o)
 .text.bc_map_find_exact
                0x0000000000010753       0x43 miscutils/lib.a(bc.o)
 .text.zxc_program_popResultAndCopyToVar
                0x0000000000010796      0x240 miscutils/lib.a(bc.o)
 .text.zxc_lex_next
                0x00000000000109d6      0x61d miscutils/lib.a(bc.o)
 .text.zxc_parse_text_init
                0x0000000000010ff3       0x2d miscutils/lib.a(bc.o)
 .text.zbc_parse_pushSTR
                0x0000000000011020       0x65 miscutils/lib.a(bc.o)
 .text.zdc_parse_register
                0x0000000000011085       0x36 miscutils/lib.a(bc.o)
 .text.zdc_parse_mem
                0x00000000000110bb       0x48 miscutils/lib.a(bc.o)
 .text.zdc_parse_expr
                0x0000000000011103      0x204 miscutils/lib.a(bc.o)
 .text.zdc_parse_exprs_until_eof
                0x0000000000011307       0x25 miscutils/lib.a(bc.o)
 .text.zbc_parse_expr
                0x000000000001132c      0x73e miscutils/lib.a(bc.o)
 .text.zbc_parse_name
                0x0000000000011a6a      0x1f9 miscutils/lib.a(bc.o)
 .text.zbc_parse_stmt_possibly_auto
                0x0000000000011c63      0x6bf miscutils/lib.a(bc.o)
 .text.zbc_parse_stmt_allow_NLINE_before
                0x0000000000012322       0x51 miscutils/lib.a(bc.o)
 .text.zxc_vm_process
                0x0000000000012373     0x1888 miscutils/lib.a(bc.o)
 .text.zxc_vm_execute_FILE
                0x0000000000013bfb       0x4d miscutils/lib.a(bc.o)
 .text.zxc_vm_exec
                0x0000000000013c48       0xa0 miscutils/lib.a(bc.o)
 .text.bc_main  0x0000000000013ce8       0x5f miscutils/lib.a(bc.o)
                0x0000000000013ce8                bc_main
 .text.dc_main  0x0000000000013d47       0xff miscutils/lib.a(bc.o)
                0x0000000000013d47                dc_main
 .text.__x86.get_pc_thunk.bp
                0x0000000000013e46        0x4 miscutils/lib.a(bc.o)
                0x0000000000013e46                __x86.get_pc_thunk.bp
 .text.log8     0x0000000000013e4a       0x23 miscutils/lib.a(crond.o)
 .text.reopen_logfile_to_stderr
                0x0000000000013e6d       0x30 miscutils/lib.a(crond.o)
 .text.delete_cronfile
                0x0000000000013e9d       0x9d miscutils/lib.a(crond.o)
 .text.ParseField
                0x0000000000013f3a      0x232 miscutils/lib.a(crond.o)
 .text.safe_setenv
                0x000000000001416c       0x40 miscutils/lib.a(crond.o)
 .text.log7.constprop.0
                0x00000000000141ac       0x25 miscutils/lib.a(crond.o)
 .text.log5     0x00000000000141d1       0x23 miscutils/lib.a(crond.o)
 .text.load_crontab
                0x00000000000141f4      0x3fb miscutils/lib.a(crond.o)
 .text.rescan_crontab_dir
                0x00000000000145ef       0x98 miscutils/lib.a(crond.o)
 .text.start_one_job
                0x0000000000014687      0x1a2 miscutils/lib.a(crond.o)
 .text.start_jobs
                0x0000000000014829       0x7b miscutils/lib.a(crond.o)
 .text.crond_main
                0x00000000000148a4      0x3a7 miscutils/lib.a(crond.o)
                0x00000000000148a4                crond_main
 .text.edit_file
                0x0000000000014c4b       0xbe miscutils/lib.a(crontab.o)
 .text.crontab_main
                0x0000000000014d09      0x29d miscutils/lib.a(crontab.o)
                0x0000000000014d09                crontab_main
 .text.devmem_main
                0x0000000000014fa6      0x1be miscutils/lib.a(devmem.o)
                0x0000000000014fa6                devmem_main
 .text.parse_opts
                0x0000000000015164       0x31 miscutils/lib.a(hdparm.o)
 .text.parse_opts_0_1
                0x0000000000015195        0xc miscutils/lib.a(hdparm.o)
 .text.parse_opts_0_INTMAX
                0x00000000000151a1        0xc miscutils/lib.a(hdparm.o)
 .text.translate_xfermode
                0x00000000000151ad       0x6c miscutils/lib.a(hdparm.o)
 .text.read_big_block
                0x0000000000015219       0x2a miscutils/lib.a(hdparm.o)
 .text.xprint_ascii
                0x0000000000015243       0x6e miscutils/lib.a(hdparm.o)
 .text.mode_loop
                0x00000000000152b1       0x92 miscutils/lib.a(hdparm.o)
 .text.print_value_on_off
                0x0000000000015343       0x3a miscutils/lib.a(hdparm.o)
 .text.identify
                0x000000000001537d     0x11d4 miscutils/lib.a(hdparm.o)
 .text.identify_from_stdin
                0x0000000000016551       0x9e miscutils/lib.a(hdparm.o)
 .text.dump_identity
                0x00000000000165ef      0x403 miscutils/lib.a(hdparm.o)
 .text.seek_to_zero
                0x00000000000169f2       0x11 miscutils/lib.a(hdparm.o)
 .text.flush_buffer_cache
                0x0000000000016a03       0x5e miscutils/lib.a(hdparm.o)
 .text.do_time  0x0000000000016a61      0x1cb miscutils/lib.a(hdparm.o)
 .text.ioctl_alt_func.constprop.0
                0x0000000000016c2c       0x49 miscutils/lib.a(hdparm.o)
 .text.print_flag_on_off.constprop.0
                0x0000000000016c75       0x3a miscutils/lib.a(hdparm.o)
 .text.process_dev
                0x0000000000016caf      0xb7b miscutils/lib.a(hdparm.o)
 .text.hdparm_main
                0x000000000001782a      0x2c8 miscutils/lib.a(hdparm.o)
                0x000000000001782a                hdparm_main
 .text.format_line
                0x0000000000017af2      0x158 miscutils/lib.a(hexedit.o)
 .text.redraw_cur_line
                0x0000000000017c4a       0x84 miscutils/lib.a(hexedit.o)
 .text.redraw   0x0000000000017cce      0x11a miscutils/lib.a(hexedit.o)
 .text.restore_term
                0x0000000000017de8       0x2d miscutils/lib.a(hexedit.o)
 .text.sig_catcher
                0x0000000000017e15       0x34 miscutils/lib.a(hexedit.o)
 .text.remap    0x0000000000017e49       0xbc miscutils/lib.a(hexedit.o)
 .text.move_mapping_further
                0x0000000000017f05       0x79 miscutils/lib.a(hexedit.o)
 .text.move_mapping_lower
                0x0000000000017f7e       0x65 miscutils/lib.a(hexedit.o)
 .text.hexedit_main
                0x0000000000017fe3      0x4a9 miscutils/lib.a(hexedit.o)
                0x0000000000017fe3                hexedit_main
 .text.i2c_bus_lookup
                0x000000000001848c       0x12 miscutils/lib.a(i2c_tools.o)
 .text.i2c_dev_open
                0x000000000001849e       0x84 miscutils/lib.a(i2c_tools.o)
 .text.get_funcs_matrix
                0x0000000000018522       0x22 miscutils/lib.a(i2c_tools.o)
 .text.i2c_set_slave_addr
                0x0000000000018544       0x32 miscutils/lib.a(i2c_tools.o)
 .text.check_funcs_test_end
                0x0000000000018576       0x36 miscutils/lib.a(i2c_tools.o)
 .text.check_read_funcs
                0x00000000000185ac       0xd1 miscutils/lib.a(i2c_tools.o)
 .text.confirm_or_abort
                0x000000000001867d       0x38 miscutils/lib.a(i2c_tools.o)
 .text.confirm_action
                0x00000000000186b5       0x71 miscutils/lib.a(i2c_tools.o)
 .text.i2c_smbus_access
                0x0000000000018726       0x5d miscutils/lib.a(i2c_tools.o)
 .text.i2c_smbus_read_byte
                0x0000000000018783       0x44 miscutils/lib.a(i2c_tools.o)
 .text.i2c_smbus_read_word_data
                0x00000000000187c7       0x45 miscutils/lib.a(i2c_tools.o)
 .text.i2c_smbus_read_byte_data
                0x000000000001880c       0x45 miscutils/lib.a(i2c_tools.o)
 .text.list_i2c_busses_and_exit
                0x0000000000018851      0x21f miscutils/lib.a(i2c_tools.o)
 .text.i2cget_main
                0x0000000000018a70      0x1bc miscutils/lib.a(i2c_tools.o)
                0x0000000000018a70                i2cget_main
 .text.i2cset_main
                0x0000000000018c2c      0x503 miscutils/lib.a(i2c_tools.o)
                0x0000000000018c2c                i2cset_main
 .text.i2cdump_main
                0x000000000001912f      0x652 miscutils/lib.a(i2c_tools.o)
                0x000000000001912f                i2cdump_main
 .text.i2cdetect_main
                0x0000000000019781      0x36f miscutils/lib.a(i2c_tools.o)
                0x0000000000019781                i2cdetect_main
 .text.i2ctransfer_main
                0x0000000000019af0      0x335 miscutils/lib.a(i2c_tools.o)
                0x0000000000019af0                i2ctransfer_main
 .text.at_end   0x0000000000019e25       0x4c miscutils/lib.a(less.o)
 .text.safe_lineno
                0x0000000000019e71       0x2e miscutils/lib.a(less.o)
 .text.opp_bracket
                0x0000000000019e9f       0x33 miscutils/lib.a(less.o)
 .text.set_tty_cooked
                0x0000000000019ed2       0x2d miscutils/lib.a(less.o)
 .text.clear_line
                0x0000000000019eff       0x29 miscutils/lib.a(less.o)
 .text.restore_tty
                0x0000000000019f28       0x2b miscutils/lib.a(less.o)
 .text.sig_catcher
                0x0000000000019f53        0xe miscutils/lib.a(less.o)
 .text.print_statusline
                0x0000000000019f61       0x32 miscutils/lib.a(less.o)
 .text.fill_match_lines
                0x0000000000019f93       0x70 miscutils/lib.a(less.o)
 .text.read_lines
                0x000000000001a003      0x349 miscutils/lib.a(less.o)
 .text.goto_lineno
                0x000000000001a34c       0x66 miscutils/lib.a(less.o)
 .text.cap_cur_fline
                0x000000000001a3b2       0x66 miscutils/lib.a(less.o)
 .text.less_exit
                0x000000000001a418        0xa miscutils/lib.a(less.o)
 .text.update_num_lines
                0x000000000001a422       0xef miscutils/lib.a(less.o)
 .text.m_status_print
                0x000000000001a511      0x11c miscutils/lib.a(less.o)
 .text.status_print
                0x000000000001a62d       0x83 miscutils/lib.a(less.o)
 .text.buffer_print
                0x000000000001a6b0      0x2e3 miscutils/lib.a(less.o)
 .text.buffer_fill_and_print
                0x000000000001a993       0xa5 miscutils/lib.a(less.o)
 .text.reinitialize
                0x000000000001aa38       0xaf miscutils/lib.a(less.o)
 .text.change_file
                0x000000000001aae7       0x6b miscutils/lib.a(less.o)
 .text.buffer_down
                0x000000000001ab52       0x41 miscutils/lib.a(less.o)
 .text.buffer_up
                0x000000000001ab93       0x4a miscutils/lib.a(less.o)
 .text.buffer_to_line
                0x000000000001abdd       0x3f miscutils/lib.a(less.o)
 .text.goto_match
                0x000000000001ac1c       0x71 miscutils/lib.a(less.o)
 .text.getch_nowait
                0x000000000001ac8d      0x117 miscutils/lib.a(less.o)
 .text.less_getch
                0x000000000001ada4       0x46 miscutils/lib.a(less.o)
 .text.less_gets
                0x000000000001adea       0xb5 miscutils/lib.a(less.o)
 .text.examine_file
                0x000000000001ae9f       0x82 miscutils/lib.a(less.o)
 .text.regex_process
                0x000000000001af21      0x10e miscutils/lib.a(less.o)
 .text.less_main
                0x000000000001b02f      0x768 miscutils/lib.a(less.o)
                0x000000000001b02f                less_main
 .text.get_line
                0x000000000001b797       0x2d miscutils/lib.a(lsscsi.o)
 .text.lsscsi_main
                0x000000000001b7c4      0x185 miscutils/lib.a(lsscsi.o)
                0x000000000001b7c4                lsscsi_main
 .text.makedevs_main
                0x000000000001b949      0x3e1 miscutils/lib.a(makedevs.o)
                0x000000000001b949                makedevs_main
 .text.microcom_main
                0x000000000001bd2a      0x317 miscutils/lib.a(microcom.o)
                0x000000000001bd2a                microcom_main
 .text.mt_main  0x000000000001c041      0x11b miscutils/lib.a(mt.o)
                0x000000000001c041                mt_main
 .text.partprobe_main
                0x000000000001c15c       0x65 miscutils/lib.a(partprobe.o)
                0x000000000001c15c                partprobe_main
 .text.runlevel_main
                0x000000000001c1c1       0x86 miscutils/lib.a(runlevel.o)
                0x000000000001c1c1                runlevel_main
 .text.seedrng_main
                0x000000000001c247      0x3cf miscutils/lib.a(seedrng.o)
                0x000000000001c247                seedrng_main
 .text.setfattr_main
                0x000000000001c616       0xf5 miscutils/lib.a(setfattr.o)
                0x000000000001c616                setfattr_main
 .text.index_in_strings_case_insensitive
                0x000000000001c70b       0x3f miscutils/lib.a(setserial.o)
 .text.get_numeric
                0x000000000001c74a        0x9 miscutils/lib.a(setserial.o)
 .text.setserial_main
                0x000000000001c753      0x5c1 miscutils/lib.a(setserial.o)
                0x000000000001c753                setserial_main
 .text.strings_main
                0x000000000001cd14      0x1d7 miscutils/lib.a(strings.o)
                0x000000000001cd14                strings_main
 .text.ptok     0x000000000001ceeb       0x15 miscutils/lib.a(time.o)
 .text.run_command
                0x000000000001cf00       0xe7 miscutils/lib.a(time.o)
 .text.time_main
                0x000000000001cfe7      0x45f miscutils/lib.a(time.o)
                0x000000000001cfe7                time_main
 .text.tree_print
                0x000000000001d446      0x1bc miscutils/lib.a(tree.o)
 .text.tree_main
                0x000000000001d602       0x95 miscutils/lib.a(tree.o)
                0x000000000001d602                tree_main
 .text.ts_main  0x000000000001d697      0x1ae miscutils/lib.a(ts.o)
                0x000000000001d697                ts_main
 .text.ubirename_main
                0x000000000001d845       0xdc miscutils/lib.a(ubirename.o)
                0x000000000001d845                ubirename_main
 .text.shutdown_on_signal
                0x000000000001d921       0x28 miscutils/lib.a(watchdog.o)
 .text.watchdog_main
                0x000000000001d949      0x11a miscutils/lib.a(watchdog.o)
                0x000000000001d949                watchdog_main
 .text.insmod_main
                0x000000000001da63       0x53 modutils/lib.a(insmod.o)
                0x000000000001da63                insmod_main
 .text.lsmod_main
                0x000000000001dab6      0x11f modutils/lib.a(lsmod.o)
                0x000000000001dab6                lsmod_main
 .text.read_config
                0x000000000001dbd5       0x20 modutils/lib.a(modprobe.o)
 .text.gather_options_str
                0x000000000001dbf5       0x5e modutils/lib.a(modprobe.o)
 .text.load_modules_dep
                0x000000000001dc53      0x11d modutils/lib.a(modprobe.o)
 .text.get_or_add_modentry
                0x000000000001dd70       0x1e modutils/lib.a(modprobe.o)
 .text.add_probe
                0x000000000001dd8e       0x59 modutils/lib.a(modprobe.o)
 .text.config_file_action
                0x000000000001dde7      0x1d7 modutils/lib.a(modprobe.o)
 .text.do_modprobe
                0x000000000001dfbe      0x2c7 modutils/lib.a(modprobe.o)
 .text.modprobe_main
                0x000000000001e285      0x31b modutils/lib.a(modprobe.o)
                0x000000000001e285                modprobe_main
 .text.replace  0x000000000001e5a0       0x12 modutils/lib.a(modutils.o)
                0x000000000001e5a0                replace
 .text.string_to_llist
                0x000000000001e5b2       0x5f modutils/lib.a(modutils.o)
                0x000000000001e5b2                string_to_llist
 .text.filename2modname
                0x000000000001e611       0x76 modutils/lib.a(modutils.o)
                0x000000000001e611                filename2modname
 .text.helper_get_module
                0x000000000001e687       0xb1 modutils/lib.a(modutils.o)
 .text.moddb_get
                0x000000000001e738        0x7 modutils/lib.a(modutils.o)
                0x000000000001e738                moddb_get
 .text.moddb_get_or_create
                0x000000000001e73f        0xa modutils/lib.a(modutils.o)
                0x000000000001e73f                moddb_get_or_create
 .text.parse_cmdline_module_options
                0x000000000001e749       0xbd modutils/lib.a(modutils.o)
                0x000000000001e749                parse_cmdline_module_options
 .text.bb_init_module
                0x000000000001e806       0xd0 modutils/lib.a(modutils.o)
                0x000000000001e806                bb_init_module
 .text.bb_delete_module
                0x000000000001e8d6       0x2d modutils/lib.a(modutils.o)
                0x000000000001e8d6                bb_delete_module
 .text.moderror
                0x000000000001e903       0x5f modutils/lib.a(modutils.o)
                0x000000000001e903                moderror
 .text.rmmod_main
                0x000000000001e962       0xe1 modutils/lib.a(rmmod.o)
                0x000000000001e962                rmmod_main
 .text.arp_show
                0x000000000001ea43      0x2de networking/lib.a(arp.o)
 .text.arp_main
                0x000000000001ed21      0x5a0 networking/lib.a(arp.o)
                0x000000000001ed21                arp_main
 .text.finish   0x000000000001f2c1       0x66 networking/lib.a(arping.o)
 .text.catcher  0x000000000001f327      0x143 networking/lib.a(arping.o)
 .text.arping_main
                0x000000000001f46a      0x66a networking/lib.a(arping.o)
                0x000000000001f46a                arping_main
 .text.undot    0x000000000001fad4       0x25 networking/lib.a(dnsd.o)
 .text.dnsd_main
                0x000000000001faf9      0x516 networking/lib.a(dnsd.o)
                0x000000000001faf9                dnsd_main
 .text.ether_wake_main
                0x000000000002000f      0x2c0 networking/lib.a(ether-wake.o)
                0x000000000002000f                ether_wake_main
 .text.do_sethostname
                0x00000000000202cf       0x6d networking/lib.a(hostname.o)
 .text.hostname_main
                0x000000000002033c      0x165 networking/lib.a(hostname.o)
                0x000000000002033c                hostname_main
 .text.ifconfig_main
                0x00000000000204a1      0x447 networking/lib.a(ifconfig.o)
                0x00000000000204a1                ifconfig_main
 .text.manual_up_down6
                0x00000000000208e8        0x6 networking/lib.a(ifupdown.o)
 .text.check    0x00000000000208ee        0xb networking/lib.a(ifupdown.o)
 .text.doit     0x00000000000208f9       0xce networking/lib.a(ifupdown.o)
 .text.setlocalenv
                0x00000000000209c7       0x65 networking/lib.a(ifupdown.o)
 .text.set_environ
                0x0000000000020a2c      0x140 networking/lib.a(ifupdown.o)
 .text.execute_all
                0x0000000000020b6c       0x8f networking/lib.a(ifupdown.o)
 .text.iface_down
                0x0000000000020bfb       0x8b networking/lib.a(ifupdown.o)
 .text.iface_up
                0x0000000000020c86       0x8d networking/lib.a(ifupdown.o)
 .text.find_iface_state
                0x0000000000020d13       0x26 networking/lib.a(ifupdown.o)
 .text.next_word
                0x0000000000020d39       0x4a networking/lib.a(ifupdown.o)
 .text.strncmpz
                0x0000000000020d83       0x2b networking/lib.a(ifupdown.o)
 .text.get_var  0x0000000000020dae       0x7d networking/lib.a(ifupdown.o)
 .text.addstr   0x0000000000020e2b       0x56 networking/lib.a(ifupdown.o)
 .text.execute  0x0000000000020e81      0x23e networking/lib.a(ifupdown.o)
 .text.loopback_down6
                0x00000000000210bf       0x1c networking/lib.a(ifupdown.o)
 .text.loopback_up6
                0x00000000000210db       0x46 networking/lib.a(ifupdown.o)
 .text.static_up6
                0x0000000000021121       0x55 networking/lib.a(ifupdown.o)
 .text.v4tunnel_down
                0x0000000000021176       0x1c networking/lib.a(ifupdown.o)
 .text.v4tunnel_up
                0x0000000000021192       0x67 networking/lib.a(ifupdown.o)
 .text.loopback_down
                0x00000000000211f9       0x46 networking/lib.a(ifupdown.o)
 .text.loopback_up
                0x000000000002123f       0x46 networking/lib.a(ifupdown.o)
 .text.dhcp_up  0x0000000000021285       0x3f networking/lib.a(ifupdown.o)
 .text.bootp_up
                0x00000000000212c4       0x1c networking/lib.a(ifupdown.o)
 .text.static_up
                0x00000000000212e0       0x55 networking/lib.a(ifupdown.o)
 .text.ppp_down
                0x0000000000021335       0x1c networking/lib.a(ifupdown.o)
 .text.ppp_up   0x0000000000021351       0x1c networking/lib.a(ifupdown.o)
 .text.wvdial_down
                0x000000000002136d       0x1c networking/lib.a(ifupdown.o)
 .text.wvdial_up
                0x0000000000021389       0x1c networking/lib.a(ifupdown.o)
 .text.static_down6
                0x00000000000213a5       0x3c networking/lib.a(ifupdown.o)
 .text.static_down
                0x00000000000213e1       0x5a networking/lib.a(ifupdown.o)
 .text.dhcp_down
                0x000000000002143b       0x46 networking/lib.a(ifupdown.o)
 .text.popen2   0x0000000000021481      0x102 networking/lib.a(ifupdown.o)
 .text.read_iface_state
                0x0000000000021583       0x8c networking/lib.a(ifupdown.o)
 .text.read_interfaces
                0x000000000002160f      0x57b networking/lib.a(ifupdown.o)
 .text.link_up_down
                0x0000000000021b8a        0x6 networking/lib.a(ifupdown.o)
 .text.manual_up_down
                0x0000000000021b90        0x6 networking/lib.a(ifupdown.o)
 .text.ifupdown_main
                0x0000000000021b96      0x4f1 networking/lib.a(ifupdown.o)
                0x0000000000021b96                ifupdown_main
 .text.init_ring
                0x0000000000022087       0x2f networking/lib.a(inetd.o)
 .text.remove_fd_from_set
                0x00000000000220b6       0x40 networking/lib.a(inetd.o)
 .text.maybe_close
                0x00000000000220f6       0x19 networking/lib.a(inetd.o)
 .text.free_servtab_strings
                0x000000000002210f       0x61 networking/lib.a(inetd.o)
 .text.bump_nofile
                0x0000000000022170       0xd1 networking/lib.a(inetd.o)
 .text.add_fd_to_set
                0x0000000000022241       0x6a networking/lib.a(inetd.o)
 .text.clean_up_and_exit
                0x00000000000222ab       0x38 networking/lib.a(inetd.o)
 .text.reap_child
                0x00000000000222e3       0xbf networking/lib.a(inetd.o)
 .text.daytime_stream
                0x00000000000223a2       0x56 networking/lib.a(inetd.o)
 .text.machtime
                0x00000000000223f8       0x34 networking/lib.a(inetd.o)
 .text.machtime_stream
                0x000000000002242c       0x3f networking/lib.a(inetd.o)
 .text.discard_stream
                0x000000000002246b       0x30 networking/lib.a(inetd.o)
 .text.echo_stream
                0x000000000002249b       0x3d networking/lib.a(inetd.o)
 .text.xzalloc_lsa
                0x00000000000224d8       0x2c networking/lib.a(inetd.o)
 .text.block_CHLD_HUP_ALRM
                0x0000000000022504       0x3b networking/lib.a(inetd.o)
 .text.rearm_alarm
                0x000000000002253f       0x26 networking/lib.a(inetd.o)
 .text.prepare_socket_fd
                0x0000000000022565       0xad networking/lib.a(inetd.o)
 .text.retry_network_setup
                0x0000000000022612       0x3d networking/lib.a(inetd.o)
 .text.daytime_dg
                0x000000000002264f       0xbf networking/lib.a(inetd.o)
 .text.machtime_dg
                0x000000000002270e       0x95 networking/lib.a(inetd.o)
 .text.echo_dg  0x00000000000227a3       0x98 networking/lib.a(inetd.o)
 .text.restore_sigmask
                0x000000000002283b       0x1b networking/lib.a(inetd.o)
 .text.discard_dg
                0x0000000000022856       0x2b networking/lib.a(inetd.o)
 .text.chargen_dg
                0x0000000000022881      0x11a networking/lib.a(inetd.o)
 .text.chargen_stream
                0x000000000002299b       0xc1 networking/lib.a(inetd.o)
 .text.parse_one_line
                0x0000000000022a5c      0x436 networking/lib.a(inetd.o)
 .text.reread_config_file
                0x0000000000022e92      0x3d3 networking/lib.a(inetd.o)
 .text.inetd_main
                0x0000000000023265      0x913 networking/lib.a(inetd.o)
                0x0000000000023265                inetd_main
 .text.UNSPEC_print
                0x0000000000023b78       0x66 networking/lib.a(interface.o)
 .text.UNSPEC_sprint
                0x0000000000023bde       0x24 networking/lib.a(interface.o)
 .text.INET6_input
                0x0000000000023c02        0x5 networking/lib.a(interface.o)
 .text.INET6_sprint
                0x0000000000023c07       0x29 networking/lib.a(interface.o)
 .text.INET_input
                0x0000000000023c30        0x7 networking/lib.a(interface.o)
 .text.INET_sprint
                0x0000000000023c37       0x2e networking/lib.a(interface.o)
 .text.ether_print
                0x0000000000023c65       0x3c networking/lib.a(interface.o)
 .text.add_interface
                0x0000000000023ca1       0x6d networking/lib.a(interface.o)
 .text.do_if_fetch
                0x0000000000023d0e      0x2c9 networking/lib.a(interface.o)
 .text.print_bytes_scaled
                0x0000000000023fd7       0x81 networking/lib.a(interface.o)
 .text.in_ib    0x0000000000024058       0x1b networking/lib.a(interface.o)
                0x0000000000024058                in_ib
 .text.if_readlist_proc.constprop.0
                0x0000000000024073      0x276 networking/lib.a(interface.o)
 .text.get_aftype
                0x00000000000242e9       0x37 networking/lib.a(interface.o)
                0x00000000000242e9                get_aftype
 .text.get_hwtype
                0x0000000000024320       0x37 networking/lib.a(interface.o)
                0x0000000000024320                get_hwtype
 .text.get_hwntype
                0x0000000000024357       0x24 networking/lib.a(interface.o)
                0x0000000000024357                get_hwntype
 .text.ife_print
                0x000000000002437b      0x5b2 networking/lib.a(interface.o)
 .text.display_interfaces
                0x000000000002492d      0x15a networking/lib.a(interface.o)
                0x000000000002492d                display_interfaces
 .text.ip_do    0x0000000000024a87       0x10 networking/lib.a(ip.o)
 .text.ip_print_help
                0x0000000000024a97        0x5 networking/lib.a(ip.o)
 .text.ipaddr_main
                0x0000000000024a9c       0x19 networking/lib.a(ip.o)
                0x0000000000024a9c                ipaddr_main
 .text.iplink_main
                0x0000000000024ab5       0x19 networking/lib.a(ip.o)
                0x0000000000024ab5                iplink_main
 .text.iproute_main
                0x0000000000024ace       0x19 networking/lib.a(ip.o)
                0x0000000000024ace                iproute_main
 .text.iprule_main
                0x0000000000024ae7       0x19 networking/lib.a(ip.o)
                0x0000000000024ae7                iprule_main
 .text.iptunnel_main
                0x0000000000024b00       0x19 networking/lib.a(ip.o)
                0x0000000000024b00                iptunnel_main
 .text.ipneigh_main
                0x0000000000024b19       0x19 networking/lib.a(ip.o)
                0x0000000000024b19                ipneigh_main
 .text.ip_main  0x0000000000024b32       0x3f networking/lib.a(ip.o)
                0x0000000000024b32                ip_main
 .text.prepend_new_eth_table
                0x0000000000024b71       0xa5 networking/lib.a(nameif.o)
 .text.nameif_main
                0x0000000000024c16      0x214 networking/lib.a(nameif.o)
                0x0000000000024c16                nameif_main
 .text.build_ipv6_addr
                0x0000000000024e2a       0x7e networking/lib.a(netstat.o)
 .text.ip_port_str
                0x0000000000024ea8       0x91 networking/lib.a(netstat.o)
 .text.print_inet_line
                0x0000000000024f39       0xa0 networking/lib.a(netstat.o)
 .text.do_info  0x0000000000024fd9       0x86 networking/lib.a(netstat.o)
 .text.unix_do_one
                0x000000000002505f      0x23e networking/lib.a(netstat.o)
 .text.scan_inet_proc_line
                0x000000000002529d       0xd0 networking/lib.a(netstat.o)
 .text.raw_do_one
                0x000000000002536d       0x9f networking/lib.a(netstat.o)
 .text.udp_do_one
                0x000000000002540c       0xb5 networking/lib.a(netstat.o)
 .text.tcp_do_one
                0x00000000000254c1       0x77 networking/lib.a(netstat.o)
 .text.netstat_main
                0x0000000000025538      0x1c4 networking/lib.a(netstat.o)
                0x0000000000025538                netstat_main
 .text.add_ns   0x00000000000256fc       0x48 networking/lib.a(nslookup.o)
 .text.parse_resolvconf
                0x0000000000025744      0x174 networking/lib.a(nslookup.o)
 .text.add_query
                0x00000000000258b8       0x6b networking/lib.a(nslookup.o)
 .text.add_query_with_search
                0x0000000000025923       0x80 networking/lib.a(nslookup.o)
 .text.parse_reply
                0x00000000000259a3      0x475 networking/lib.a(nslookup.o)
 .text.send_queries
                0x0000000000025e18      0x337 networking/lib.a(nslookup.o)
 .text.nslookup_main
                0x000000000002614f      0x343 networking/lib.a(nslookup.o)
                0x000000000002614f                nslookup_main
 .text.print_stats_and_exit
                0x0000000000026492       0xe3 networking/lib.a(ping.o)
 .text.sendping4
                0x0000000000026575      0x167 networking/lib.a(ping.o)
 .text.ping_main
                0x00000000000266dc      0x5ad networking/lib.a(ping.o)
                0x00000000000266dc                ping_main
 .text.set_flags
                0x0000000000026c89       0x38 networking/lib.a(route.o)
 .text.kw_lookup
                0x0000000000026cc1       0x6d networking/lib.a(route.o)
 .text.INET6_setroute
                0x0000000000026d2e      0x24b networking/lib.a(route.o)
 .text.INET_setroute
                0x0000000000026f79      0x324 networking/lib.a(route.o)
 .text.INET6_displayroutes
                0x000000000002729d      0x21c networking/lib.a(route.o)
 .text.bb_displayroutes
                0x00000000000274b9      0x1f3 networking/lib.a(route.o)
                0x00000000000274b9                bb_displayroutes
 .text.route_main
                0x00000000000276ac      0x13f networking/lib.a(route.o)
                0x00000000000276ac                route_main
 .text.print_filter
                0x00000000000277eb        0x3 networking/lib.a(tc.o)
 .text.print_tc_classid
                0x00000000000277ee       0x5b networking/lib.a(tc.o)
 .text.cbq_print_opt
                0x0000000000027849      0x254 networking/lib.a(tc.o)
 .text.print_qdisc
                0x0000000000027a9d      0x214 networking/lib.a(tc.o)
 .text.print_class
                0x0000000000027cb1      0x198 networking/lib.a(tc.o)
 .text.tc_main  0x0000000000027e49      0x421 networking/lib.a(tc.o)
                0x0000000000027e49                tc_main
 .text.iac_flush
                0x000000000002826a       0x2f networking/lib.a(telnet.o)
 .text.put_iac  0x0000000000028299       0x32 networking/lib.a(telnet.o)
 .text.put_iac2_msb_lsb
                0x00000000000282cb       0x13 networking/lib.a(telnet.o)
 .text.put_iac4_msb_lsb
                0x00000000000282de       0x13 networking/lib.a(telnet.o)
 .text.put_iac3_IAC_x_y_merged
                0x00000000000282f1       0x15 networking/lib.a(telnet.o)
 .text.rawmode  0x0000000000028306       0x2c networking/lib.a(telnet.o)
 .text.cookmode
                0x0000000000028332       0x2c networking/lib.a(telnet.o)
 .text.setConMode
                0x000000000002835e       0x6a networking/lib.a(telnet.o)
 .text.con_escape
                0x00000000000283c8      0x140 networking/lib.a(telnet.o)
 .text.handle_net_output
                0x0000000000028508       0x9f networking/lib.a(telnet.o)
 .text.telnet_main
                0x00000000000285a7      0x4c8 networking/lib.a(telnet.o)
                0x00000000000285a7                telnet_main
 .text.tftp_blksize_check
                0x0000000000028a6f       0x48 networking/lib.a(tftp.o)
 .text.tftp_main
                0x0000000000028ab7      0x7da networking/lib.a(tftp.o)
                0x0000000000028ab7                tftp_main
 .text.traceroute_init.constprop.0
                0x0000000000029291      0x39a networking/lib.a(traceroute.o)
 .text.traceroute_main
                0x000000000002962b      0x449 networking/lib.a(traceroute.o)
                0x000000000002962b                traceroute_main
 .text.xfind_str
                0x0000000000029a74       0x39 networking/lib.a(vconfig.o)
 .text.vconfig_main
                0x0000000000029aad      0x108 networking/lib.a(vconfig.o)
                0x0000000000029aad                vconfig_main
 .text.alarm_handler
                0x0000000000029bb5       0x22 networking/lib.a(wget.o)
 .text.set_alarm
                0x0000000000029bd7       0x28 networking/lib.a(wget.o)
 .text.open_socket
                0x0000000000029bff       0x42 networking/lib.a(wget.o)
 .text.base64enc
                0x0000000000029c41       0x41 networking/lib.a(wget.o)
 .text.reset_beg_range_to_zero
                0x0000000000029c82       0x3b networking/lib.a(wget.o)
 .text.parse_url
                0x0000000000029cbd      0x13e networking/lib.a(wget.o)
 .text.progress_meter
                0x0000000000029dfb       0xbf networking/lib.a(wget.o)
 .text.fgets_trim_sanitize
                0x0000000000029eba       0x9b networking/lib.a(wget.o)
 .text.get_sanitized_hdr
                0x0000000000029f55       0xa6 networking/lib.a(wget.o)
 .text.retrieve_file_data
                0x0000000000029ffb      0x2ba networking/lib.a(wget.o)
 .text.ftpcmd   0x000000000002a2b5       0x9c networking/lib.a(wget.o)
 .text.wget_main
                0x000000000002a351      0xa6c networking/lib.a(wget.o)
                0x000000000002a351                wget_main
 .text.parse_pasv_epsv
                0x000000000002adbd       0xc3 networking/lib.a(parse_pasv_epsv.o)
                0x000000000002adbd                parse_pasv_epsv
 .text.ip_parse_common_args
                0x000000000002ae80       0xb7 networking/libiproute/lib.a(ip_parse_common_args.o)
                0x000000000002ae80                ip_parse_common_args
 .text.flush_update
                0x000000000002af37       0x41 networking/libiproute/lib.a(ipaddress.o)
 .text.store_nlmsg
                0x000000000002af78       0x4b networking/libiproute/lib.a(ipaddress.o)
 .text.print_linkinfo
                0x000000000002afc3      0x361 networking/libiproute/lib.a(ipaddress.o)
 .text.print_addrinfo
                0x000000000002b324      0x4b4 networking/libiproute/lib.a(ipaddress.o)
 .text.ipaddr_modify
                0x000000000002b7d8      0x6fc networking/libiproute/lib.a(ipaddress.o)
 .text.ipaddr_list_or_flush
                0x000000000002bed4      0x477 networking/libiproute/lib.a(ipaddress.o)
                0x000000000002bed4                ipaddr_list_or_flush
 .text.do_ipaddr
                0x000000000002c34b       0x7a networking/libiproute/lib.a(ipaddress.o)
                0x000000000002c34b                do_ipaddr
 .text.get_ctl_fd
                0x000000000002c3c5       0x44 networking/libiproute/lib.a(iplink.o)
 .text.set_master
                0x000000000002c409       0xb2 networking/libiproute/lib.a(iplink.o)
 .text.set_netns
                0x000000000002c4bb       0xb2 networking/libiproute/lib.a(iplink.o)
 .text.do_add_or_delete
                0x000000000002c56d      0x507 networking/libiproute/lib.a(iplink.o)
 .text.do_iplink
                0x000000000002ca74      0x607 networking/libiproute/lib.a(iplink.o)
                0x000000000002ca74                do_iplink
 .text.flush_update
                0x000000000002d07b       0x41 networking/libiproute/lib.a(ipneigh.o)
 .text.ipneigh_list_or_flush
                0x000000000002d0bc      0x2eb networking/libiproute/lib.a(ipneigh.o)
 .text.print_neigh
                0x000000000002d3a7      0x3e7 networking/libiproute/lib.a(ipneigh.o)
 .text.do_ipneigh