Archive member included to satisfy reference by file (symbol)

/workspaces/labsisop-buildroot/output/build/glibc-2.36-81-g4f4d7a13edfd2fdc57c9d76e1fd6d017fb47550c/build/libc_pic.a(check_fds.os)
                              /workspaces/labsisop-buildroot/output/build/glibc-2.36-81-g4f4d7a13edfd2fdc57c9d76e1fd6d017fb47550c/build/elf/dl-allobjs.os (__libc_check_standard_fds)
/workspaces/labsisop-buildroot/output/build/glibc-2.36-81-g4f4d7a13edfd2fdc57c9d76e1fd6d017fb47550c/build/libc_pic.a(errno.os)
                              /workspaces/labsisop-buildroot/output/build/glibc-2.36-81-g4f4d7a13edfd2fdc57c9d76e1fd6d017fb47550c/build/libc_pic.a(check_fds.os) (__libc_errno)
/workspaces/labsisop-buildroot/output/build/glibc-2.36-81-g4f4d7a13edfd2fdc57c9d76e1fd6d017fb47550c/build/libc_pic.a(divdi3.os)
                              /workspaces/labsisop-buildroot/output/build/glibc-2.36-81-g4f4d7a13edfd2fdc57c9d76e1fd6d017fb47550c/build/elf/dl-allobjs.os (__udivdi3)
/workspaces/labsisop-buildroot/output/build/glibc-2.36-81-g4f4d7a13edfd2fdc57c9d76e1fd6d017fb47550c/build/libc_pic.a(setjmp.os)
                              /workspaces/labsisop-buildroot/output/build/glibc-2.36-81-g4f4d7a13edfd2fdc57c9d76e1fd6d017fb47550c/build/elf/dl-allobjs.os (__sigsetjmp)
/workspaces/labsisop-buildroot/output/build/glibc-2.36-81-g4f4d7a13edfd2fdc57c9d76e1fd6d017fb47550c/build/libc_pic.a(__longjmp.os)
                              /workspaces/labsisop-buildroot/output/build/glibc-2.36-81-g4f4d7a13edfd2fdc57c9d76e1fd6d017fb47550c/build/elf/dl-allobjs.os (__longjmp)
/workspaces/labsisop-buildroot/output/build/glibc-2.36-81-g4f4d7a13edfd2fdc57c9d76e1fd6d017fb47550c/build/libc_pic.a(bsearch.os)
                              /workspaces/labsisop-buildroot/output/build/glibc-2.36-81-g4f4d7a13edfd2fdc57c9d76e1fd6d017fb47550c/build/elf/dl-allobjs.os (bsearch)
/workspaces/labsisop-buildroot/output/build/glibc-2.36-81-g4f4d7a13edfd2fdc57c9d76e1fd6d017fb47550c/build/libc_pic.a(lowlevellock.os)
                              /workspaces/labsisop-buildroot/output/build/glibc-2.36-81-g4f4d7a13edfd2fdc57c9d76e1fd6d017fb47550c/build/elf/dl-allobjs.os (__lll_lock_wait_private)
/workspaces/labsisop-buildroot/output/build/glibc-2.36-81-g4f4d7a13edfd2fdc57c9d76e1fd6d017fb47550c/build/libc_pic.a(scratch_buffer_set_array_size.os)
                              /workspaces/labsisop-buildroot/output/build/glibc-2.36-81-g4f4d7a13edfd2fdc57c9d76e1fd6d017fb47550c/build/elf/dl-allobjs.os (__libc_scratch_buffer_set_array_size)
/workspaces/labsisop-buildroot/output/build/glibc-2.36-81-g4f4d7a13edfd2fdc57c9d76e1fd6d017fb47550c/build/libc_pic.a(memchr.os)
                              /workspaces/labsisop-buildroot/output/build/glibc-2.36-81-g4f4d7a13edfd2fdc57c9d76e1fd6d017fb47550c/build/elf/dl-allobjs.os (memchr)
/workspaces/labsisop-buildroot/output/build/glibc-2.36-81-g4f4d7a13edfd2fdc57c9d76e1fd6d017fb47550c/build/libc_pic.a(memcmp.os)
                              /workspaces/labsisop-buildroot/output/build/glibc-2.36-81-g4f4d7a13edfd2fdc57c9d76e1fd6d017fb47550c/build/elf/dl-allobjs.os (memcmp)
/workspaces/labsisop-buildroot/output/build/glibc-2.36-81-g4f4d7a13edfd2fdc57c9d76e1fd6d017fb47550c/build/libc_pic.a(memmove.os)
                              /workspaces/labsisop-buildroot/output/build/glibc-2.36-81-g4f4d7a13edfd2fdc57c9d76e1fd6d017fb47550c/build/elf/dl-allobjs.os (memmove)
/workspaces/labsisop-buildroot/output/build/glibc-2.36-81-g4f4d7a13edfd2fdc57c9d76e1fd6d017fb47550c/build/libc_pic.a(rawmemchr.os)
                              /workspaces/labsisop-buildroot/output/build/glibc-2.36-81-g4f4d7a13edfd2fdc57c9d76e1fd6d017fb47550c/build/elf/dl-allobjs.os (rawmemchr)
/workspaces/labsisop-buildroot/output/build/glibc-2.36-81-g4f4d7a13edfd2fdc57c9d76e1fd6d017fb47550c/build/libc_pic.a(stpcpy.os)
                              /workspaces/labsisop-buildroot/output/build/glibc-2.36-81-g4f4d7a13edfd2fdc57c9d76e1fd6d017fb47550c/build/elf/dl-allobjs.os (__stpcpy)
/workspaces/labsisop-buildroot/output/build/glibc-2.36-81-g4f4d7a13edfd2fdc57c9d76e1fd6d017fb47550c/build/libc_pic.a(strchr.os)
                              /workspaces/labsisop-buildroot/output/build/glibc-2.36-81-g4f4d7a13edfd2fdc57c9d76e1fd6d017fb47550c/build/elf/dl-allobjs.os (strchr)
/workspaces/labsisop-buildroot/output/build/glibc-2.36-81-g4f4d7a13edfd2fdc57c9d76e1fd6d017fb47550c/build/libc_pic.a(strcmp.os)
                              /workspaces/labsisop-buildroot/output/build/glibc-2.36-81-g4f4d7a13edfd2fdc57c9d76e1fd6d017fb47550c/build/elf/dl-allobjs.os (strcmp)
/workspaces/labsisop-buildroot/output/build/glibc-2.36-81-g4f4d7a13edfd2fdc57c9d76e1fd6d017fb47550c/build/libc_pic.a(strcpy.os)
                              /workspaces/labsisop-buildroot/output/build/glibc-2.36-81-g4f4d7a13edfd2fdc57c9d76e1fd6d017fb47550c/build/elf/dl-allobjs.os (strcpy)
/workspaces/labsisop-buildroot/output/build/glibc-2.36-81-g4f4d7a13edfd2fdc57c9d76e1fd6d017fb47550c/build/libc_pic.a(strcspn.os)
[...]
Memory Configuration

Name             Origin             Length             Attributes
*default*        0x0000000000000000 0xffffffffffffffff

Linker script and memory map

LOAD /workspaces/labsisop-buildroot/output/build/glibc-2.36-81-g4f4d7a13edfd2fdc57c9d76e1fd6d017fb47550c/build/elf/librtld.mapT.o
START GROUP
LOAD /workspaces/labsisop-buildroot/output/build/glibc-2.36-81-g4f4d7a13edfd2fdc57c9d76e1fd6d017fb47550c/build/elf/dl-allobjs.os
LOAD /workspaces/labsisop-buildroot/output/build/glibc-2.36-81-g4f4d7a13edfd2fdc57c9d76e1fd6d017fb47550c/build/libc_pic.a
LOAD /workspaces/labsisop-buildroot/output/host/lib/gcc/i686-buildroot-linux-gnu/11.3.0/libgcc.a
END GROUP

.interp
 *(.interp)

.note.gnu.property
                0x0000000000000000       0x28
 .note.gnu.property
                0x0000000000000000       0x28 /workspaces/labsisop-buildroot/output/build/glibc-2.36-81-g4f4d7a13edfd2fdc57c9d76e1fd6d017fb47550c/build/elf/librtld.mapT.o

.note.gnu.build-id
 *(.note.gnu.build-id)

.hash
 *(.hash)

.gnu.hash
 *(.gnu.hash)

.dynsym
 *(.dynsym)

.dynstr
 *(.dynstr)

.gnu.version
 *(.gnu.version)

.gnu.version_d
 *(.gnu.version_d)

.gnu.version_r
 *(.gnu.version_r)

.rel.init
 *(.rel.init)

.rel.text
 *(.rel.text)

.rel.fini
 *(.rel.fini)

.rel.rodata
 *(.rel.rodata)

.rel.data.rel.ro
 *(.rel.data.rel.ro)

.rel.data
 *(.rel.data)

.rel.tdata
 *(.rel.tdata)

.rel.tbss
 *(.rel.tbss)

.rel.ctors
 *(.rel.ctors)

.rel.dtors
 *(.rel.dtors)

.rel.got
 *(.rel.got)

.rel.bss
 *(.rel.bss)

.rel.ifunc
 *(.rel.ifunc)

.rel.plt
 *(.rel.plt)

.relr.dyn
 *(.relr.dyn)

.init
 *(SORT_NONE(.init))

.plt
 *(.plt)

.plt.got
 *(.plt.got)

.plt.sec
 *(.plt.sec)

.text           0x0000000000000000    0x1ffed
 *(.text .stub)
 .text          0x0000000000000000        0x0 /workspaces/labsisop-buildroot/output/build/glibc-2.36-81-g4f4d7a13edfd2fdc57c9d76e1fd6d017fb47550c/build/elf/librtld.mapT.o
                0x0000000000000000                malloc
                0x0000000000000000                calloc
                0x0000000000000000                __GI___pthread_enable_asynccancel
                0x0000000000000000                realloc
                0x0000000000000000                __GI___pthread_disable_asynccancel
                0x0000000000000000                __pthread_enable_asynccancel
                0x0000000000000000                __pthread_disable_asynccancel
                0x0000000000000000                free
 .text          0x0000000000000000    0x19031 /workspaces/labsisop-buildroot/output/build/glibc-2.36-81-g4f4d7a13edfd2fdc57c9d76e1fd6d017fb47550c/build/elf/dl-allobjs.os
                0x0000000000000000                _dl_call_libc_early_init
                0x00000000000001bb                _dl_close_worker
                0x0000000000000c87                _dl_close
                0x0000000000000cfc                _dl_debug_state
                0x0000000000000cfc                __GI__dl_debug_state
                0x0000000000000cfd                _dl_debug_update
                0x0000000000000d39                _dl_debug_initialize
                0x0000000000000e6f                _dl_map_object_deps
                0x0000000000001b02                _dl_error_free
                0x0000000000001b27                _dl_exception_create
                0x0000000000001b27                __GI__dl_exception_create
                0x0000000000001bcc                __GI__dl_exception_create_format
                0x0000000000001bcc                _dl_exception_create_format
                0x0000000000001e0e                _dl_exception_free
                0x0000000000001e0e                __GI__dl_exception_free
                0x0000000000001e47                __GI___nptl_change_stack_perm
                0x0000000000001e47                __nptl_change_stack_perm
                0x0000000000001e8b                _dl_make_stacks_executable
                0x00000000000021c4                __GI__dl_find_object
                0x00000000000021c4                _dl_find_object
                0x000000000000242e                _dlfo_sort_mappings
                0x00000000000024ab                _dl_find_object_init
                0x00000000000025d9                _dl_find_object_update
                0x000000000000298e                _dl_find_object_dlclose
                0x00000000000029fa                _dl_find_object_freeres
                0x0000000000002a63                _dl_fini
                0x0000000000002e0e                _dl_init
                0x0000000000003a82                _dl_dst_count
                0x0000000000003b0d                _dl_dst_substitute
                0x0000000000004116                _dl_init_paths
                0x0000000000004468                _dl_process_pt_gnu_property
                0x0000000000005d0f                _dl_map_object
                0x000000000000656e                _dl_rtld_di_serinfo
                0x0000000000006ec7                _dl_lookup_symbol_x
                0x0000000000007700                _dl_lookup_direct
                0x000000000000781c                __minimal_malloc
                0x00000000000078e8                __minimal_calloc
                0x000000000000792e                __minimal_free
                0x0000000000007961                __minimal_realloc
                0x00000000000079e1                _dl_sysdep_read_whole_file
                0x0000000000007a52                _dl_name_match_p
                0x0000000000007a9c                _dl_higher_prime_number
                0x0000000000007ae0                _dl_strtoul
                0x0000000000007c78                _dl_add_to_namespace_list
                0x0000000000007d15                _dl_new_object
                0x000000000000839a                __GI__dl_find_dso_for_object
                0x000000000000839a                _dl_find_dso_for_object
                0x0000000000008440                _dl_open
                0x000000000000867d                _dl_show_scope
                0x0000000000008fa0                _dl_get_origin
                0x000000000000946c                _dl_debug_printf
                0x0000000000009498                _dl_debug_printf_c
                0x00000000000094c2                _dl_dprintf
                0x00000000000094de                _dl_printf
                0x00000000000094fc                _dl_error_printf
                0x000000000000951a                _dl_fatal_printf
                0x000000000000951a                __GI__dl_fatal_printf
                0x000000000000953f                _dl_start_profile
                0x0000000000009ba5                __GI__dl_mcount
                0x0000000000009ba5                _dl_mcount
                0x0000000000009d95                _dl_try_allocate_static_tls
                0x0000000000009eae                _dl_allocate_static_tls
                0x0000000000009ef5                _dl_protect_relro
                0x0000000000009f59                _dl_reloc_bad_type
                0x0000000000009fb9                _dl_relocate_object
                0x000000000000be07                _dl_fixup
                0x000000000000c008                _dl_profile_fixup
                0x000000000000c268                _dl_scope_free
                0x000000000000c323                _dl_setup_hash
                0x000000000000c49b                _dl_sort_maps_init
                0x000000000000c4d1                _dl_sort_maps
                0x000000000000c81a                __thread_gscope_wait
                0x000000000000cbe0                _dl_tls_static_surplus_init
                0x000000000000cc66                _dl_assign_tls_modid
                0x000000000000cd3d                _dl_count_modids
                0x000000000000cd8a                _dl_determine_tlsoffset
                0x000000000000cf1e                _dl_get_tls_static_info
                0x000000000000cf43                _dl_allocate_tls_storage
                0x000000000000cfc8                __GI__dl_allocate_tls_init
                0x000000000000cfc8                _dl_allocate_tls_init
                0x000000000000d1e8                __GI__dl_allocate_tls
                0x000000000000d1e8                _dl_allocate_tls
                0x000000000000d20d                _dl_deallocate_tls
                0x000000000000d20d                __GI__dl_deallocate_tls
                0x000000000000d28b                _dl_update_slotinfo
                0x000000000000d43a                ___tls_get_addr_internal
                0x000000000000d43a                ___tls_get_addr
                0x000000000000d43a                __GI____tls_get_addr
                0x000000000000d47b                __tls_get_addr
                0x000000000000d484                _dl_tls_get_addr_soft
                0x000000000000d4ea                _dl_add_to_slotinfo
                0x000000000000d5c7                _dl_init_static_tls
                0x000000000000d6d7                __tls_pre_init_tp
                0x000000000000d724                __tls_init_tp
                0x000000000000d820                _dl_runtime_resolve
                0x000000000000d840                _dl_runtime_resolve_shstk
                0x000000000000d860                _dl_runtime_profile_shstk
                0x000000000000d8b0                _dl_runtime_profile
                0x000000000000d964                _dl_check_map_versions
                0x000000000000e01d                _dl_check_all_versions
                0x000000000000e05e                _dl_write
                0x000000000000e075                _dl_cache_libcmp
                0x000000000000e6cb                _dl_load_cache_lookup
                0x000000000000e934                _dl_unload_cache
                0x000000000000eadd                __GI___tunable_set_val
                0x000000000000eb08                __GI___tunables_init
                0x000000000000ee57                __GI___tunables_print
                0x000000000000ef0e                __tunable_get_val
                0x000000000000ef0e                __GI___tunable_get_val
                0x000000000000ef91                _dl_make_tlsdesc_dynamic
                0x000000000000f1bc                _dl_unmap
                0x000000000000f240                _dl_tlsdesc_return
                0x000000000000f250                _dl_tlsdesc_undefweak
                0x000000000000f260                _dl_tlsdesc_dynamic
                0x0000000000010189                _dl_x86_init_cpu_features
                0x0000000000010c0a                __x86_cpu_features
                0x0000000000010c19                _dl_x86_get_cpu_features
                0x0000000000010c32                _dl_audit_activity_map
                0x0000000000010c8a                _dl_audit_activity_nsid
                0x0000000000010cc4                _dl_audit_objsearch
                0x0000000000010d46                _dl_audit_objopen
                0x0000000000010de3                _dl_audit_objclose
                0x0000000000010e58                _dl_audit_preinit
                0x0000000000010eb6                _dl_audit_symbind_alt
                0x0000000000010eb6                __GI__dl_audit_symbind_alt
                0x0000000000010fcb                _dl_audit_symbind
                0x000000000001115f                _dl_audit_pltenter
                0x00000000000112fb                _dl_audit_pltexit
                0x0000000000011488                _dl_diagnostics_print_string
                0x00000000000114d5                _dl_diagnostics_print_labeled_string
                0x0000000000011511                _dl_diagnostics_print_labeled_value
                0x000000000001155c                _dl_print_diagnostics
                0x00000000000118fe                _dl_diagnostics_cpu
                0x0000000000011deb                _dl_diagnostics_kernel
                0x0000000000011e80                _dl_next_ld_env_entry
                0x0000000000011ea9                unsetenv
                0x0000000000011f95                _dl_signal_exception
                0x0000000000011fe2                _dl_signal_error
                0x000000000001203b                _dl_signal_cexception
                0x00000000000120c2                _dl_signal_cerror
                0x000000000001214a                _dl_catch_exception
                0x000000000001223c                _dl_catch_error
                0x000000000001227e                _dl_receive_error
                0x00000000000122ce                _rtld_catch_error
                0x00000000000123c8                _dl_important_hwcaps
                0x0000000000012a08                _dl_hwcaps_subdirs_active
                0x0000000000012a0b                _dl_hwcaps_split
                0x0000000000012a5c                _dl_hwcaps_contains
                0x0000000000012aae                _dl_hwcaps_split_masked
                0x0000000000012aee                __rtld_libc_freeres
                0x0000000000012af3                __rtld_malloc_init_stubs
                0x0000000000012b2e                __sigjmp_save
                0x0000000000012b3f                __GI___libc_fatal
                0x0000000000012b3f                __libc_fatal
                0x0000000000012b5e                __GI___chk_fail
                0x0000000000012b5e                __chk_fail
                0x0000000000012b6b                __GI___assert_fail
                0x0000000000012b6b                __assert_fail
                0x0000000000012baa                __rtld_malloc_is_complete
                0x0000000000012c98                __rtld_malloc_init_real
                0x0000000000012d95                _itoa
                0x0000000000012e34                __strerror_r
                0x0000000000012ed0                __GI___assert_perror_fail
                0x0000000000012ed0                __assert_perror_fail
                0x0000000000012f29                __strsep
                0x0000000000012f29                strsep
                0x0000000000012f29                __strsep_g
                0x0000000000012f99                __rtld_mutex_init
                0x0000000000013068                _dl_tunable_set_hwcaps
                0x00000000000138b7                _dl_sysdep_start
                0x0000000000013aa5                _dl_sysdep_start_cleanup
                0x0000000000013aa6                _dl_show_auxv
                0x0000000000013d74                _dl_usage
                0x0000000000013dc6                _dl_version
                0x0000000000013dee                _dl_help
                0x0000000000014110                _start
                0x000000000001411e                _dl_start_user
                0x000000000001513e                handle_preload_list
                0x0000000000018749                __brk
                0x0000000000018749                brk
                0x0000000000018780                sbrk
                0x0000000000018780                __sbrk
                0x00000000000187fc                __getcwd
                0x00000000000187fc                getcwd
                0x0000000000018e83                openat64
                0x0000000000018eee                __alloc_dir
                0x0000000000018f9a                __opendir
                0x0000000000018f9a                opendir
 .text          0x0000000000019031      0x10e /workspaces/labsisop-buildroot/output/build/glibc-2.36-81-g4f4d7a13edfd2fdc57c9d76e1fd6d017fb47550c/build/libc_pic.a(check_fds.os)
                0x000000000001910e                __libc_check_standard_fds
 .text          0x000000000001913f        0x0 /workspaces/labsisop-buildroot/output/build/glibc-2.36-81-g4f4d7a13edfd2fdc57c9d76e1fd6d017fb47550c/build/libc_pic.a(errno.os)
 .text          0x000000000001913f      0x288 /workspaces/labsisop-buildroot/output/build/glibc-2.36-81-g4f4d7a13edfd2fdc57c9d76e1fd6d017fb47550c/build/libc_pic.a(divdi3.os)
                0x00000000000192b0                __divdi3
                0x00000000000192b0                __divdi3@GLIBC_2.0
                0x00000000000192b0                __divdi3_internal
                0x00000000000192ff                __moddi3@GLIBC_2.0
                0x00000000000192ff                __moddi3
                0x00000000000192ff                __moddi3_internal
                0x0000000000019380                __udivdi3@GLIBC_2.0
                0x0000000000019380                __udivdi3
                0x0000000000019380                __udivdi3_internal
                0x00000000000193a4                __umoddi3_internal
                0x00000000000193a4                __umoddi3
                0x00000000000193a4                __umoddi3@GLIBC_2.0
 *fill*         0x00000000000193c7        0x9 
 .text          0x00000000000193d0       0x35 /workspaces/labsisop-buildroot/output/build/glibc-2.36-81-g4f4d7a13edfd2fdc57c9d76e1fd6d017fb47550c/build/libc_pic.a(setjmp.os)
                0x00000000000193d0                __sigsetjmp
                0x00000000000193d0                __GI___sigsetjmp
 *fill*         0x0000000000019405        0xb 
 .text          0x0000000000019410       0x31 /workspaces/labsisop-buildroot/output/build/glibc-2.36-81-g4f4d7a13edfd2fdc57c9d76e1fd6d017fb47550c/build/libc_pic.a(__longjmp.os)
                0x0000000000019410                __longjmp
 .text          0x0000000000019441       0x4d /workspaces/labsisop-buildroot/output/build/glibc-2.36-81-g4f4d7a13edfd2fdc57c9d76e1fd6d017fb47550c/build/libc_pic.a(bsearch.os)
                0x0000000000019441                bsearch
                0x0000000000019441                __GI_bsearch
 .text          0x000000000001948e      0x12e /workspaces/labsisop-buildroot/output/build/glibc-2.36-81-g4f4d7a13edfd2fdc57c9d76e1fd6d017fb47550c/build/libc_pic.a(lowlevellock.os)
                0x000000000001948e                __GI___lll_lock_wait_private
                0x000000000001948e                __lll_lock_wait_private
                0x0000000000019500                __lll_lock_wait
                0x0000000000019500                __GI___lll_lock_wait
                0x0000000000019573                __lll_lock_wake_private
                0x0000000000019573                __GI___lll_lock_wake_private
                0x0000000000019597                __lll_lock_wake
                0x0000000000019597                __GI___lll_lock_wake
 .text          0x00000000000195bc       0xb4 /workspaces/labsisop-buildroot/output/build/glibc-2.36-81-g4f4d7a13edfd2fdc57c9d76e1fd6d017fb47550c/build/libc_pic.a(scratch_buffer_set_array_size.os)
                0x00000000000195bc                __libc_scratch_buffer_set_array_size
                0x00000000000195bc                __GI___libc_scratch_buffer_set_array_size
 .text          0x0000000000019670       0x34 /workspaces/labsisop-buildroot/output/build/glibc-2.36-81-g4f4d7a13edfd2fdc57c9d76e1fd6d017fb47550c/build/libc_pic.a(memchr.os)
                0x0000000000019670                memchr
                0x0000000000019670                __memchr
 .text          0x00000000000196a4       0x34 /workspaces/labsisop-buildroot/output/build/glibc-2.36-81-g4f4d7a13edfd2fdc57c9d76e1fd6d017fb47550c/build/libc_pic.a(memcmp.os)
                0x00000000000196a4                bcmp
                0x00000000000196a4                __GI___memcmpeq
                0x00000000000196a4                __memcmpeq
                0x00000000000196a4                memcmp
 .text          0x00000000000196d8       0x47 /workspaces/labsisop-buildroot/output/build/glibc-2.36-81-g4f4d7a13edfd2fdc57c9d76e1fd6d017fb47550c/build/libc_pic.a(memmove.os)
                0x00000000000196d8                memmove
 .text          0x000000000001971f       0x34 /workspaces/labsisop-buildroot/output/build/glibc-2.36-81-g4f4d7a13edfd2fdc57c9d76e1fd6d017fb47550c/build/libc_pic.a(rawmemchr.os)
                0x000000000001971f                __rawmemchr
                0x000000000001971f                rawmemchr
 .text          0x0000000000019753       0x3a /workspaces/labsisop-buildroot/output/build/glibc-2.36-81-g4f4d7a13edfd2fdc57c9d76e1fd6d017fb47550c/build/libc_pic.a(stpcpy.os)
                0x0000000000019753                stpcpy
                0x0000000000019753                __stpcpy
 .text          0x000000000001978d       0x34 /workspaces/labsisop-buildroot/output/build/glibc-2.36-81-g4f4d7a13edfd2fdc57c9d76e1fd6d017fb47550c/build/libc_pic.a(strchr.os)
                0x000000000001978d                index
                0x000000000001978d                strchr
 .text          0x00000000000197c1       0x34 /workspaces/labsisop-buildroot/output/build/glibc-2.36-81-g4f4d7a13edfd2fdc57c9d76e1fd6d017fb47550c/build/libc_pic.a(strcmp.os)
                0x00000000000197c1                strcmp
 .text          0x00000000000197f5       0x3a /workspaces/labsisop-buildroot/output/build/glibc-2.36-81-g4f4d7a13edfd2fdc57c9d76e1fd6d017fb47550c/build/libc_pic.a(strcpy.os)
                0x00000000000197f5                strcpy
 .text          0x000000000001982f       0x25 /workspaces/labsisop-buildroot/output/build/glibc-2.36-81-g4f4d7a13edfd2fdc57c9d76e1fd6d017fb47550c/build/libc_pic.a(strcspn.os)
                0x000000000001982f                strcspn
 .text          0x0000000000019854       0x41 /workspaces/labsisop-buildroot/output/build/glibc-2.36-81-g4f4d7a13edfd2fdc57c9d76e1fd6d017fb47550c/build/libc_pic.a(strdup.os)
                0x0000000000019854                __GI___strdup
                0x0000000000019854                __strdup
                0x0000000000019854                strdup
 .text          0x0000000000019895        0x5 /workspaces/labsisop-buildroot/output/build/glibc-2.36-81-g4f4d7a13edfd2fdc57c9d76e1fd6d017fb47550c/build/libc_pic.a(strerrorname_np.os)
                0x0000000000019895                strerrorname_np
 .text          0x000000000001989a       0x34 /workspaces/labsisop-buildroot/output/build/glibc-2.36-81-g4f4d7a13edfd2fdc57c9d76e1fd6d017fb47550c/build/libc_pic.a(strlen.os)
                0x000000000001989a                strlen
 .text          0x00000000000198ce       0x34 /workspaces/labsisop-buildroot/output/build/glibc-2.36-81-g4f4d7a13edfd2fdc57c9d76e1fd6d017fb47550c/build/libc_pic.a(strncmp.os)
                0x00000000000198ce                strncmp
 .text          0x0000000000019902       0x25 /workspaces/labsisop-buildroot/output/build/glibc-2.36-81-g4f4d7a13edfd2fdc57c9d76e1fd6d017fb47550c/build/libc_pic.a(strnlen.os)
                0x0000000000019902                __strnlen
                0x0000000000019902                strnlen
 .text          0x0000000000019927        0x0 /workspaces/labsisop-buildroot/output/build/glibc-2.36-81-g4f4d7a13edfd2fdc57c9d76e1fd6d017fb47550c/build/libc_pic.a(memmove-ssse3.os)
 .text          0x0000000000019927        0x0 /workspaces/labsisop-buildroot/output/build/glibc-2.36-81-g4f4d7a13edfd2fdc57c9d76e1fd6d017fb47550c/build/libc_pic.a(memmove-ssse3-rep.os)
 .text          0x0000000000019927        0x0 /workspaces/labsisop-buildroot/output/build/glibc-2.36-81-g4f4d7a13edfd2fdc57c9d76e1fd6d017fb47550c/build/libc_pic.a(strcmp-ssse3.os)
 .text          0x0000000000019927        0x0 /workspaces/labsisop-buildroot/output/build/glibc-2.36-81-g4f4d7a13edfd2fdc57c9d76e1fd6d017fb47550c/build/libc_pic.a(strcmp-sse4.os)
 .text          0x0000000000019927       0x8b /workspaces/labsisop-buildroot/output/build/glibc-2.36-81-g4f4d7a13edfd2fdc57c9d76e1fd6d017fb47550c/build/libc_pic.a(strncmp-c.os)
                0x0000000000019927                __GI_strncmp
                0x0000000000019927                __strncmp_ia32
 .text          0x00000000000199b2        0x0 /workspaces/labsisop-buildroot/output/build/glibc-2.36-81-g4f4d7a13edfd2fdc57c9d76e1fd6d017fb47550c/build/libc_pic.a(strncmp-ssse3.os)
 .text          0x00000000000199b2        0x0 /workspaces/labsisop-buildroot/output/build/glibc-2.36-81-g4f4d7a13edfd2fdc57c9d76e1fd6d017fb47550c/build/libc_pic.a(strncmp-sse4.os)
 .text          0x00000000000199b2        0x0 /workspaces/labsisop-buildroot/output/build/glibc-2.36-81-g4f4d7a13edfd2fdc57c9d76e1fd6d017fb47550c/build/libc_pic.a(memcmp-ssse3.os)
 .text          0x00000000000199b2        0x0 /workspaces/labsisop-buildroot/output/build/glibc-2.36-81-g4f4d7a13edfd2fdc57c9d76e1fd6d017fb47550c/build/libc_pic.a(memcmp-sse4.os)
 .text          0x00000000000199b2        0x0 /workspaces/labsisop-buildroot/output/build/glibc-2.36-81-g4f4d7a13edfd2fdc57c9d76e1fd6d017fb47550c/build/libc_pic.a(strlen-sse2.os)
 *fill*         0x00000000000199b2        0xe 
 .text          0x00000000000199c0       0xc8 /workspaces/labsisop-buildroot/output/build/glibc-2.36-81-g4f4d7a13edfd2fdc57c9d76e1fd6d017fb47550c/build/libc_pic.a(strlen-sse2-bsf.os)
                0x00000000000199c0                __strlen_sse2_bsf
 *fill*         0x0000000000019a88        0x8 
 .text          0x0000000000019a90     0x184b /workspaces/labsisop-buildroot/output/build/glibc-2.36-81-g4f4d7a13edfd2fdc57c9d76e1fd6d017fb47550c/build/libc_pic.a(strcpy-ssse3.os)
                0x0000000000019a90                __strcpy_ssse3
 *fill*         0x000000000001b2db        0x5 
 .text          0x000000000001b2e0     0x186c /workspaces/labsisop-buildroot/output/build/glibc-2.36-81-g4f4d7a13edfd2fdc57c9d76e1fd6d017fb47550c/build/libc_pic.a(stpcpy-ssse3.os)
                0x000000000001b2e0                __stpcpy_ssse3
 *fill*         0x000000000001cb4c        0x4 
 .text          0x000000000001cb50      0x5e5 /workspaces/labsisop-buildroot/output/build/glibc-2.36-81-g4f4d7a13edfd2fdc57c9d76e1fd6d017fb47550c/build/libc_pic.a(strcpy-sse2.os)
                0x000000000001cb50                __strcpy_sse2
 *fill*         0x000000000001d135        0xb 
 .text          0x000000000001d140      0x606 /workspaces/labsisop-buildroot/output/build/glibc-2.36-81-g4f4d7a13edfd2fdc57c9d76e1fd6d017fb47550c/build/libc_pic.a(stpcpy-sse2.os)
                0x000000000001d140                __stpcpy_sse2
 .text          0x000000000001d746        0x0 /workspaces/labsisop-buildroot/output/build/glibc-2.36-81-g4f4d7a13edfd2fdc57c9d76e1fd6d017fb47550c/build/libc_pic.a(strchr-sse2.os)
 *fill*         0x000000000001d746        0xa 
 .text          0x000000000001d750      0x104 /workspaces/labsisop-buildroot/output/build/glibc-2.36-81-g4f4d7a13edfd2fdc57c9d76e1fd6d017fb47550c/build/libc_pic.a(strchr-sse2-bsf.os)
                0x000000000001d750                __strchr_sse2_bsf
 .text          0x000000000001d854        0x0 /workspaces/labsisop-buildroot/output/build/glibc-2.36-81-g4f4d7a13edfd2fdc57c9d76e1fd6d017fb47550c/build/libc_pic.a(memchr-sse2.os)
 *fill*         0x000000000001d854        0xc 
 .text          0x000000000001d860      0x354 /workspaces/labsisop-buildroot/output/build/glibc-2.36-81-g4f4d7a13edfd2fdc57c9d76e1fd6d017fb47550c/build/libc_pic.a(memchr-sse2-bsf.os)
                0x000000000001d860                __memchr_sse2_bsf
 .text          0x000000000001dbb4        0x0 /workspaces/labsisop-buildroot/output/build/glibc-2.36-81-g4f4d7a13edfd2fdc57c9d76e1fd6d017fb47550c/build/libc_pic.a(rawmemchr-sse2.os)
 *fill*         0x000000000001dbb4        0xc 
 .text          0x000000000001dbc0      0x213 /workspaces/labsisop-buildroot/output/build/glibc-2.36-81-g4f4d7a13edfd2fdc57c9d76e1fd6d017fb47550c/build/libc_pic.a(rawmemchr-sse2-bsf.os)
                0x000000000001dbc0                __rawmemchr_sse2_bsf
 .text          0x000000000001ddd3        0x0 /workspaces/labsisop-buildroot/output/build/glibc-2.36-81-g4f4d7a13edfd2fdc57c9d76e1fd6d017fb47550c/build/libc_pic.a(strnlen-sse2.os)
 .text          0x000000000001ddd3       0x78 /workspaces/labsisop-buildroot/output/build/glibc-2.36-81-g4f4d7a13edfd2fdc57c9d76e1fd6d017fb47550c/build/libc_pic.a(strnlen-c.os)
                0x000000000001ddd3                __strnlen_ia32_1
                0x000000000001ddd3                __GI___strnlen
                0x000000000001ddd3                __GI_strnlen
                0x000000000001ddd3                __strnlen_ia32
 .text          0x000000000001de4b        0x0 /workspaces/labsisop-buildroot/output/build/glibc-2.36-81-g4f4d7a13edfd2fdc57c9d76e1fd6d017fb47550c/build/libc_pic.a(memmove-sse2-unaligned.os)
 .text          0x000000000001de4b        0x0 /workspaces/labsisop-buildroot/output/build/glibc-2.36-81-g4f4d7a13edfd2fdc57c9d76e1fd6d017fb47550c/build/libc_pic.a(strcspn-c.os)
 *fill*         0x000000000001de4b        0x5 
 .text          0x000000000001de50       0xc6 /workspaces/labsisop-buildroot/output/build/glibc-2.36-81-g4f4d7a13edfd2fdc57c9d76e1fd6d017fb47550c/build/libc_pic.a(rawmemchr-ia32.os)
                0x000000000001de50                __GI___rawmemchr
                0x000000000001de50                __rawmemchr_ia32
 *fill*         0x000000000001df16        0xa 
 .text          0x000000000001df20      0x19b /workspaces/labsisop-buildroot/output/build/glibc-2.36-81-g4f4d7a13edfd2fdc57c9d76e1fd6d017fb47550c/build/libc_pic.a(memchr-ia32.os)
                0x000000000001df20                __GI_memchr
                0x000000000001df20                __memchr_ia32
 *fill*         0x000000000001e0bb        0x5 
 .text          0x000000000001e0c0      0x2d3 /workspaces/labsisop-buildroot/output/build/glibc-2.36-81-g4f4d7a13edfd2fdc57c9d76e1fd6d017fb47550c/build/libc_pic.a(memcmp-ia32.os)
                0x000000000001e0c0                __GI_memcmp
                0x000000000001e0c0                __memcmp_ia32
 *fill*         0x000000000001e393        0xd 
 .text          0x000000000001e3a0       0x75 /workspaces/labsisop-buildroot/output/build/glibc-2.36-81-g4f4d7a13edfd2fdc57c9d76e1fd6d017fb47550c/build/libc_pic.a(memcpy-ia32.os)
                0x000000000001e3a0                __memcpy_chk_ia32
                0x000000000001e3b0                __GI_memcpy
                0x000000000001e3b0                __memcpy_ia32
 *fill*         0x000000000001e415        0xb 
 .text          0x000000000001e420       0x68 /workspaces/labsisop-buildroot/output/build/glibc-2.36-81-g4f4d7a13edfd2fdc57c9d76e1fd6d017fb47550c/build/libc_pic.a(memmove-ia32.os)
                0x000000000001e420                __memmove_chk_ia32
                0x000000000001e430                __memmove_ia32
                0x000000000001e430                __GI_memmove
 *fill*         0x000000000001e488        0x8 
 .text          0x000000000001e490       0x53 /workspaces/labsisop-buildroot/output/build/glibc-2.36-81-g4f4d7a13edfd2fdc57c9d76e1fd6d017fb47550c/build/libc_pic.a(memset-ia32.os)
                0x000000000001e490                __memset_chk_ia32
                0x000000000001e4a0                __GI_memset
                0x000000000001e4a0                __memset_ia32
 *fill*         0x000000000001e4e3        0xd 
 .text          0x000000000001e4f0      0x1be /workspaces/labsisop-buildroot/output/build/glibc-2.36-81-g4f4d7a13edfd2fdc57c9d76e1fd6d017fb47550c/build/libc_pic.a(strchr-ia32.os)
                0x000000000001e4f0                __GI_strchr
                0x000000000001e4f0                __strchr_ia32
 *fill*         0x000000000001e6ae        0x2 
 .text          0x000000000001e6b0       0x87 /workspaces/labsisop-buildroot/output/build/glibc-2.36-81-g4f4d7a13edfd2fdc57c9d76e1fd6d017fb47550c/build/libc_pic.a(strcpy-ia32.os)
                0x000000000001e6b0                __strcpy_ia32
                0x000000000001e6b0                __GI_strcpy
 *fill*         0x000000000001e737        0x9 
 .text          0x000000000001e740       0x25 /workspaces/labsisop-buildroot/output/build/glibc-2.36-81-g4f4d7a13edfd2fdc57c9d76e1fd6d017fb47550c/build/libc_pic.a(strcmp-ia32.os)
                0x000000000001e740                __strcmp_ia32
                0x000000000001e740                __GI_strcmp
 *fill*         0x000000000001e765        0xb 
 .text          0x000000000001e770       0xae /workspaces/labsisop-buildroot/output/build/glibc-2.36-81-g4f4d7a13edfd2fdc57c9d76e1fd6d017fb47550c/build/libc_pic.a(strcspn-ia32.os)
                0x000000000001e770                __strcspn_ia32
                0x000000000001e770                __GI_strcspn
 *fill*         0x000000000001e81e        0x2 
 .text          0x000000000001e820       0xbb /workspaces/labsisop-buildroot/output/build/glibc-2.36-81-g4f4d7a13edfd2fdc57c9d76e1fd6d017fb47550c/build/libc_pic.a(strlen-ia32.os)
                0x000000000001e820                __strlen_ia32
                0x000000000001e820                __GI_strlen
 *fill*         0x000000000001e8db        0x5 
 .text          0x000000000001e8e0       0x8b /workspaces/labsisop-buildroot/output/build/glibc-2.36-81-g4f4d7a13edfd2fdc57c9d76e1fd6d017fb47550c/build/libc_pic.a(stpcpy-ia32.os)
                0x000000000001e8e0                __stpcpy_ia32
                0x000000000001e8e0                __GI_stpcpy
                0x000000000001e8e0                __GI___stpcpy
 .text          0x000000000001e96b      0x175 /workspaces/labsisop-buildroot/output/build/glibc-2.36-81-g4f4d7a13edfd2fdc57c9d76e1fd6d017fb47550c/build/libc_pic.a(cacheinfo.os)
                0x000000000001e96b                __x86_cacheinfo
                0x000000000001ea00                __cache_sysconf
 .text          0x000000000001eae0       0x4a /workspaces/labsisop-buildroot/output/build/glibc-2.36-81-g4f4d7a13edfd2fdc57c9d76e1fd6d017fb47550c/build/libc_pic.a(closedir.os)
                0x000000000001eae0                __closedir
                0x000000000001eae0                closedir
 .text          0x000000000001eb2a       0x6c /workspaces/labsisop-buildroot/output/build/glibc-2.36-81-g4f4d7a13edfd2fdc57c9d76e1fd6d017fb47550c/build/libc_pic.a(rewinddir.os)
                0x000000000001eb2a                rewinddir
                0x000000000001eb2a                __rewinddir
                0x000000000001eb2a                __GI___rewinddir
 .text          0x000000000001eb96       0xb9 /workspaces/labsisop-buildroot/output/build/glibc-2.36-81-g4f4d7a13edfd2fdc57c9d76e1fd6d017fb47550c/build/libc_pic.a(readdir64.os)
                0x000000000001eb96                readdir64@@GLIBC_2.2
                0x000000000001eb96                __readdir64
                0x000000000001eb96                __GI___readdir64
 .text          0x000000000001ec4f       0x8c /workspaces/labsisop-buildroot/output/build/glibc-2.36-81-g4f4d7a13edfd2fdc57c9d76e1fd6d017fb47550c/build/libc_pic.a(fdopendir.os)
                0x000000000001ec4f                fdopendir
                0x000000000001ec4f                __fdopendir
 *fill*         0x000000000001ecdb        0x5 
 .text          0x000000000001ece0       0x20 /workspaces/labsisop-buildroot/output/build/glibc-2.36-81-g4f4d7a13edfd2fdc57c9d76e1fd6d017fb47550c/build/libc_pic.a(uname.os)
                0x000000000001ece0                uname
                0x000000000001ece0                __GI_uname
                0x000000000001ece0                __uname
                0x000000000001ece0                __GI___uname
 .text          0x000000000001ed00       0x4a /workspaces/labsisop-buildroot/output/build/glibc-2.36-81-g4f4d7a13edfd2fdc57c9d76e1fd6d017fb47550c/build/libc_pic.a(_exit.os)
                0x000000000001ed00                _Exit
                0x000000000001ed00                __GI__exit
                0x000000000001ed00                _exit
 *fill*         0x000000000001ed4a        0x6 
 .text          0x000000000001ed50        0xd /workspaces/labsisop-buildroot/output/build/glibc-2.36-81-g4f4d7a13edfd2fdc57c9d76e1fd6d017fb47550c/build/libc_pic.a(getpid.os)
                0x000000000001ed50                __getpid
                0x000000000001ed50                getpid
                0x000000000001ed50                __GI_getpid
                0x000000000001ed50                __GI___getpid
 .text          0x000000000001ed5d        0x0 /workspaces/labsisop-buildroot/output/build/glibc-2.36-81-g4f4d7a13edfd2fdc57c9d76e1fd6d017fb47550c/build/libc_pic.a(environ.os)
 .text          0x000000000001ed5d       0x44 /workspaces/labsisop-buildroot/output/build/glibc-2.36-81-g4f4d7a13edfd2fdc57c9d76e1fd6d017fb47550c/build/libc_pic.a(stat64.os)
                0x000000000001ed5d                __stat64_time64
                0x000000000001ed5d                __GI___stat64_time64
                0x000000000001ed74                stat64
                0x000000000001ed74                __stat64
                0x000000000001ed74                __GI___stat64
 .text          0x000000000001eda1       0x95 /workspaces/labsisop-buildroot/output/build/glibc-2.36-81-g4f4d7a13edfd2fdc57c9d76e1fd6d017fb47550c/build/libc_pic.a(fstat64.os)
                0x000000000001eda1                __GI___fstat64_time64
                0x000000000001eda1                __fstat64_time64
                0x000000000001ede5                __GI___fstat64
                0x000000000001ede5                fstat64
                0x000000000001ede5                __fstat64
 .text          0x000000000001ee36       0x47 /workspaces/labsisop-buildroot/output/build/glibc-2.36-81-g4f4d7a13edfd2fdc57c9d76e1fd6d017fb47550c/build/libc_pic.a(lstat64.os)
                0x000000000001ee36                __GI___lstat64_time64
                0x000000000001ee36                __lstat64_time64
                0x000000000001ee50                __lstat64
                0x000000000001ee50                lstat64
                0x000000000001ee50                __GI___lstat64
 .text          0x000000000001ee7d      0x1cd /workspaces/labsisop-buildroot/output/build/glibc-2.36-81-g4f4d7a13edfd2fdc57c9d76e1fd6d017fb47550c/build/libc_pic.a(fstatat64.os)
                0x000000000001ee7d                __fstatat64_time64
                0x000000000001ee7d                __GI___fstatat64_time64
                0x000000000001f017                fstatat64
                0x000000000001f017                __fstatat64
                0x000000000001f017                __GI___fstatat64
 .text          0x000000000001f04a       0xb7 /workspaces/labsisop-buildroot/output/build/glibc-2.36-81-g4f4d7a13edfd2fdc57c9d76e1fd6d017fb47550c/build/libc_pic.a(openat64.os)
                0x000000000001f04a                __openat64
                0x000000000001f04a                __GI___openat64
                0x000000000001f04a                __libc_openat64
 .text          0x000000000001f101       0x7f /workspaces/labsisop-buildroot/output/build/glibc-2.36-81-g4f4d7a13edfd2fdc57c9d76e1fd6d017fb47550c/build/libc_pic.a(lseek.os)
                0x000000000001f101                __GI___lseek
                0x000000000001f101                lseek
                0x000000000001f101                __lseek
                0x000000000001f101                __libc_lseek
 .text          0x000000000001f180       0x39 /workspaces/labsisop-buildroot/output/build/glibc-2.36-81-g4f4d7a13edfd2fdc57c9d76e1fd6d017fb47550c/build/libc_pic.a(access.os)
                0x000000000001f180                __GI___access
                0x000000000001f180                access
                0x000000000001f180                __access
 .text          0x000000000001f1b9       0x36 /workspaces/labsisop-buildroot/output/build/glibc-2.36-81-g4f4d7a13edfd2fdc57c9d76e1fd6d017fb47550c/build/libc_pic.a(close_nocancel.os)
                0x000000000001f1b9                __GI___close_nocancel
                0x000000000001f1b9                __close_nocancel
 .text          0x000000000001f1ef       0x84 /workspaces/labsisop-buildroot/output/build/glibc-2.36-81-g4f4d7a13edfd2fdc57c9d76e1fd6d017fb47550c/build/libc_pic.a(fcntl_nocancel.os)
                0x000000000001f1ef                __fcntl64_nocancel_adjusted
                0x000000000001f260                __fcntl64_nocancel
                0x000000000001f260                __GI___fcntl64_nocancel
 .text          0x000000000001f273       0x5a /workspaces/labsisop-buildroot/output/build/glibc-2.36-81-g4f4d7a13edfd2fdc57c9d76e1fd6d017fb47550c/build/libc_pic.a(open_nocancel.os)
                0x000000000001f273                __GI___open_nocancel
                0x000000000001f273                __open_nocancel
 .text          0x000000000001f2cd       0x61 /workspaces/labsisop-buildroot/output/build/glibc-2.36-81-g4f4d7a13edfd2fdc57c9d76e1fd6d017fb47550c/build/libc_pic.a(open64_nocancel.os)
                0x000000000001f2cd                __GI___open64_nocancel
                0x000000000001f2cd                __open64_nocancel
 .text          0x000000000001f32e       0x3e /workspaces/labsisop-buildroot/output/build/glibc-2.36-81-g4f4d7a13edfd2fdc57c9d76e1fd6d017fb47550c/build/libc_pic.a(read_nocancel.os)
                0x000000000001f32e                __read_nocancel
                0x000000000001f32e                __GI___read_nocancel
 .text          0x000000000001f36c       0x51 /workspaces/labsisop-buildroot/output/build/glibc-2.36-81-g4f4d7a13edfd2fdc57c9d76e1fd6d017fb47550c/build/libc_pic.a(pread64_nocancel.os)
                0x000000000001f36c                __GI___pread64_nocancel
                0x000000000001f36c                __pread64_nocancel
 .text          0x000000000001f3bd       0x3e /workspaces/labsisop-buildroot/output/build/glibc-2.36-81-g4f4d7a13edfd2fdc57c9d76e1fd6d017fb47550c/build/libc_pic.a(write_nocancel.os)
                0x000000000001f3bd                __GI___write_nocancel
                0x000000000001f3bd                __write_nocancel
 .text          0x000000000001f3fb       0xe3 /workspaces/labsisop-buildroot/output/build/glibc-2.36-81-g4f4d7a13edfd2fdc57c9d76e1fd6d017fb47550c/build/libc_pic.a(stat_t64_cp.os)
                0x000000000001f3fb                __cp_stat64_t64_stat64
 .text          0x000000000001f4de       0x72 /workspaces/labsisop-buildroot/output/build/glibc-2.36-81-g4f4d7a13edfd2fdc57c9d76e1fd6d017fb47550c/build/libc_pic.a(mmap.os)
                0x000000000001f4de                __GI___mmap
                0x000000000001f4de                __mmap
                0x000000000001f4de                mmap
 .text          0x000000000001f550       0x24 /workspaces/labsisop-buildroot/output/build/glibc-2.36-81-g4f4d7a13edfd2fdc57c9d76e1fd6d017fb47550c/build/libc_pic.a(munmap.os)
                0x000000000001f550                munmap
                0x000000000001f550                __GI___munmap
                0x000000000001f550                __GI_munmap
                0x000000000001f550                __munmap
 *fill*         0x000000000001f574        0xc 
 .text          0x000000000001f580       0x26 /workspaces/labsisop-buildroot/output/build/glibc-2.36-81-g4f4d7a13edfd2fdc57c9d76e1fd6d017fb47550c/build/libc_pic.a(mprotect.os)
                0x000000000001f580                __mprotect
                0x000000000001f580                __GI___mprotect
                0x000000000001f580                __GI_mprotect
                0x000000000001f580                mprotect
 .text          0x000000000001f5a6       0x78 /workspaces/labsisop-buildroot/output/build/glibc-2.36-81-g4f4d7a13edfd2fdc57c9d76e1fd6d017fb47550c/build/libc_pic.a(makedev.os)
                0x000000000001f5a6                gnu_dev_major
                0x000000000001f5a6                __GI_gnu_dev_major
                0x000000000001f5a6                __gnu_dev_major
                0x000000000001f5c8                __GI_gnu_dev_minor
                0x000000000001f5c8                gnu_dev_minor
                0x000000000001f5c8                __gnu_dev_minor
                0x000000000001f5de                __GI_gnu_dev_makedev
                0x000000000001f5de                gnu_dev_makedev
                0x000000000001f5de                __gnu_dev_makedev
 .text          0x000000000001f61e       0x94 /workspaces/labsisop-buildroot/output/build/glibc-2.36-81-g4f4d7a13edfd2fdc57c9d76e1fd6d017fb47550c/build/libc_pic.a(atomic_wide_counter.os)
                0x000000000001f61e                __atomic_wide_counter_fetch_add_relaxed
                0x000000000001f669                __atomic_wide_counter_load_relaxed
 .text          0x000000000001f6b2      0x1d8 /workspaces/labsisop-buildroot/output/build/glibc-2.36-81-g4f4d7a13edfd2fdc57c9d76e1fd6d017fb47550c/build/libc_pic.a(profil.os)
                0x000000000001f6ed                __profil
                0x000000000001f6ed                profil
 .text          0x000000000001f88a       0x14 /workspaces/labsisop-buildroot/output/build/glibc-2.36-81-g4f4d7a13edfd2fdc57c9d76e1fd6d017fb47550c/build/libc_pic.a(prof-freq.os)
                0x000000000001f88a                __GI___profile_frequency
                0x000000000001f88a                __profile_frequency
 .text          0x000000000001f89e       0x40 /workspaces/labsisop-buildroot/output/build/glibc-2.36-81-g4f4d7a13edfd2fdc57c9d76e1fd6d017fb47550c/build/libc_pic.a(dl-addr-obj.os)
                0x000000000001f89e                _dl_addr_inside_object
 .text          0x000000000001f8de       0x1a /workspaces/labsisop-buildroot/output/build/glibc-2.36-81-g4f4d7a13edfd2fdc57c9d76e1fd6d017fb47550c/build/libc_pic.a(sysdep.os)
                0x000000000001f8de                __syscall_error
 .text          0x000000000001f8f8       0x3f /workspaces/labsisop-buildroot/output/build/glibc-2.36-81-g4f4d7a13edfd2fdc57c9d76e1fd6d017fb47550c/build/libc_pic.a(sigaction.os)
                0x000000000001f8f8                sigaction
                0x000000000001f8f8                __GI___sigaction
                0x000000000001f8f8                __sigaction
 *fill*         0x000000000001f937        0x9 
 .text          0x000000000001f940      0x137 /workspaces/labsisop-buildroot/output/build/glibc-2.36-81-g4f4d7a13edfd2fdc57c9d76e1fd6d017fb47550c/build/libc_pic.a(libc_sigaction.os)
                0x000000000001f950                __libc_sigaction
                0x000000000001f950                __GI___libc_sigaction
 .text          0x000000000001fa77       0x39 /workspaces/labsisop-buildroot/output/build/glibc-2.36-81-g4f4d7a13edfd2fdc57c9d76e1fd6d017fb47550c/build/libc_pic.a(errname.os)
                0x000000000001fa77                __get_errname
 .text          0x000000000001fab0        0x0 /workspaces/labsisop-buildroot/output/build/glibc-2.36-81-g4f4d7a13edfd2fdc57c9d76e1fd6d017fb47550c/build/libc_pic.a(varshift.os)
 .text          0x000000000001fab0      0x161 /workspaces/labsisop-buildroot/output/build/glibc-2.36-81-g4f4d7a13edfd2fdc57c9d76e1fd6d017fb47550c/build/libc_pic.a(setitimer.os)
                0x000000000001fab0                __GI___setitimer64
                0x000000000001fab0                __setitimer64
                0x000000000001fb94                setitimer
                0x000000000001fb94                __setitimer
 .text          0x000000000001fc11      0x1d4 /workspaces/labsisop-buildroot/output/build/glibc-2.36-81-g4f4d7a13edfd2fdc57c9d76e1fd6d017fb47550c/build/libc_pic.a(getdents64.os)
                0x000000000001fc11                __GI___getdents64
                0x000000000001fc11                getdents64
                0x000000000001fc11                __getdents64
                0x000000000001fc59                __old_getdents64
 .text          0x000000000001fde5       0x64 /workspaces/labsisop-buildroot/output/build/glibc-2.36-81-g4f4d7a13edfd2fdc57c9d76e1fd6d017fb47550c/build/libc_pic.a(lseek64.os)
                0x000000000001fde5                lseek64@GLIBC_2.2
                0x000000000001fde5                __lseek64
                0x000000000001fde5                __libc_lseek64
                0x000000000001fde5                llseek@GLIBC_2.0
                0x000000000001fde5                lseek64
 *fill*         0x000000000001fe49        0x7 
 .text          0x000000000001fe50       0x16 /workspaces/labsisop-buildroot/output/build/glibc-2.36-81-g4f4d7a13edfd2fdc57c9d76e1fd6d017fb47550c/build/libc_pic.a(libc-do-syscall.os)
                0x000000000001fe50                __libc_do_syscall
 .text          0x000000000001fe66      0x187 /workspaces/labsisop-buildroot/output/host/lib/gcc/i686-buildroot-linux-gnu/11.3.0/libgcc.a(_udivmoddi4.o)
                0x000000000001fe66                __udivmoddi4
 *(.gnu.warning)

.text.__x86.get_pc_thunk.si
                0x0000000000000000        0x4
 .text.__x86.get_pc_thunk.si
                0x0000000000000000        0x4 /workspaces/labsisop-buildroot/output/build/glibc-2.36-81-g4f4d7a13edfd2fdc57c9d76e1fd6d017fb47550c/build/elf/dl-allobjs.os
                0x0000000000000000                __x86.get_pc_thunk.si

.text.__x86.get_pc_thunk.bx
                0x0000000000000000        0x4
 .text.__x86.get_pc_thunk.bx
                0x0000000000000000        0x4 /workspaces/labsisop-buildroot/output/build/glibc-2.36-81-g4f4d7a13edfd2fdc57c9d76e1fd6d017fb47550c/build/elf/dl-allobjs.os
                0x0000000000000000                __x86.get_pc_thunk.bx

.text.__x86.get_pc_thunk.di
                0x0000000000000000        0x4
 .text.__x86.get_pc_thunk.di
                0x0000000000000000        0x4 /workspaces/labsisop-buildroot/output/build/glibc-2.36-81-g4f4d7a13edfd2fdc57c9d76e1fd6d017fb47550c/build/elf/dl-allobjs.os
                0x0000000000000000                __x86.get_pc_thunk.di

.text.__x86.get_pc_thunk.dx
                0x0000000000000000        0x4
 .text.__x86.get_pc_thunk.dx
                0x0000000000000000        0x4 /workspaces/labsisop-buildroot/output/build/glibc-2.36-81-g4f4d7a13edfd2fdc57c9d76e1fd6d017fb47550c/build/elf/dl-allobjs.os
                0x0000000000000000                __x86.get_pc_thunk.dx

.text.__x86.get_pc_thunk.cx
                0x0000000000000000        0x4
 .text.__x86.get_pc_thunk.cx
                0x0000000000000000        0x4 /workspaces/labsisop-buildroot/output/build/glibc-2.36-81-g4f4d7a13edfd2fdc57c9d76e1fd6d017fb47550c/build/elf/dl-allobjs.os
                0x0000000000000000                __x86.get_pc_thunk.cx

.text.__x86.get_pc_thunk.ax
                0x0000000000000000        0x4
 .text.__x86.get_pc_thunk.ax
                0x0000000000000000        0x4 /workspaces/labsisop-buildroot/output/build/glibc-2.36-81-g4f4d7a13edfd2fdc57c9d76e1fd6d017fb47550c/build/elf/dl-allobjs.os
                0x0000000000000000                __x86.get_pc_thunk.ax

.text.compat    0x0000000000000000       0xb8
 .text.compat   0x0000000000000000        0x1 /workspaces/labsisop-buildroot/output/build/glibc-2.36-81-g4f4d7a13edfd2fdc57c9d76e1fd6d017fb47550c/build/elf/dl-allobjs.os
                0x0000000000000000                __rtld_version_placeholder_1
                0x0000000000000000                __rtld_version_placeholder@GLIBC_2.34
 .text.compat   0x0000000000000001       0xb7 /workspaces/labsisop-buildroot/output/build/glibc-2.36-81-g4f4d7a13edfd2fdc57c9d76e1fd6d017fb47550c/build/libc_pic.a(readdir64.os)
                0x0000000000000001                readdir64@GLIBC_2.1
                0x0000000000000001                __old_readdir64
                0x0000000000000001                __GI___old_readdir64

.text.ssse3     0x0000000000000000     0x61e1
 .text.ssse3    0x0000000000000000     0x2259 /workspaces/labsisop-buildroot/output/build/glibc-2.36-81-g4f4d7a13edfd2fdc57c9d76e1fd6d017fb47550c/build/libc_pic.a(memmove-ssse3.os)
                0x0000000000000000                __memmove_chk_ssse3
                0x0000000000000010                __memmove_ssse3
 *fill*         0x0000000000002259        0x7 
 .text.ssse3    0x0000000000002260     0x1121 /workspaces/labsisop-buildroot/output/build/glibc-2.36-81-g4f4d7a13edfd2fdc57c9d76e1fd6d017fb47550c/build/libc_pic.a(memmove-ssse3-rep.os)
                0x0000000000002260                __memmove_chk_ssse3_rep
                0x0000000000002270                __memmove_ssse3_rep
 *fill*         0x0000000000003381        0xf 
 .text.ssse3    0x0000000000003390     0x146d /workspaces/labsisop-buildroot/output/build/glibc-2.36-81-g4f4d7a13edfd2fdc57c9d76e1fd6d017fb47550c/build/libc_pic.a(strcmp-ssse3.os)
                0x0000000000003390                __strcmp_ssse3
 *fill*         0x00000000000047fd        0x3 
 .text.ssse3    0x0000000000004800     0x19e1 /workspaces/labsisop-buildroot/output/build/glibc-2.36-81-g4f4d7a13edfd2fdc57c9d76e1fd6d017fb47550c/build/libc_pic.a(strncmp-ssse3.os)
                0x0000000000004800                __strncmp_ssse3

.text.sse4.2    0x0000000000000000     0x124a
 .text.sse4.2   0x0000000000000000      0x28b /workspaces/labsisop-buildroot/output/build/glibc-2.36-81-g4f4d7a13edfd2fdc57c9d76e1fd6d017fb47550c/build/libc_pic.a(strcmp-sse4.os)
                0x0000000000000000                __strcmp_sse4_2
 *fill*         0x000000000000028b        0x5 
 .text.sse4.2   0x0000000000000290      0x338 /workspaces/labsisop-buildroot/output/build/glibc-2.36-81-g4f4d7a13edfd2fdc57c9d76e1fd6d017fb47550c/build/libc_pic.a(strncmp-sse4.os)
                0x0000000000000290                __strncmp_sse4_2
 *fill*         0x00000000000005c8        0x8 
 .text.sse4.2   0x00000000000005d0      0xb81 /workspaces/labsisop-buildroot/output/build/glibc-2.36-81-g4f4d7a13edfd2fdc57c9d76e1fd6d017fb47550c/build/libc_pic.a(memcmp-sse4.os)
                0x00000000000005d0                __memcmp_sse4_2
 .text.sse4.2   0x0000000000001151       0xf9 /workspaces/labsisop-buildroot/output/build/glibc-2.36-81-g4f4d7a13edfd2fdc57c9d76e1fd6d017fb47550c/build/libc_pic.a(strcspn-c.os)
                0x0000000000001151                __strcspn_sse42

.text.atom      0x0000000000000000     0x2d2b
 .text.atom     0x0000000000000000     0x16ab /workspaces/labsisop-buildroot/output/build/glibc-2.36-81-g4f4d7a13edfd2fdc57c9d76e1fd6d017fb47550c/build/libc_pic.a(memcmp-ssse3.os)
                0x0000000000000000                __memcmp_ssse3
 *fill*         0x00000000000016ab        0x5 
 .text.atom     0x00000000000016b0      0x31c /workspaces/labsisop-buildroot/output/build/glibc-2.36-81-g4f4d7a13edfd2fdc57c9d76e1fd6d017fb47550c/build/libc_pic.a(strlen-sse2.os)
                0x00000000000016b0                __strlen_sse2
 *fill*         0x00000000000019cc        0x4 
 .text.atom     0x00000000000019d0      0x3d4 /workspaces/labsisop-buildroot/output/build/glibc-2.36-81-g4f4d7a13edfd2fdc57c9d76e1fd6d017fb47550c/build/libc_pic.a(strchr-sse2.os)
                0x00000000000019d0                __strchr_sse2
 *fill*         0x0000000000001da4        0xc 
 .text.atom     0x0000000000001db0      0x564 /workspaces/labsisop-buildroot/output/build/glibc-2.36-81-g4f4d7a13edfd2fdc57c9d76e1fd6d017fb47550c/build/libc_pic.a(memchr-sse2.os)
                0x0000000000001db0                __memchr_sse2
 *fill*         0x0000000000002314        0xc 
 .text.atom     0x0000000000002320      0x313 /workspaces/labsisop-buildroot/output/build/glibc-2.36-81-g4f4d7a13edfd2fdc57c9d76e1fd6d017fb47550c/build/libc_pic.a(rawmemchr-sse2.os)
                0x0000000000002320                __rawmemchr_sse2
 *fill*         0x0000000000002633        0xd 
 .text.atom     0x0000000000002640      0x6eb /workspaces/labsisop-buildroot/output/build/glibc-2.36-81-g4f4d7a13edfd2fdc57c9d76e1fd6d017fb47550c/build/libc_pic.a(strnlen-sse2.os)
                0x0000000000002640                __strnlen_sse2

.text.sse2      0x0000000000000000      0x7a2
 .text.sse2     0x0000000000000000      0x7a2 /workspaces/labsisop-buildroot/output/build/glibc-2.36-81-g4f4d7a13edfd2fdc57c9d76e1fd6d017fb47550c/build/libc_pic.a(memmove-sse2-unaligned.os)
                0x0000000000000000                __memmove_chk_sse2_unaligned
                0x0000000000000010                __memmove_sse2_unaligned

.fini
 *(SORT_NONE(.fini))

.rodata         0x0000000000000000     0x171f
 *(.rodata)
 .rodata        0x0000000000000000     0x10b2 /workspaces/labsisop-buildroot/output/build/glibc-2.36-81-g4f4d7a13edfd2fdc57c9d76e1fd6d017fb47550c/build/elf/dl-allobjs.os
 *fill*         0x00000000000010b2        0x2 
 .rodata        0x00000000000010b4       0x80 /workspaces/labsisop-buildroot/output/build/glibc-2.36-81-g4f4d7a13edfd2fdc57c9d76e1fd6d017fb47550c/build/libc_pic.a(memcmp-ia32.os)
 .rodata        0x0000000000001134       0x34 /workspaces/labsisop-buildroot/output/build/glibc-2.36-81-g4f4d7a13edfd2fdc57c9d76e1fd6d017fb47550c/build/libc_pic.a(cacheinfo.os)
 *fill*         0x0000000000001168       0x18 
 .rodata        0x0000000000001180      0x575 /workspaces/labsisop-buildroot/output/build/glibc-2.36-81-g4f4d7a13edfd2fdc57c9d76e1fd6d017fb47550c/build/libc_pic.a(errname.os)
 *fill*         0x00000000000016f5        0xb 
 .rodata        0x0000000000001700       0x1f /workspaces/labsisop-buildroot/output/build/glibc-2.36-81-g4f4d7a13edfd2fdc57c9d76e1fd6d017fb47550c/build/libc_pic.a(varshift.os)
                0x0000000000001700                ___m128i_shift_right

.rodata.str1.1  0x0000000000000000     0x43e3
 .rodata.str1.1
                0x0000000000000000     0x4397 /workspaces/labsisop-buildroot/output/build/glibc-2.36-81-g4f4d7a13edfd2fdc57c9d76e1fd6d017fb47550c/build/elf/dl-allobjs.os
                0x00000000000026c5                _dl_hwcaps_subdirs
 .rodata.str1.1
                0x0000000000004397       0x14 /workspaces/labsisop-buildroot/output/build/glibc-2.36-81-g4f4d7a13edfd2fdc57c9d76e1fd6d017fb47550c/build/libc_pic.a(check_fds.os)
 .rodata.str1.1
                0x00000000000043ab       0x37 /workspaces/labsisop-buildroot/output/build/glibc-2.36-81-g4f4d7a13edfd2fdc57c9d76e1fd6d017fb47550c/build/libc_pic.a(lowlevellock.os)
 .rodata.str1.1
                0x00000000000043e2        0x1 /workspaces/labsisop-buildroot/output/build/glibc-2.36-81-g4f4d7a13edfd2fdc57c9d76e1fd6d017fb47550c/build/libc_pic.a(fstat64.os)

.rodata.str1.4  0x0000000000000000      0x4e9
 .rodata.str1.4
                0x0000000000000000      0x4e9 /workspaces/labsisop-buildroot/output/build/glibc-2.36-81-g4f4d7a13edfd2fdc57c9d76e1fd6d017fb47550c/build/elf/dl-allobjs.os
                0x00000000000003dc                __GI__itoa_lower_digits
                0x00000000000003dc                _itoa_lower_digits

.rodata.str1.32
                0x0000000000000000       0x5b
 .rodata.str1.32
                0x0000000000000000       0x5b /workspaces/labsisop-buildroot/output/build/glibc-2.36-81-g4f4d7a13edfd2fdc57c9d76e1fd6d017fb47550c/build/elf/dl-allobjs.os

.rodata.cst4    0x0000000000000000        0x8
 .rodata.cst4   0x0000000000000000        0x8 /workspaces/labsisop-buildroot/output/build/glibc-2.36-81-g4f4d7a13edfd2fdc57c9d76e1fd6d017fb47550c/build/elf/dl-allobjs.os
                0x0000000000000004                __rseq_flags

.rodata.ssse3   0x0000000000000000      0x440
 .rodata.ssse3  0x0000000000000000      0x280 /workspaces/labsisop-buildroot/output/build/glibc-2.36-81-g4f4d7a13edfd2fdc57c9d76e1fd6d017fb47550c/build/libc_pic.a(memmove-ssse3.os)
 .rodata.ssse3  0x0000000000000280      0x1c0 /workspaces/labsisop-buildroot/output/build/glibc-2.36-81-g4f4d7a13edfd2fdc57c9d76e1fd6d017fb47550c/build/libc_pic.a(memmove-ssse3-rep.os)

.rodata.sse4.2  0x0000000000000000      0x104
 .rodata.sse4.2
                0x0000000000000000      0x104 /workspaces/labsisop-buildroot/output/build/glibc-2.36-81-g4f4d7a13edfd2fdc57c9d76e1fd6d017fb47550c/build/libc_pic.a(memcmp-sse4.os)

.rodata1
 *(.rodata1)

.eh_frame_hdr
 *(.eh_frame_hdr)

.eh_frame       0x0000000000000000     0x58f0
 *(.eh_frame)
 .eh_frame      0x0000000000000000     0x2f04 /workspaces/labsisop-buildroot/output/build/glibc-2.36-81-g4f4d7a13edfd2fdc57c9d76e1fd6d017fb47550c/build/elf/dl-allobjs.os
 .eh_frame      0x0000000000002f04       0x68 /workspaces/labsisop-buildroot/output/build/glibc-2.36-81-g4f4d7a13edfd2fdc57c9d76e1fd6d017fb47550c/build/libc_pic.a(check_fds.os)
                                         0x7c (size before relaxing)
 .eh_frame      0x0000000000002f6c       0xe0 /workspaces/labsisop-buildroot/output/build/glibc-2.36-81-g4f4d7a13edfd2fdc57c9d76e1fd6d017fb47550c/build/libc_pic.a(divdi3.os)
 .eh_frame      0x000000000000304c       0x2c /workspaces/labsisop-buildroot/output/build/glibc-2.36-81-g4f4d7a13edfd2fdc57c9d76e1fd6d017fb47550c/build/libc_pic.a(setjmp.os)
 .eh_frame      0x0000000000003078       0x44 /workspaces/labsisop-buildroot/output/build/glibc-2.36-81-g4f4d7a13edfd2fdc57c9d76e1fd6d017fb47550c/build/libc_pic.a(__longjmp.os)
 .eh_frame      0x00000000000030bc       0x44 /workspaces/labsisop-buildroot/output/build/glibc-2.36-81-g4f4d7a13edfd2fdc57c9d76e1fd6d017fb47550c/build/libc_pic.a(bsearch.os)
 .eh_frame      0x0000000000003100       0xc8 /workspaces/labsisop-buildroot/output/build/glibc-2.36-81-g4f4d7a13edfd2fdc57c9d76e1fd6d017fb47550c/build/libc_pic.a(lowlevellock.os)
                                         0xdc (size before relaxing)
 .eh_frame      0x00000000000031c8       0x44 /workspaces/labsisop-buildroot/output/build/glibc-2.36-81-g4f4d7a13edfd2fdc57c9d76e1fd6d017fb47550c/build/libc_pic.a(scratch_buffer_set_array_size.os)
                                         0x58 (size before relaxing)
 .eh_frame      0x000000000000320c       0x2c /workspaces/labsisop-buildroot/output/build/glibc-2.36-81-g4f4d7a13edfd2fdc57c9d76e1fd6d017fb47550c/build/libc_pic.a(memchr.os)
                                         0x40 (size before relaxing)
 .eh_frame      0x0000000000003238       0x2c /workspaces/labsisop-buildroot/output/build/glibc-2.36-81-g4f4d7a13edfd2fdc57c9d76e1fd6d017fb47550c/build/libc_pic.a(memcmp.os)
                                         0x40 (size before relaxing)
 .eh_frame      0x0000000000003264       0x3c /workspaces/labsisop-buildroot/output/build/glibc-2.36-81-g4f4d7a13edfd2fdc57c9d76e1fd6d017fb47550c/build/libc_pic.a(memmove.os)
                                         0x50 (size before relaxing)
 .eh_frame      0x00000000000032a0       0x2c /workspaces/labsisop-buildroot/output/build/glibc-2.36-81-g4f4d7a13edfd2fdc57c9d76e1fd6d017fb47550c/build/libc_pic.a(rawmemchr.os)
                                         0x40 (size before relaxing)
 .eh_frame      0x00000000000032cc       0x2c /workspaces/labsisop-buildroot/output/build/glibc-2.36-81-g4f4d7a13edfd2fdc57c9d76e1fd6d017fb47550c/build/libc_pic.a(stpcpy.os)
                                         0x40 (size before relaxing)
 .eh_frame      0x00000000000032f8       0x2c /workspaces/labsisop-buildroot/output/build/glibc-2.36-81-g4f4d7a13edfd2fdc57c9d76e1fd6d017fb47550c/build/libc_pic.a(strchr.os)
                                         0x40 (size before relaxing)
 .eh_frame      0x0000000000003324       0x2c /workspaces/labsisop-buildroot/output/build/glibc-2.36-81-g4f4d7a13edfd2fdc57c9d76e1fd6d017fb47550c/build/libc_pic.a(strcmp.os)
                                         0x40 (size before relaxing)
 .eh_frame      0x0000000000003350       0x2c /workspaces/labsisop-buildroot/output/build/glibc-2.36-81-g4f4d7a13edfd2fdc57c9d76e1fd6d017fb47550c/build/libc_pic.a(strcpy.os)
                                         0x40 (size before relaxing)
 .eh_frame      0x000000000000337c       0x2c /workspaces/labsisop-buildroot/output/build/glibc-2.36-81-g4f4d7a13edfd2fdc57c9d76e1fd6d017fb47550c/build/libc_pic.a(strcspn.os)
                                         0x40 (size before relaxing)
 .eh_frame      0x00000000000033a8       0x44 /workspaces/labsisop-buildroot/output/build/glibc-2.36-81-g4f4d7a13edfd2fdc57c9d76e1fd6d017fb47550c/build/libc_pic.a(strdup.os)
                                         0x58 (size before relaxing)
 .eh_frame      0x00000000000033ec       0x2c /workspaces/labsisop-buildroot/output/build/glibc-2.36-81-g4f4d7a13edfd2fdc57c9d76e1fd6d017fb47550c/build/libc_pic.a(strerrorname_np.os)
 .eh_frame      0x0000000000003418       0x2c /workspaces/labsisop-buildroot/output/build/glibc-2.36-81-g4f4d7a13edfd2fdc57c9d76e1fd6d017fb47550c/build/libc_pic.a(strlen.os)
                                         0x40 (size before relaxing)
 .eh_frame      0x0000000000003444       0x2c /workspaces/labsisop-buildroot/output/build/glibc-2.36-81-g4f4d7a13edfd2fdc57c9d76e1fd6d017fb47550c/build/libc_pic.a(strncmp.os)
                                         0x40 (size before relaxing)
 .eh_frame      0x0000000000003470       0x2c /workspaces/labsisop-buildroot/output/build/glibc-2.36-81-g4f4d7a13edfd2fdc57c9d76e1fd6d017fb47550c/build/libc_pic.a(strnlen.os)
                                         0x40 (size before relaxing)
 .eh_frame      0x000000000000349c      0x2d8 /workspaces/labsisop-buildroot/output/build/glibc-2.36-81-g4f4d7a13edfd2fdc57c9d76e1fd6d017fb47550c/build/libc_pic.a(memmove-ssse3.os)
 .eh_frame      0x0000000000003774      0x1a4 /workspaces/labsisop-buildroot/output/build/glibc-2.36-81-g4f4d7a13edfd2fdc57c9d76e1fd6d017fb47550c/build/libc_pic.a(memmove-ssse3-rep.os)
 .eh_frame      0x0000000000003918       0x48 /workspaces/labsisop-buildroot/output/build/glibc-2.36-81-g4f4d7a13edfd2fdc57c9d76e1fd6d017fb47550c/build/libc_pic.a(strcmp-ssse3.os)
 .eh_frame      0x0000000000003960       0x40 /workspaces/labsisop-buildroot/output/build/glibc-2.36-81-g4f4d7a13edfd2fdc57c9d76e1fd6d017fb47550c/build/libc_pic.a(strcmp-sse4.os)
 .eh_frame      0x00000000000039a0       0x48 /workspaces/labsisop-buildroot/output/build/glibc-2.36-81-g4f4d7a13edfd2fdc57c9d76e1fd6d017fb47550c/build/libc_pic.a(strncmp-c.os)
 .eh_frame      0x00000000000039e8       0xc4 /workspaces/labsisop-buildroot/output/build/glibc-2.36-81-g4f4d7a13edfd2fdc57c9d76e1fd6d017fb47550c/build/libc_pic.a(strncmp-ssse3.os)
 .eh_frame      0x0000000000003aac       0x64 /workspaces/labsisop-buildroot/output/build/glibc-2.36-81-g4f4d7a13edfd2fdc57c9d76e1fd6d017fb47550c/build/libc_pic.a(strncmp-sse4.os)
 .eh_frame      0x0000000000003b10      0x27c /workspaces/labsisop-buildroot/output/build/glibc-2.36-81-g4f4d7a13edfd2fdc57c9d76e1fd6d017fb47550c/build/libc_pic.a(memcmp-ssse3.os)
 .eh_frame      0x0000000000003d8c       0xf8 /workspaces/labsisop-buildroot/output/build/glibc-2.36-81-g4f4d7a13edfd2fdc57c9d76e1fd6d017fb47550c/build/libc_pic.a(memcmp-sse4.os)
 .eh_frame      0x0000000000003e84       0x2c /workspaces/labsisop-buildroot/output/build/glibc-2.36-81-g4f4d7a13edfd2fdc57c9d76e1fd6d017fb47550c/build/libc_pic.a(strlen-sse2.os)
 .eh_frame      0x0000000000003eb0       0x60 /workspaces/labsisop-buildroot/output/build/glibc-2.36-81-g4f4d7a13edfd2fdc57c9d76e1fd6d017fb47550c/build/libc_pic.a(strlen-sse2-bsf.os)
 .eh_frame      0x0000000000003f10       0xd0 /workspaces/labsisop-buildroot/output/build/glibc-2.36-81-g4f4d7a13edfd2fdc57c9d76e1fd6d017fb47550c/build/libc_pic.a(strcpy-ssse3.os)
 .eh_frame      0x0000000000003fe0       0xd0 /workspaces/labsisop-buildroot/output/build/glibc-2.36-81-g4f4d7a13edfd2fdc57c9d76e1fd6d017fb47550c/build/libc_pic.a(stpcpy-ssse3.os)
 .eh_frame      0x00000000000040b0       0xd0 /workspaces/labsisop-buildroot/output/build/glibc-2.36-81-g4f4d7a13edfd2fdc57c9d76e1fd6d017fb47550c/build/libc_pic.a(strcpy-sse2.os)
 .eh_frame      0x0000000000004180       0xd0 /workspaces/labsisop-buildroot/output/build/glibc-2.36-81-g4f4d7a13edfd2fdc57c9d76e1fd6d017fb47550c/build/libc_pic.a(stpcpy-sse2.os)
 .eh_frame      0x0000000000004250       0xf4 /workspaces/labsisop-buildroot/output/build/glibc-2.36-81-g4f4d7a13edfd2fdc57c9d76e1fd6d017fb47550c/build/libc_pic.a(strchr-sse2.os)
 .eh_frame      0x0000000000004344       0x4c /workspaces/labsisop-buildroot/output/build/glibc-2.36-81-g4f4d7a13edfd2fdc57c9d76e1fd6d017fb47550c/build/libc_pic.a(strchr-sse2-bsf.os)
 .eh_frame      0x0000000000004390      0x164 /workspaces/labsisop-buildroot/output/build/glibc-2.36-81-g4f4d7a13edfd2fdc57c9d76e1fd6d017fb47550c/build/libc_pic.a(memchr-sse2.os)
 .eh_frame      0x00000000000044f4       0xb0 /workspaces/labsisop-buildroot/output/build/glibc-2.36-81-g4f4d7a13edfd2fdc57c9d76e1fd6d017fb47550c/build/libc_pic.a(memchr-sse2-bsf.os)
 .eh_frame      0x00000000000045a4       0x2c /workspaces/labsisop-buildroot/output/build/glibc-2.36-81-g4f4d7a13edfd2fdc57c9d76e1fd6d017fb47550c/build/libc_pic.a(rawmemchr-sse2.os)
 .eh_frame      0x00000000000045d0       0x2c /workspaces/labsisop-buildroot/output/build/glibc-2.36-81-g4f4d7a13edfd2fdc57c9d76e1fd6d017fb47550c/build/libc_pic.a(rawmemchr-sse2-bsf.os)
 .eh_frame      0x00000000000045fc      0x174 /workspaces/labsisop-buildroot/output/build/glibc-2.36-81-g4f4d7a13edfd2fdc57c9d76e1fd6d017fb47550c/build/libc_pic.a(strnlen-sse2.os)
 .eh_frame      0x0000000000004770       0x40 /workspaces/labsisop-buildroot/output/build/glibc-2.36-81-g4f4d7a13edfd2fdc57c9d76e1fd6d017fb47550c/build/libc_pic.a(strnlen-c.os)
 .eh_frame      0x00000000000047b0       0xb0 /workspaces/labsisop-buildroot/output/build/glibc-2.36-81-g4f4d7a13edfd2fdc57c9d76e1fd6d017fb47550c/build/libc_pic.a(memmove-sse2-unaligned.os)
 .eh_frame      0x0000000000004860       0x64 /workspaces/labsisop-buildroot/output/build/glibc-2.36-81-g4f4d7a13edfd2fdc57c9d76e1fd6d017fb47550c/build/libc_pic.a(strcspn-c.os)
                                         0x78 (size before relaxing)
 .eh_frame      0x00000000000048c4       0x34 /workspaces/labsisop-buildroot/output/build/glibc-2.36-81-g4f4d7a13edfd2fdc57c9d76e1fd6d017fb47550c/build/libc_pic.a(rawmemchr-ia32.os)
 .eh_frame      0x00000000000048f8       0x40 /workspaces/labsisop-buildroot/output/build/glibc-2.36-81-g4f4d7a13edfd2fdc57c9d76e1fd6d017fb47550c/build/libc_pic.a(memchr-ia32.os)
 .eh_frame      0x0000000000004938       0x90 /workspaces/labsisop-buildroot/output/build/glibc-2.36-81-g4f4d7a13edfd2fdc57c9d76e1fd6d017fb47550c/build/libc_pic.a(memcmp-ia32.os)
 .eh_frame      0x00000000000049c8       0x40 /workspaces/labsisop-buildroot/output/build/glibc-2.36-81-g4f4d7a13edfd2fdc57c9d76e1fd6d017fb47550c/build/libc_pic.a(memcpy-ia32.os)
 .eh_frame      0x0000000000004a08       0x5c /workspaces/labsisop-buildroot/output/build/glibc-2.36-81-g4f4d7a13edfd2fdc57c9d76e1fd6d017fb47550c/build/libc_pic.a(memmove-ia32.os)
 .eh_frame      0x0000000000004a64       0x48 /workspaces/labsisop-buildroot/output/build/glibc-2.36-81-g4f4d7a13edfd2fdc57c9d76e1fd6d017fb47550c/build/libc_pic.a(memset-ia32.os)
 .eh_frame      0x0000000000004aac       0x68 /workspaces/labsisop-buildroot/output/build/glibc-2.36-81-g4f4d7a13edfd2fdc57c9d76e1fd6d017fb47550c/build/libc_pic.a(strchr-ia32.os)
 .eh_frame      0x0000000000004b14       0x48 /workspaces/labsisop-buildroot/output/build/glibc-2.36-81-g4f4d7a13edfd2fdc57c9d76e1fd6d017fb47550c/build/libc_pic.a(strcpy-ia32.os)
 .eh_frame      0x0000000000004b5c       0x2c /workspaces/labsisop-buildroot/output/build/glibc-2.36-81-g4f4d7a13edfd2fdc57c9d76e1fd6d017fb47550c/build/libc_pic.a(strcmp-ia32.os)
 .eh_frame      0x0000000000004b88      0x110 /workspaces/labsisop-buildroot/output/build/glibc-2.36-81-g4f4d7a13edfd2fdc57c9d76e1fd6d017fb47550c/build/libc_pic.a(strcspn-ia32.os)
 .eh_frame      0x0000000000004c98       0x2c /workspaces/labsisop-buildroot/output/build/glibc-2.36-81-g4f4d7a13edfd2fdc57c9d76e1fd6d017fb47550c/build/libc_pic.a(strlen-ia32.os)
 .eh_frame      0x0000000000004cc4       0x48 /workspaces/labsisop-buildroot/output/build/glibc-2.36-81-g4f4d7a13edfd2fdc57c9d76e1fd6d017fb47550c/build/libc_pic.a(stpcpy-ia32.os)
 .eh_frame      0x0000000000004d0c       0x5c /workspaces/labsisop-buildroot/output/build/glibc-2.36-81-g4f4d7a13edfd2fdc57c9d76e1fd6d017fb47550c/build/libc_pic.a(cacheinfo.os)
                                         0x70 (size before relaxing)
 .eh_frame      0x0000000000004d68       0x4c /workspaces/labsisop-buildroot/output/build/glibc-2.36-81-g4f4d7a13edfd2fdc57c9d76e1fd6d017fb47550c/build/libc_pic.a(closedir.os)
                                         0x60 (size before relaxing)
 .eh_frame      0x0000000000004db4       0x4c /workspaces/labsisop-buildroot/output/build/glibc-2.36-81-g4f4d7a13edfd2fdc57c9d76e1fd6d017fb47550c/build/libc_pic.a(rewinddir.os)
 .eh_frame      0x0000000000004e00       0x70 /workspaces/labsisop-buildroot/output/build/glibc-2.36-81-g4f4d7a13edfd2fdc57c9d76e1fd6d017fb47550c/build/libc_pic.a(readdir64.os)
                                         0x84 (size before relaxing)
 .eh_frame      0x0000000000004e70       0x48 /workspaces/labsisop-buildroot/output/build/glibc-2.36-81-g4f4d7a13edfd2fdc57c9d76e1fd6d017fb47550c/build/libc_pic.a(fdopendir.os)
                                         0x5c (size before relaxing)
 .eh_frame      0x0000000000004eb8       0x2c /workspaces/labsisop-buildroot/output/build/glibc-2.36-81-g4f4d7a13edfd2fdc57c9d76e1fd6d017fb47550c/build/libc_pic.a(uname.os)
 .eh_frame      0x0000000000004ee4       0x34 /workspaces/labsisop-buildroot/output/build/glibc-2.36-81-g4f4d7a13edfd2fdc57c9d76e1fd6d017fb47550c/build/libc_pic.a(_exit.os)
                                         0x48 (size before relaxing)
 .eh_frame      0x0000000000004f18       0x2c /workspaces/labsisop-buildroot/output/build/glibc-2.36-81-g4f4d7a13edfd2fdc57c9d76e1fd6d017fb47550c/build/libc_pic.a(getpid.os)
 .eh_frame      0x0000000000004f44       0x5c /workspaces/labsisop-buildroot/output/build/glibc-2.36-81-g4f4d7a13edfd2fdc57c9d76e1fd6d017fb47550c/build/libc_pic.a(stat64.os)
 .eh_frame      0x0000000000004fa0       0x5c /workspaces/labsisop-buildroot/output/build/glibc-2.36-81-g4f4d7a13edfd2fdc57c9d76e1fd6d017fb47550c/build/libc_pic.a(fstat64.os)
                                         0x70 (size before relaxing)
 .eh_frame      0x0000000000004ffc       0x5c /workspaces/labsisop-buildroot/output/build/glibc-2.36-81-g4f4d7a13edfd2fdc57c9d76e1fd6d017fb47550c/build/libc_pic.a(lstat64.os)
 .eh_frame      0x0000000000005058       0x6c /workspaces/labsisop-buildroot/output/build/glibc-2.36-81-g4f4d7a13edfd2fdc57c9d76e1fd6d017fb47550c/build/libc_pic.a(fstatat64.os)
                                         0x80 (size before relaxing)
 .eh_frame      0x00000000000050c4       0x48 /workspaces/labsisop-buildroot/output/build/glibc-2.36-81-g4f4d7a13edfd2fdc57c9d76e1fd6d017fb47550c/build/libc_pic.a(openat64.os)
                                         0x5c (size before relaxing)
 .eh_frame      0x000000000000510c       0x48 /workspaces/labsisop-buildroot/output/build/glibc-2.36-81-g4f4d7a13edfd2fdc57c9d76e1fd6d017fb47550c/build/libc_pic.a(lseek.os)
                                         0x5c (size before relaxing)
 .eh_frame      0x0000000000005154       0x3c /workspaces/labsisop-buildroot/output/build/glibc-2.36-81-g4f4d7a13edfd2fdc57c9d76e1fd6d017fb47550c/build/libc_pic.a(access.os)
                                         0x50 (size before relaxing)
 .eh_frame      0x0000000000005190       0x3c /workspaces/labsisop-buildroot/output/build/glibc-2.36-81-g4f4d7a13edfd2fdc57c9d76e1fd6d017fb47550c/build/libc_pic.a(close_nocancel.os)
                                         0x50 (size before relaxing)
 .eh_frame      0x00000000000051cc       0x64 /workspaces/labsisop-buildroot/output/build/glibc-2.36-81-g4f4d7a13edfd2fdc57c9d76e1fd6d017fb47550c/build/libc_pic.a(fcntl_nocancel.os)
                                         0x78 (size before relaxing)
 .eh_frame      0x0000000000005230       0x48 /workspaces/labsisop-buildroot/output/build/glibc-2.36-81-g4f4d7a13edfd2fdc57c9d76e1fd6d017fb47550c/build/libc_pic.a(open_nocancel.os)
                                         0x5c (size before relaxing)
 .eh_frame      0x0000000000005278       0x48 /workspaces/labsisop-buildroot/output/build/glibc-2.36-81-g4f4d7a13edfd2fdc57c9d76e1fd6d017fb47550c/build/libc_pic.a(open64_nocancel.os)
                                         0x5c (size before relaxing)
 .eh_frame      0x00000000000052c0       0x40 /workspaces/labsisop-buildroot/output/build/glibc-2.36-81-g4f4d7a13edfd2fdc57c9d76e1fd6d017fb47550c/build/libc_pic.a(read_nocancel.os)
                                         0x54 (size before relaxing)
 .eh_frame      0x0000000000005300       0x44 /workspaces/labsisop-buildroot/output/build/glibc-2.36-81-g4f4d7a13edfd2fdc57c9d76e1fd6d017fb47550c/build/libc_pic.a(pread64_nocancel.os)
                                         0x58 (size before relaxing)
 .eh_frame      0x0000000000005344       0x40 /workspaces/labsisop-buildroot/output/build/glibc-2.36-81-g4f4d7a13edfd2fdc57c9d76e1fd6d017fb47550c/build/libc_pic.a(write_nocancel.os)
                                         0x54 (size before relaxing)
 .eh_frame      0x0000000000005384       0x44 /workspaces/labsisop-buildroot/output/build/glibc-2.36-81-g4f4d7a13edfd2fdc57c9d76e1fd6d017fb47550c/build/libc_pic.a(stat_t64_cp.os)
                                         0x58 (size before relaxing)
 .eh_frame      0x00000000000053c8       0x44 /workspaces/labsisop-buildroot/output/build/glibc-2.36-81-g4f4d7a13edfd2fdc57c9d76e1fd6d017fb47550c/build/libc_pic.a(mmap.os)
                                         0x58 (size before relaxing)
 .eh_frame      0x000000000000540c       0x2c /workspaces/labsisop-buildroot/output/build/glibc-2.36-81-g4f4d7a13edfd2fdc57c9d76e1fd6d017fb47550c/build/libc_pic.a(munmap.os)
 .eh_frame      0x0000000000005438       0x34 /workspaces/labsisop-buildroot/output/build/glibc-2.36-81-g4f4d7a13edfd2fdc57c9d76e1fd6d017fb47550c/build/libc_pic.a(mprotect.os)
 .eh_frame      0x000000000000546c       0x84 /workspaces/labsisop-buildroot/output/build/glibc-2.36-81-g4f4d7a13edfd2fdc57c9d76e1fd6d017fb47550c/build/libc_pic.a(makedev.os)
 .eh_frame      0x00000000000054f0       0x70 /workspaces/labsisop-buildroot/output/build/glibc-2.36-81-g4f4d7a13edfd2fdc57c9d76e1fd6d017fb47550c/build/libc_pic.a(atomic_wide_counter.os)
 .eh_frame      0x0000000000005560       0x78 /workspaces/labsisop-buildroot/output/build/glibc-2.36-81-g4f4d7a13edfd2fdc57c9d76e1fd6d017fb47550c/build/libc_pic.a(profil.os)
                                         0xa0 (size before relaxing)
 .eh_frame      0x00000000000055d8       0x2c /workspaces/labsisop-buildroot/output/build/glibc-2.36-81-g4f4d7a13edfd2fdc57c9d76e1fd6d017fb47550c/build/libc_pic.a(prof-freq.os)
                                         0x40 (size before relaxing)
 .eh_frame      0x0000000000005604       0x40 /workspaces/labsisop-buildroot/output/build/glibc-2.36-81-g4f4d7a13edfd2fdc57c9d76e1fd6d017fb47550c/build/libc_pic.a(dl-addr-obj.os)
 .eh_frame      0x0000000000005644       0x2c /workspaces/labsisop-buildroot/output/build/glibc-2.36-81-g4f4d7a13edfd2fdc57c9d76e1fd6d017fb47550c/build/libc_pic.a(sysdep.os)
                                         0x40 (size before relaxing)
 .eh_frame      0x0000000000005670       0x4c /workspaces/labsisop-buildroot/output/build/glibc-2.36-81-g4f4d7a13edfd2fdc57c9d76e1fd6d017fb47550c/build/libc_pic.a(sigaction.os)
                                         0x60 (size before relaxing)
 .eh_frame      0x00000000000056bc       0x48 /workspaces/labsisop-buildroot/output/build/glibc-2.36-81-g4f4d7a13edfd2fdc57c9d76e1fd6d017fb47550c/build/libc_pic.a(libc_sigaction.os)
                                         0x5c (size before relaxing)
 .eh_frame      0x0000000000005704       0x3c /workspaces/labsisop-buildroot/output/build/glibc-2.36-81-g4f4d7a13edfd2fdc57c9d76e1fd6d017fb47550c/build/libc_pic.a(errname.os)
                                         0x50 (size before relaxing)
 .eh_frame      0x0000000000005740       0x6c /workspaces/labsisop-buildroot/output/build/glibc-2.36-81-g4f4d7a13edfd2fdc57c9d76e1fd6d017fb47550c/build/libc_pic.a(setitimer.os)
                                         0x80 (size before relaxing)
 .eh_frame      0x00000000000057ac       0x70 /workspaces/labsisop-buildroot/output/build/glibc-2.36-81-g4f4d7a13edfd2fdc57c9d76e1fd6d017fb47550c/build/libc_pic.a(getdents64.os)
                                         0x98 (size before relaxing)
 .eh_frame      0x000000000000581c       0x48 /workspaces/labsisop-buildroot/output/build/glibc-2.36-81-g4f4d7a13edfd2fdc57c9d76e1fd6d017fb47550c/build/libc_pic.a(lseek64.os)
                                         0x5c (size before relaxing)
 .eh_frame      0x0000000000005864       0x44 /workspaces/labsisop-buildroot/output/build/glibc-2.36-81-g4f4d7a13edfd2fdc57c9d76e1fd6d017fb47550c/build/libc_pic.a(libc-do-syscall.os)
 .eh_frame      0x00000000000058a8       0x48 /workspaces/labsisop-buildroot/output/host/lib/gcc/i686-buildroot-linux-gnu/11.3.0/libgcc.a(_udivmoddi4.o)

.gcc_except_table
 *(.gcc_except_table)

.gnu_extab
 *(.gnu_extab*)

.exception_ranges
 *(.exception_ranges)

.eh_frame
 *(.eh_frame)

.gnu_extab
 *(.gnu_extab)

.gcc_except_table
 *(.gcc_except_table)

.exception_ranges
 *(.exception_ranges)

.tdata
 *(.tdata)

.tbss           0x0000000000000000        0x4
 *(.tbss)
 .tbss          0x0000000000000000        0x4 /workspaces/labsisop-buildroot/output/build/glibc-2.36-81-g4f4d7a13edfd2fdc57c9d76e1fd6d017fb47550c/build/libc_pic.a(errno.os)
                0x0000000000000000                errno
                0x0000000000000000                __libc_errno

.jcr
 *(.jcr)

.dynamic
 *(.dynamic)

.got
 *(.got)

.got.plt
 *(.got.plt)

.data           0x0000000000000000      0x950
 *(.data)
 .data          0x0000000000000000        0x0 /workspaces/labsisop-buildroot/output/build/glibc-2.36-81-g4f4d7a13edfd2fdc57c9d76e1fd6d017fb47550c/build/elf/librtld.mapT.o
 .data          0x0000000000000000      0x938 /workspaces/labsisop-buildroot/output/build/glibc-2.36-81-g4f4d7a13edfd2fdc57c9d76e1fd6d017fb47550c/build/elf/dl-allobjs.os
                0x0000000000000000                _rtld_global
                0x0000000000000000                _rtld_local
 .data          0x0000000000000938        0x0 /workspaces/labsisop-buildroot/output/build/glibc-2.36-81-g4f4d7a13edfd2fdc57c9d76e1fd6d017fb47550c/build/libc_pic.a(check_fds.os)
 .data          0x0000000000000938        0x0 /workspaces/labsisop-buildroot/output/build/glibc-2.36-81-g4f4d7a13edfd2fdc57c9d76e1fd6d017fb47550c/build/libc_pic.a(errno.os)
 .data          0x0000000000000938        0x0 /workspaces/labsisop-buildroot/output/build/glibc-2.36-81-g4f4d7a13edfd2fdc57c9d76e1fd6d017fb47550c/build/libc_pic.a(divdi3.os)
 .data          0x0000000000000938        0x0 /workspaces/labsisop-buildroot/output/build/glibc-2.36-81-g4f4d7a13edfd2fdc57c9d76e1fd6d017fb47550c/build/libc_pic.a(setjmp.os)
 .data          0x0000000000000938        0x0 /workspaces/labsisop-buildroot/output/build/glibc-2.36-81-g4f4d7a13edfd2fdc57c9d76e1fd6d017fb47550c/build/libc_pic.a(__longjmp.os)
 .data          0x0000000000000938        0x0 /workspaces/labsisop-buildroot/output/build/glibc-2.36-81-g4f4d7a13edfd2fdc57c9d76e1fd6d017fb47550c/build/libc_pic.a(bsearch.os)
 .data          0x0000000000000938        0x0 /workspaces/labsisop-buildroot/output/build/glibc-2.36-81-g4f4d7a13edfd2fdc57c9d76e1fd6d017fb47550c/build/libc_pic.a(lowlevellock.os)
 .data          0x0000000000000938        0x0 /workspaces/labsisop-buildroot/output/build/glibc-2.36-81-g4f4d7a13edfd2fdc57c9d76e1fd6d017fb47550c/build/libc_pic.a(scratch_buffer_set_array_size.os)
 .data          0x0000000000000938        0x0 /workspaces/labsisop-buildroot/output/build/glibc-2.36-81-g4f4d7a13edfd2fdc57c9d76e1fd6d017fb47550c/build/libc_pic.a(memchr.os)
 .data          0x0000000000000938        0x0 /workspaces/labsisop-buildroot/output/build/glibc-2.36-81-g4f4d7a13edfd2fdc57c9d76e1fd6d017fb47550c/build/libc_pic.a(memcmp.os)
 .data          0x0000000000000938        0x0 /workspaces/labsisop-buildroot/output/build/glibc-2.36-81-g4f4d7a13edfd2fdc57c9d76e1fd6d017fb47550c/build/libc_pic.a(memmove.os)
 .data          0x0000000000000938        0x0 /workspaces/labsisop-buildroot/output/build/glibc-2.36-81-g4f4d7a13edfd2fdc57c9d76e1fd6d017fb47550c/build/libc_pic.a(rawmemchr.os)
 .data          0x0000000000000938        0x0 /workspaces/labsisop-buildroot/output/build/glibc-2.36-81-g4f4d7a13edfd2fdc57c9d76e1fd6d017fb47550c/build/libc_pic.a(stpcpy.os)
 .data          0x0000000000000938        0x0 /workspaces/labsisop-buildroot/output/build/glibc-2.36-81-g4f4d7a13edfd2fdc57c9d76e1fd6d017fb47550c/build/libc_pic.a(strchr.os)
 .data          0x0000000000000938        0x0 /workspaces/labsisop-buildroot/output/build/glibc-2.36-81-g4f4d7a13edfd2fdc57c9d76e1fd6d017fb47550c/build/libc_pic.a(strcmp.os)
 .data          0x0000000000000938        0x0 /workspaces/labsisop-buildroot/output/build/glibc-2.36-81-g4f4d7a13edfd2fdc57c9d76e1fd6d017fb47550c/build/libc_pic.a(strcpy.os)
 .data          0x0000000000000938        0x0 /workspaces/labsisop-buildroot/output/build/glibc-2.36-81-g4f4d7a13edfd2fdc57c9d76e1fd6d017fb47550c/build/libc_pic.a(strcspn.os)
 .data          0x0000000000000938        0x0 /workspaces/labsisop-buildroot/output/build/glibc-2.36-81-g4f4d7a13edfd2fdc57c9d76e1fd6d017fb47550c/build/libc_pic.a(strdup.os)
 .data          0x0000000000000938        0x0 /workspaces/labsisop-buildroot/output/build/glibc-2.36-81-g4f4d7a13edfd2fdc57c9d76e1fd6d017fb47550c/build/libc_pic.a(strerrorname_np.os)
 .data          0x0000000000000938        0x0 /workspaces/labsisop-buildroot/output/build/glibc-2.36-81-g4f4d7a13edfd2fdc57c9d76e1fd6d017fb47550c/build/libc_pic.a(strlen.os)
 .data          0x0000000000000938        0x0 /workspaces/labsisop-buildroot/output/build/glibc-2.36-81-g4f4d7a13edfd2fdc57c9d76e1fd6d017fb47550c/build/libc_pic.a(strncmp.os)
 .data          0x0000000000000938        0x0 /workspaces/labsisop-buildroot/output/build/glibc-2.36-81-g4f4d7a13edfd2fdc57c9d76e1fd6d017fb47550c/build/libc_pic.a(strnlen.os)
 .data          0x0000000000000938        0x0 /workspaces/labsisop-buildroot/output/build/glibc-2.36-81-g4f4d7a13edfd2fdc57c9d76e1fd6d017fb47550c/build/libc_pic.a(memmove-ssse3.os)
 .data          0x0000000000000938        0x0 /workspaces/labsisop-buildroot/output/build/glibc-2.36-81-g4f4d7a13edfd2fdc57c9d76e1fd6d017fb47550c/build/libc_pic.a(memmove-ssse3-rep.os)
 .data          0x0000000000000938        0x0 /workspaces/labsisop-buildroot/output/build/glibc-2.36-81-g4f4d7a13edfd2fdc57c9d76e1fd6d017fb47550c/build/libc_pic.a(strcmp-ssse3.os)
 .data          0x0000000000000938        0x0 /workspaces/labsisop-buildroot/output/build/glibc-2.36-81-g4f4d7a13edfd2fdc57c9d76e1fd6d017fb47550c/build/libc_pic.a(strcmp-sse4.os)
 .data          0x0000000000000938        0x0 /workspaces/labsisop-buildroot/output/build/glibc-2.36-81-g4f4d7a13edfd2fdc57c9d76e1fd6d017fb47550c/build/libc_pic.a(strncmp-c.os)
 .data          0x0000000000000938        0x0 /workspaces/labsisop-buildroot/output/build/glibc-2.36-81-g4f4d7a13edfd2fdc57c9d76e1fd6d017fb47550c/build/libc_pic.a(strncmp-ssse3.os)
 .data          0x0000000000000938        0x0 /workspaces/labsisop-buildroot/output/build/glibc-2.36-81-g4f4d7a13edfd2fdc57c9d76e1fd6d017fb47550c/build/libc_pic.a(strncmp-sse4.os)
 .data          0x0000000000000938        0x0 /workspaces/labsisop-buildroot/output/build/glibc-2.36-81-g4f4d7a13edfd2fdc57c9d76e1fd6d017fb47550c/build/libc_pic.a(memcmp-ssse3.os)
 .data          0x0000000000000938        0x0 /workspaces/labsisop-buildroot/output/build/glibc-2.36-81-g4f4d7a13edfd2fdc57c9d76e1fd6d017fb47550c/build/libc_pic.a(memcmp-sse4.os)
 .data          0x0000000000000938        0x0 /workspaces/labsisop-buildroot/output/build/glibc-2.36-81-g4f4d7a13edfd2fdc57c9d76e1fd6d017fb47550c/build/libc_pic.a(strlen-sse2.os)
 .data          0x0000000000000938        0x0 /workspaces/labsisop-buildroot/output/build/glibc-2.36-81-g4f4d7a13edfd2fdc57c9d76e1fd6d017fb47550c/build/libc_pic.a(strlen-sse2-bsf.os)
 .data          0x0000000000000938        0x0 /workspaces/labsisop-buildroot/output/build/glibc-2.36-81-g4f4d7a13edfd2fdc57c9d76e1fd6d017fb47550c/build/libc_pic.a(strcpy-ssse3.os)
 .data          0x0000000000000938        0x0 /workspaces/labsisop-buildroot/output/build/glibc-2.36-81-g4f4d7a13edfd2fdc57c9d76e1fd6d017fb47550c/build/libc_pic.a(stpcpy-ssse3.os)
 .data          0x0000000000000938        0x0 /workspaces/labsisop-buildroot/output/build/glibc-2.36-81-g4f4d7a13edfd2fdc57c9d76e1fd6d017fb47550c/build/libc_pic.a(strcpy-sse2.os)
 .data          0x0000000000000938        0x0 /workspaces/labsisop-buildroot/output/build/glibc-2.36-81-g4f4d7a13edfd2fdc57c9d76e1fd6d017fb47550c/build/libc_pic.a(stpcpy-sse2.os)
 .data          0x0000000000000938        0x0 /workspaces/labsisop-buildroot/output/build/glibc-2.36-81-g4f4d7a13edfd2fdc57c9d76e1fd6d017fb47550c/build/libc_pic.a(strchr-sse2.os)
 .data          0x0000000000000938        0x0 /workspaces/labsisop-buildroot/output/build/glibc-2.36-81-g4f4d7a13edfd2fdc57c9d76e1fd6d017fb47550c/build/libc_pic.a(strchr-sse2-bsf.os)
 .data          0x0000000000000938        0x0 /workspaces/labsisop-buildroot/output/build/glibc-2.36-81-g4f4d7a13edfd2fdc57c9d76e1fd6d017fb47550c/build/libc_pic.a(memchr-sse2.os)
 .data          0x0000000000000938        0x0 /workspaces/labsisop-buildroot/output/build/glibc-2.36-81-g4f4d7a13edfd2fdc57c9d76e1fd6d017fb47550c/build/libc_pic.a(memchr-sse2-bsf.os)
 .data          0x0000000000000938        0x0 /workspaces/labsisop-buildroot/output/build/glibc-2.36-81-g4f4d7a13edfd2fdc57c9d76e1fd6d017fb47550c/build/libc_pic.a(rawmemchr-sse2.os)
 .data          0x0000000000000938        0x0 /workspaces/labsisop-buildroot/output/build/glibc-2.36-81-g4f4d7a13edfd2fdc57c9d76e1fd6d017fb47550c/build/libc_pic.a(rawmemchr-sse2-bsf.os)
 .data          0x0000000000000938        0x0 /workspaces/labsisop-buildroot/output/build/glibc-2.36-81-g4f4d7a13edfd2fdc57c9d76e1fd6d017fb47550c/build/libc_pic.a(strnlen-sse2.os)
 .data          0x0000000000000938        0x0 /workspaces/labsisop-buildroot/output/build/glibc-2.36-81-g4f4d7a13edfd2fdc57c9d76e1fd6d017fb47550c/build/libc_pic.a(strnlen-c.os)
 .data          0x0000000000000938        0x0 /workspaces/labsisop-buildroot/output/build/glibc-2.36-81-g4f4d7a13edfd2fdc57c9d76e1fd6d017fb47550c/build/libc_pic.a(memmove-sse2-unaligned.os)
 .data          0x0000000000000938        0x0 /workspaces/labsisop-buildroot/output/build/glibc-2.36-81-g4f4d7a13edfd2fdc57c9d76e1fd6d017fb47550c/build/libc_pic.a(strcspn-c.os)
 .data          0x0000000000000938        0x0 /workspaces/labsisop-buildroot/output/build/glibc-2.36-81-g4f4d7a13edfd2fdc57c9d76e1fd6d017fb47550c/build/libc_pic.a(rawmemchr-ia32.os)
 .data          0x0000000000000938        0x0 /workspaces/labsisop-buildroot/output/build/glibc-2.36-81-g4f4d7a13edfd2fdc57c9d76e1fd6d017fb47550c/build/libc_pic.a(memchr-ia32.os)
 .data          0x0000000000000938        0x0 /workspaces/labsisop-buildroot/output/build/glibc-2.36-81-g4f4d7a13edfd2fdc57c9d76e1fd6d017fb47550c/build/libc_pic.a(memcmp-ia32.os)
 .data          0x0000000000000938        0x0 /workspaces/labsisop-buildroot/output/build/glibc-2.36-81-g4f4d7a13edfd2fdc57c9d76e1fd6d017fb47550c/build/libc_pic.a(memcpy-ia32.os)
 .data          0x0000000000000938        0x0 /workspaces/labsisop-buildroot/output/build/glibc-2.36-81-g4f4d7a13edfd2fdc57c9d76e1fd6d017fb47550c/build/libc_pic.a(memmove-ia32.os)
 .data          0x0000000000000938        0x0 /workspaces/labsisop-buildroot/output/build/glibc-2.36-81-g4f4d7a13edfd2fdc57c9d76e1fd6d017fb47550c/build/libc_pic.a(memset-ia32.os)
 .data          0x0000000000000938        0x0 /workspaces/labsisop-buildroot/output/build/glibc-2.36-81-g4f4d7a13edfd2fdc57c9d76e1fd6d017fb47550c/build/libc_pic.a(strchr-ia32.os)
 .data          0x0000000000000938        0x0 /workspaces/labsisop-buildroot/output/build/glibc-2.36-81-g4f4d7a13edfd2fdc57c9d76e1fd6d017fb47550c/build/libc_pic.a(strcpy-ia32.os)
 .data          0x0000000000000938        0x0 /workspaces/labsisop-buildroot/output/build/glibc-2.36-81-g4f4d7a13edfd2fdc57c9d76e1fd6d017fb47550c/build/libc_pic.a(strcmp-ia32.os)
 .data          0x0000000000000938        0x0 /workspaces/labsisop-buildroot/output/build/glibc-2.36-81-g4f4d7a13edfd2fdc57c9d76e1fd6d017fb47550c/build/libc_pic.a(strcspn-ia32.os)
 .data          0x0000000000000938        0x0 /workspaces/labsisop-buildroot/output/build/glibc-2.36-81-g4f4d7a13edfd2fdc57c9d76e1fd6d017fb47550c/build/libc_pic.a(strlen-ia32.os)
 .data          0x0000000000000938        0x0 /workspaces/labsisop-buildroot/output/build/glibc-2.36-81-g4f4d7a13edfd2fdc57c9d76e1fd6d017fb47550c/build/libc_pic.a(stpcpy-ia32.os)
 .data          0x0000000000000938       0x18 /workspaces/labsisop-buildroot/output/build/glibc-2.36-81-g4f4d7a13edfd2fdc57c9d76e1fd6d017fb47550c/build/libc_pic.a(cacheinfo.os)
                0x0000000000000938                __x86_rep_stosb_threshold
                0x000000000000093c                __x86_rep_movsb_threshold
                0x0000000000000940                __x86_shared_cache_size
                0x0000000000000944                __x86_shared_cache_size_half
                0x0000000000000948                __x86_data_cache_size
                0x000000000000094c                __x86_data_cache_size_half
 .data          0x0000000000000950        0x0 /workspaces/labsisop-buildroot/output/build/glibc-2.36-81-g4f4d7a13edfd2fdc57c9d76e1fd6d017fb47550c/build/libc_pic.a(closedir.os)
 .data          0x0000000000000950        0x0 /workspaces/labsisop-buildroot/output/build/glibc-2.36-81-g4f4d7a13edfd2fdc57c9d76e1fd6d017fb47550c/build/libc_pic.a(rewinddir.os)
 .data          0x0000000000000950        0x0 /workspaces/labsisop-buildroot/output/build/glibc-2.36-81-g4f4d7a13edfd2fdc57c9d76e1fd6d017fb47550c/build/libc_pic.a(readdir64.os)
 .data          0x0000000000000950        0x0 /workspaces/labsisop-buildroot/output/build/glibc-2.36-81-g4f4d7a13edfd2fdc57c9d76e1fd6d017fb47550c/build/libc_pic.a(fdopendir.os)
 .data          0x0000000000000950        0x0 /workspaces/labsisop-buildroot/output/build/glibc-2.36-81-g4f4d7a13edfd2fdc57c9d76e1fd6d017fb47550c/build/libc_pic.a(uname.os)
 .data          0x0000000000000950        0x0 /workspaces/labsisop-buildroot/output/build/glibc-2.36-81-g4f4d7a13edfd2fdc57c9d76e1fd6d017fb47550c/build/libc_pic.a(_exit.os)
 .data          0x0000000000000950        0x0 /workspaces/labsisop-buildroot/output/build/glibc-2.36-81-g4f4d7a13edfd2fdc57c9d76e1fd6d017fb47550c/build/libc_pic.a(getpid.os)
 .data          0x0000000000000950        0x0 /workspaces/labsisop-buildroot/output/build/glibc-2.36-81-g4f4d7a13edfd2fdc57c9d76e1fd6d017fb47550c/build/libc_pic.a(environ.os)
 .data          0x0000000000000950        0x0 /workspaces/labsisop-buildroot/output/build/glibc-2.36-81-g4f4d7a13edfd2fdc57c9d76e1fd6d017fb47550c/build/libc_pic.a(stat64.os)
 .data          0x0000000000000950        0x0 /workspaces/labsisop-buildroot/output/build/glibc-2.36-81-g4f4d7a13edfd2fdc57c9d76e1fd6d017fb47550c/build/libc_pic.a(fstat64.os)
 .data          0x0000000000000950        0x0 /workspaces/labsisop-buildroot/output/build/glibc-2.36-81-g4f4d7a13edfd2fdc57c9d76e1fd6d017fb47550c/build/libc_pic.a(lstat64.os)
 .data          0x0000000000000950        0x0 /workspaces/labsisop-buildroot/output/build/glibc-2.36-81-g4f4d7a13edfd2fdc57c9d76e1fd6d017fb47550c/build/libc_pic.a(fstatat64.os)